D/BatteryService(  163): update start
D/BatteryService(  163): update start
D/BatteryService(  163): update start
D/KeyguardViewMediator(  163): onWakeKeyWhenKeyguardShowing(3)
D/KeyguardViewMediator(  163): wakeWhenReadyLocked(3)
D/KeyguardViewMediator(  163): handleWakeWhenReady(3)
I/KeyInputQueue(  163): Input event
I/PowerManagerService(  163): Ulight 0->7|0
I/PowerManagerService(  163): Setting target 2: cur=0.0 target=137 delta=9.133333 nominalCurrentValue=0
I/PowerManagerService(  163): Scheduling light animator!
I/KeyInputQueue(  163): Input event
D/KeyguardViewMediator(  163): onScreenTurnedOn, seq = 10
D/KeyguardViewMediator(  163): notifyScreenOnLocked
W/WindowManager(  163): No focus window, dropping: KeyEvent{action=1 code=3 repeat=0 meta=0 scancode=102 mFlags=8}
D/KeyguardViewMediator(  163): handleNotifyScreenOn
D/LockScreen(  163): Updating Lock Screen text to Sim
V/WindowManager(  163): Screen status=true, current orientation=5, SensorEnabled=false
E/SensorManager(  163): registerListener 0:KR3DM delay:240
D/LockScreen(  163): Updating Lock Screen text to Sim
E/SensorManager(  163): =======>>>Sensor Thread RUNNING <<<========
V/WindowManager(  163): Enabling listeners
I/WindowManager(  163): force=true top=Window{4518afd0 org.mozilla.fennec_avik/org.mozilla.fennec_avik.App paused=false}
V/WindowManager(  163): finishLayoutLw::mHideKeyguard=false
I/WindowManager(  163): force=true top=Window{4518afd0 org.mozilla.fennec_avik/org.mozilla.fennec_avik.App paused=false}
V/WindowManager(  163): finishLayoutLw::mHideKeyguard=false
E/GeckoConnectivityReceiver(  509): Registering receiver failed
D/GeckoSessInfo(  509): Recording start of session: 1372336866756
I/WindowManager(  163): force=true top=Window{4518afd0 org.mozilla.fennec_avik/org.mozilla.fennec_avik.App paused=false}
V/WindowManager(  163): finishLayoutLw::mHideKeyguard=false
I/ActivityThread(  509): queueIdle
V/ActivityThread(  509): Reporting idle of ActivityRecord{45046398 token=android.os.BinderProxy@4503cca8 {org.mozilla.fennec_avik/org.mozilla.fennec_avik.App}} finished=false
W/ActivityNative(  509): send ACTIVITY_IDLE_TRANSACTION
W/ActivityNative(  163): RCV ACTIVITY_IDLE_TRANSACTION
E/FastDormancy(  241): [SCREEN_ON] New FD Time: -1
D/FastDormancy(  241): [FD] INTENT ACTION android.intent.action.SCREEN_ON
D/FastDormancy(  241): [FD] mIsScreenOn: true
V/WindowManager(  163): onOrientationChanged, rotation changed to 0
I/PowerManagerService(  163): Light Animator Finished curIntValue=137
I/KeyInputQueue(  163): Enqueueing touch event
I/WindowManager(  163): Delivering pointer toWindow{452652f0 Keyguard paused=false}
D/KeyguardViewMediator(  163): keyguardDone(true)
D/KeyguardViewMediator(  163): handleKeyguardDone
D/KeyguardViewMediator(  163): handleHide
D/KeyguardViewMediator(  163): adjustUserActivityLocked mShowing: false mHidden: false
D/PowerManagerService(  163): enableUserActivity true
I/PowerManagerService(  163): Ulight 7->3|0
I/Launcher(  247): ACTION_USER_PRESENT
V/UNA     (  620): ScreenOnReceiver : onReceive
D/UNA     (  620): [ScreenOnReceiver] ACTION_USER_PRESENT
V/UNA     (  620): [UNA setting] Connection Mode = 1
V/WindowManager(  163): Screen status=true, current orientation=-1, SensorEnabled=true
I/WindowManager(  163): force=false top=Window{4518afd0 org.mozilla.fennec_avik/org.mozilla.fennec_avik.App paused=false}
V/WindowManager(  163): finishLayoutLw::mHideKeyguard=false
I/WindowManager(  163): force=false top=Window{4518afd0 org.mozilla.fennec_avik/org.mozilla.fennec_avik.App paused=false}
V/WindowManager(  163): finishLayoutLw::mHideKeyguard=false
I/WindowManager(  163): force=false top=Window{4518afd0 org.mozilla.fennec_avik/org.mozilla.fennec_avik.App paused=false}
V/WindowManager(  163): finishLayoutLw::mHideKeyguard=false
I/WindowManager(  163): force=false top=Window{4518afd0 org.mozilla.fennec_avik/org.mozilla.fennec_avik.App paused=false}
V/WindowManager(  163): finishLayoutLw::mHideKeyguard=false
W/InputManagerService(  163): Window already focused, ignoring focus gain of: com.android.internal.view.IInputMethodClient$Stub$Proxy@451d1bf0
I/WindowManager(  163): force=false top=Window{4518afd0 org.mozilla.fennec_avik/org.mozilla.fennec_avik.App paused=false}
V/WindowManager(  163): finishLayoutLw::mHideKeyguard=false
I/WindowManager(  163): force=false top=Window{4518afd0 org.mozilla.fennec_avik/org.mozilla.fennec_avik.App paused=false}
V/WindowManager(  163): finishLayoutLw::mHideKeyguard=false
I/WindowManager(  163): force=false top=Window{4518afd0 org.mozilla.fennec_avik/org.mozilla.fennec_avik.App paused=false}
V/WindowManager(  163): finishLayoutLw::mHideKeyguard=false
I/WindowManager(  163): force=false top=Window{4518afd0 org.mozilla.fennec_avik/org.mozilla.fennec_avik.App paused=false}
V/WindowManager(  163): finishLayoutLw::mHideKeyguard=false
I/WindowManager(  163): force=false top=Window{4518afd0 org.mozilla.fennec_avik/org.mozilla.fennec_avik.App paused=false}
V/WindowManager(  163): finishLayoutLw::mHideKeyguard=false
I/WindowManager(  163): force=false top=Window{4518afd0 org.mozilla.fennec_avik/org.mozilla.fennec_avik.App paused=false}
V/WindowManager(  163): finishLayoutLw::mHideKeyguard=false
I/KeyInputQueue(  163): Enqueueing touch event
I/WindowManager(  163): force=false top=Window{4518afd0 org.mozilla.fennec_avik/org.mozilla.fennec_avik.App paused=false}
V/WindowManager(  163): finishLayoutLw::mHideKeyguard=false
I/WindowManager(  163): force=false top=Window{4518afd0 org.mozilla.fennec_avik/org.mozilla.fennec_avik.App paused=false}
V/WindowManager(  163): finishLayoutLw::mHideKeyguard=false
I/WindowManager(  163): force=false top=Window{4518afd0 org.mozilla.fennec_avik/org.mozilla.fennec_avik.App paused=false}
V/WindowManager(  163): finishLayoutLw::mHideKeyguard=false
I/WindowManager(  163): force=false top=Window{4518afd0 org.mozilla.fennec_avik/org.mozilla.fennec_avik.App paused=false}
V/WindowManager(  163): finishLayoutLw::mHideKeyguard=false
I/WindowManager(  163): force=false top=Window{4518afd0 org.mozilla.fennec_avik/org.mozilla.fennec_avik.App paused=false}
V/WindowManager(  163): finishLayoutLw::mHideKeyguard=false
I/WindowManager(  163): force=false top=Window{4518afd0 org.mozilla.fennec_avik/org.mozilla.fennec_avik.App paused=false}
V/WindowManager(  163): finishLayoutLw::mHideKeyguard=false
I/WindowManager(  163): force=false top=Window{4518afd0 org.mozilla.fennec_avik/org.mozilla.fennec_avik.App paused=false}
V/WindowManager(  163): finishLayoutLw::mHideKeyguard=false
I/WindowManager(  163): force=false top=Window{4518afd0 org.mozilla.fennec_avik/org.mozilla.fennec_avik.App paused=false}
V/WindowManager(  163): finishLayoutLw::mHideKeyguard=false
I/WindowManager(  163): force=false top=Window{4518afd0 org.mozilla.fennec_avik/org.mozilla.fennec_avik.App paused=false}
V/WindowManager(  163): finishLayoutLw::mHideKeyguard=false
I/WindowManager(  163): force=false top=Window{4518afd0 org.mozilla.fennec_avik/org.mozilla.fennec_avik.App paused=false}
V/WindowManager(  163): finishLayoutLw::mHideKeyguard=false
I/WindowManager(  163): force=false top=Window{4518afd0 org.mozilla.fennec_avik/org.mozilla.fennec_avik.App paused=false}
V/WindowManager(  163): finishLayoutLw::mHideKeyguard=false
I/WindowManager(  163): force=false top=Window{4518afd0 org.mozilla.fennec_avik/org.mozilla.fennec_avik.App paused=false}
V/WindowManager(  163): finishLayoutLw::mHideKeyguard=false
I/WindowManager(  163): force=false top=Window{4518afd0 org.mozilla.fennec_avik/org.mozilla.fennec_avik.App paused=false}
V/WindowManager(  163): finishLayoutLw::mHideKeyguard=false
I/WindowManager(  163): force=false top=Window{4518afd0 org.mozilla.fennec_avik/org.mozilla.fennec_avik.App paused=false}
V/WindowManager(  163): finishLayoutLw::mHideKeyguard=false
I/WindowManager(  163): force=false top=Window{4518afd0 org.mozilla.fennec_avik/org.mozilla.fennec_avik.App paused=false}
V/WindowManager(  163): finishLayoutLw::mHideKeyguard=false
I/WindowManager(  163): force=false top=Window{4518afd0 org.mozilla.fennec_avik/org.mozilla.fennec_avik.App paused=false}
V/WindowManager(  163): finishLayoutLw::mHideKeyguard=false
I/WindowManager(  163): force=false top=Window{4518afd0 org.mozilla.fennec_avik/org.mozilla.fennec_avik.App paused=false}
V/WindowManager(  163): finishLayoutLw::mHideKeyguard=false
I/WindowManager(  163): force=false top=Window{4518afd0 org.mozilla.fennec_avik/org.mozilla.fennec_avik.App paused=false}
V/WindowManager(  163): finishLayoutLw::mHideKeyguard=false
I/WindowManager(  163): force=false top=Window{4518afd0 org.mozilla.fennec_avik/org.mozilla.fennec_avik.App paused=false}
V/WindowManager(  163): finishLayoutLw::mHideKeyguard=false
D/BatteryService(  163): update start
D/BatteryService(  163): update start
D/BatteryService(  163): update start
D/KeyguardViewMediator(  163): handleTimeout
I/KeyInputQueue(  163): Enqueueing touch event
I/WindowManager(  163): Delivering pointer toWindow{4518afd0 org.mozilla.fennec_avik/org.mozilla.fennec_avik.App paused=false}
I/KeyInputQueue(  163): Enqueueing touch event
I/WindowManager(  163): Delivering pointer toWindow{4518afd0 org.mozilla.fennec_avik/org.mozilla.fennec_avik.App paused=false}
I/GeckoToolbar(  509): zerdatime 37292213 - Throbber start
I/WindowManager(  163): force=false top=Window{4518afd0 org.mozilla.fennec_avik/org.mozilla.fennec_avik.App paused=false}
V/WindowManager(  163): finishLayoutLw::mHideKeyguard=false
I/GeckoToolbar(  509): zerdatime 37292556 - Throbber stop
E/GeckoConsole(  509): [JavaScript Warning: "WARN addons.repository: Search failed when adding add-ons to cache" {file: "resource://gre/modules/AddonRepository.jsm" line: 644}]
I/WindowManager(  163): force=false top=Window{4518afd0 org.mozilla.fennec_avik/org.mozilla.fennec_avik.App paused=false}
V/WindowManager(  163): finishLayoutLw::mHideKeyguard=false
I/WindowManager(  163): force=false top=Window{4518afd0 org.mozilla.fennec_avik/org.mozilla.fennec_avik.App paused=false}
V/WindowManager(  163): finishLayoutLw::mHideKeyguard=false
I/WindowManager(  163): force=false top=Window{4518afd0 org.mozilla.fennec_avik/org.mozilla.fennec_avik.App paused=false}
V/WindowManager(  163): finishLayoutLw::mHideKeyguard=false
I/WindowManager(  163): force=false top=Window{4518afd0 org.mozilla.fennec_avik/org.mozilla.fennec_avik.App paused=false}
V/WindowManager(  163): finishLayoutLw::mHideKeyguard=false
I/WindowManager(  163): force=false top=Window{4518afd0 org.mozilla.fennec_avik/org.mozilla.fennec_avik.App paused=false}
V/WindowManager(  163): finishLayoutLw::mHideKeyguard=false
I/WindowManager(  163): force=false top=Window{4518afd0 org.mozilla.fennec_avik/org.mozilla.fennec_avik.App paused=false}
V/WindowManager(  163): finishLayoutLw::mHideKeyguard=false
I/WindowManager(  163): force=false top=Window{4518afd0 org.mozilla.fennec_avik/org.mozilla.fennec_avik.App paused=false}
V/WindowManager(  163): finishLayoutLw::mHideKeyguard=false
I/WindowManager(  163): force=false top=Window{4518afd0 org.mozilla.fennec_avik/org.mozilla.fennec_avik.App paused=false}
V/WindowManager(  163): finishLayoutLw::mHideKeyguard=false
I/WindowManager(  163): force=false top=Window{4518afd0 org.mozilla.fennec_avik/org.mozilla.fennec_avik.App paused=false}
V/WindowManager(  163): finishLayoutLw::mHideKeyguard=false
I/WindowManager(  163): force=false top=Window{4518afd0 org.mozilla.fennec_avik/org.mozilla.fennec_avik.App paused=false}
V/WindowManager(  163): finishLayoutLw::mHideKeyguard=false
I/WindowManager(  163): force=false top=Window{4518afd0 org.mozilla.fennec_avik/org.mozilla.fennec_avik.App paused=false}
V/WindowManager(  163): finishLayoutLw::mHideKeyguard=false
I/WindowManager(  163): force=false top=Window{4518afd0 org.mozilla.fennec_avik/org.mozilla.fennec_avik.App paused=false}
V/WindowManager(  163): finishLayoutLw::mHideKeyguard=false
I/WindowManager(  163): force=false top=Window{4518afd0 org.mozilla.fennec_avik/org.mozilla.fennec_avik.App paused=false}
V/WindowManager(  163): finishLayoutLw::mHideKeyguard=false
E/libgps  (  285): dns_query_loop: gethostbyname failed. h_errno 2
I/WindowManager(  163): force=false top=Window{4518afd0 org.mozilla.fennec_avik/org.mozilla.fennec_avik.App paused=false}
V/WindowManager(  163): finishLayoutLw::mHideKeyguard=false
I/WindowManager(  163): force=false top=Window{4518afd0 org.mozilla.fennec_avik/org.mozilla.fennec_avik.App paused=false}
V/WindowManager(  163): finishLayoutLw::mHideKeyguard=false
I/WindowManager(  163): force=false top=Window{4518afd0 org.mozilla.fennec_avik/org.mozilla.fennec_avik.App paused=false}
V/WindowManager(  163): finishLayoutLw::mHideKeyguard=false
I/WindowManager(  163): force=false top=Window{4518afd0 org.mozilla.fennec_avik/org.mozilla.fennec_avik.App paused=false}
V/WindowManager(  163): finishLayoutLw::mHideKeyguard=false
I/WindowManager(  163): force=false top=Window{4518afd0 org.mozilla.fennec_avik/org.mozilla.fennec_avik.App paused=false}
V/WindowManager(  163): finishLayoutLw::mHideKeyguard=false
I/WindowManager(  163): force=false top=Window{4518afd0 org.mozilla.fennec_avik/org.mozilla.fennec_avik.App paused=false}
V/WindowManager(  163): finishLayoutLw::mHideKeyguard=false
I/WindowManager(  163): force=false top=Window{4518afd0 org.mozilla.fennec_avik/org.mozilla.fennec_avik.App paused=false}
V/WindowManager(  163): finishLayoutLw::mHideKeyguard=false
I/WindowManager(  163): force=false top=Window{4518afd0 org.mozilla.fennec_avik/org.mozilla.fennec_avik.App paused=false}
V/WindowManager(  163): finishLayoutLw::mHideKeyguard=false
I/WindowManager(  163): force=false top=Window{4518afd0 org.mozilla.fennec_avik/org.mozilla.fennec_avik.App paused=false}
V/WindowManager(  163): finishLayoutLw::mHideKeyguard=false
I/WindowManager(  163): force=false top=Window{4518afd0 org.mozilla.fennec_avik/org.mozilla.fennec_avik.App paused=false}
V/WindowManager(  163): finishLayoutLw::mHideKeyguard=false
I/WindowManager(  163): force=false top=Window{4518afd0 org.mozilla.fennec_avik/org.mozilla.fennec_avik.App paused=false}
V/WindowManager(  163): finishLayoutLw::mHideKeyguard=false
I/WindowManager(  163): force=false top=Window{4518afd0 org.mozilla.fennec_avik/org.mozilla.fennec_avik.App paused=false}
V/WindowManager(  163): finishLayoutLw::mHideKeyguard=false
I/WindowManager(  163): force=false top=Window{4518afd0 org.mozilla.fennec_avik/org.mozilla.fennec_avik.App paused=false}
V/WindowManager(  163): finishLayoutLw::mHideKeyguard=false
I/WindowManager(  163): force=false top=Window{4518afd0 org.mozilla.fennec_avik/org.mozilla.fennec_avik.App paused=false}
V/WindowManager(  163): finishLayoutLw::mHideKeyguard=false
I/WindowManager(  163): force=false top=Window{4518afd0 org.mozilla.fennec_avik/org.mozilla.fennec_avik.App paused=false}
V/WindowManager(  163): finishLayoutLw::mHideKeyguard=false
I/WindowManager(  163): force=false top=Window{4518afd0 org.mozilla.fennec_avik/org.mozilla.fennec_avik.App paused=false}
V/WindowManager(  163): finishLayoutLw::mHideKeyguard=false
I/WindowManager(  163): force=false top=Window{4518afd0 org.mozilla.fennec_avik/org.mozilla.fennec_avik.App paused=false}
V/WindowManager(  163): finishLayoutLw::mHideKeyguard=false
I/WindowManager(  163): force=false top=Window{4518afd0 org.mozilla.fennec_avik/org.mozilla.fennec_avik.App paused=false}
V/WindowManager(  163): finishLayoutLw::mHideKeyguard=false
I/WindowManager(  163): force=false top=Window{4518afd0 org.mozilla.fennec_avik/org.mozilla.fennec_avik.App paused=false}
V/WindowManager(  163): finishLayoutLw::mHideKeyguard=false
I/WindowManager(  163): force=false top=Window{4518afd0 org.mozilla.fennec_avik/org.mozilla.fennec_avik.App paused=false}
V/WindowManager(  163): finishLayoutLw::mHideKeyguard=false
I/WindowManager(  163): force=false top=Window{4518afd0 org.mozilla.fennec_avik/org.mozilla.fennec_avik.App paused=false}
V/WindowManager(  163): finishLayoutLw::mHideKeyguard=false
I/WindowManager(  163): force=false top=Window{4518afd0 org.mozilla.fennec_avik/org.mozilla.fennec_avik.App paused=false}
V/WindowManager(  163): finishLayoutLw::mHideKeyguard=false
I/WindowManager(  163): force=false top=Window{4518afd0 org.mozilla.fennec_avik/org.mozilla.fennec_avik.App paused=false}
V/WindowManager(  163): finishLayoutLw::mHideKeyguard=false
I/WindowManager(  163): force=false top=Window{4518afd0 org.mozilla.fennec_avik/org.mozilla.fennec_avik.App paused=false}
V/WindowManager(  163): finishLayoutLw::mHideKeyguard=false
I/WindowManager(  163): force=false top=Window{4518afd0 org.mozilla.fennec_avik/org.mozilla.fennec_avik.App paused=false}
V/WindowManager(  163): finishLayoutLw::mHideKeyguard=false
I/WindowManager(  163): force=false top=Window{4518afd0 org.mozilla.fennec_avik/org.mozilla.fennec_avik.App paused=false}
V/WindowManager(  163): finishLayoutLw::mHideKeyguard=false
I/WindowManager(  163): force=false top=Window{4518afd0 org.mozilla.fennec_avik/org.mozilla.fennec_avik.App paused=false}
V/WindowManager(  163): finishLayoutLw::mHideKeyguard=false
I/WindowManager(  163): force=false top=Window{4518afd0 org.mozilla.fennec_avik/org.mozilla.fennec_avik.App paused=false}
V/WindowManager(  163): finishLayoutLw::mHideKeyguard=false
I/WindowManager(  163): force=false top=Window{4518afd0 org.mozilla.fennec_avik/org.mozilla.fennec_avik.App paused=false}
V/WindowManager(  163): finishLayoutLw::mHideKeyguard=false
I/WindowManager(  163): force=false top=Window{4518afd0 org.mozilla.fennec_avik/org.mozilla.fennec_avik.App paused=false}
V/WindowManager(  163): finishLayoutLw::mHideKeyguard=false
I/WindowManager(  163): force=false top=Window{4518afd0 org.mozilla.fennec_avik/org.mozilla.fennec_avik.App paused=false}
V/WindowManager(  163): finishLayoutLw::mHideKeyguard=false
I/WindowManager(  163): force=false top=Window{4518afd0 org.mozilla.fennec_avik/org.mozilla.fennec_avik.App paused=false}
V/WindowManager(  163): finishLayoutLw::mHideKeyguard=false
I/WindowManager(  163): force=false top=Window{4518afd0 org.mozilla.fennec_avik/org.mozilla.fennec_avik.App paused=false}
V/WindowManager(  163): finishLayoutLw::mHideKeyguard=false
I/WindowManager(  163): force=false top=Window{4518afd0 org.mozilla.fennec_avik/org.mozilla.fennec_avik.App paused=false}
V/WindowManager(  163): finishLayoutLw::mHideKeyguard=false
I/WindowManager(  163): force=false top=Window{4518afd0 org.mozilla.fennec_avik/org.mozilla.fennec_avik.App paused=false}
V/WindowManager(  163): finishLayoutLw::mHideKeyguard=false
I/WindowManager(  163): force=false top=Window{4518afd0 org.mozilla.fennec_avik/org.mozilla.fennec_avik.App paused=false}
V/WindowManager(  163): finishLayoutLw::mHideKeyguard=false
I/WindowManager(  163): force=false top=Window{4518afd0 org.mozilla.fennec_avik/org.mozilla.fennec_avik.App paused=false}
V/WindowManager(  163): finishLayoutLw::mHideKeyguard=false
I/WindowManager(  163): force=false top=Window{4518afd0 org.mozilla.fennec_avik/org.mozilla.fennec_avik.App paused=false}
V/WindowManager(  163): finishLayoutLw::mHideKeyguard=false
I/WindowManager(  163): force=false top=Window{4518afd0 org.mozilla.fennec_avik/org.mozilla.fennec_avik.App paused=false}
V/WindowManager(  163): finishLayoutLw::mHideKeyguard=false
I/WindowManager(  163): force=false top=Window{4518afd0 org.mozilla.fennec_avik/org.mozilla.fennec_avik.App paused=false}
V/WindowManager(  163): finishLayoutLw::mHideKeyguard=false
I/WindowManager(  163): force=false top=Window{4518afd0 org.mozilla.fennec_avik/org.mozilla.fennec_avik.App paused=false}
V/WindowManager(  163): finishLayoutLw::mHideKeyguard=false
I/WindowManager(  163): force=false top=Window{4518afd0 org.mozilla.fennec_avik/org.mozilla.fennec_avik.App paused=false}
V/WindowManager(  163): finishLayoutLw::mHideKeyguard=false
I/WindowManager(  163): force=false top=Window{4518afd0 org.mozilla.fennec_avik/org.mozilla.fennec_avik.App paused=false}
V/WindowManager(  163): finishLayoutLw::mHideKeyguard=false
I/WindowManager(  163): force=false top=Window{4518afd0 org.mozilla.fennec_avik/org.mozilla.fennec_avik.App paused=false}
V/WindowManager(  163): finishLayoutLw::mHideKeyguard=false
I/WindowManager(  163): force=false top=Window{4518afd0 org.mozilla.fennec_avik/org.mozilla.fennec_avik.App paused=false}
V/WindowManager(  163): finishLayoutLw::mHideKeyguard=false
I/WindowManager(  163): force=false top=Window{4518afd0 org.mozilla.fennec_avik/org.mozilla.fennec_avik.App paused=false}
V/WindowManager(  163): finishLayoutLw::mHideKeyguard=false
I/WindowManager(  163): force=false top=Window{4518afd0 org.mozilla.fennec_avik/org.mozilla.fennec_avik.App paused=false}
V/WindowManager(  163): finishLayoutLw::mHideKeyguard=false
I/WindowManager(  163): force=false top=Window{4518afd0 org.mozilla.fennec_avik/org.mozilla.fennec_avik.App paused=false}
V/WindowManager(  163): finishLayoutLw::mHideKeyguard=false
I/WindowManager(  163): force=false top=Window{4518afd0 org.mozilla.fennec_avik/org.mozilla.fennec_avik.App paused=false}
V/WindowManager(  163): finishLayoutLw::mHideKeyguard=false
I/WindowManager(  163): force=false top=Window{4518afd0 org.mozilla.fennec_avik/org.mozilla.fennec_avik.App paused=false}
V/WindowManager(  163): finishLayoutLw::mHideKeyguard=false
I/WindowManager(  163): force=false top=Window{4518afd0 org.mozilla.fennec_avik/org.mozilla.fennec_avik.App paused=false}
V/WindowManager(  163): finishLayoutLw::mHideKeyguard=false
I/WindowManager(  163): force=false top=Window{4518afd0 org.mozilla.fennec_avik/org.mozilla.fennec_avik.App paused=false}
V/WindowManager(  163): finishLayoutLw::mHideKeyguard=false
I/WindowManager(  163): force=false top=Window{4518afd0 org.mozilla.fennec_avik/org.mozilla.fennec_avik.App paused=false}
V/WindowManager(  163): finishLayoutLw::mHideKeyguard=false
I/WindowManager(  163): force=false top=Window{4518afd0 org.mozilla.fennec_avik/org.mozilla.fennec_avik.App paused=false}
V/WindowManager(  163): finishLayoutLw::mHideKeyguard=false
I/WindowManager(  163): force=false top=Window{4518afd0 org.mozilla.fennec_avik/org.mozilla.fennec_avik.App paused=false}
V/WindowManager(  163): finishLayoutLw::mHideKeyguard=false
I/WindowManager(  163): force=false top=Window{4518afd0 org.mozilla.fennec_avik/org.mozilla.fennec_avik.App paused=false}
V/WindowManager(  163): finishLayoutLw::mHideKeyguard=false
I/WindowManager(  163): force=false top=Window{4518afd0 org.mozilla.fennec_avik/org.mozilla.fennec_avik.App paused=false}
V/WindowManager(  163): finishLayoutLw::mHideKeyguard=false
I/WindowManager(  163): force=false top=Window{4518afd0 org.mozilla.fennec_avik/org.mozilla.fennec_avik.App paused=false}
V/WindowManager(  163): finishLayoutLw::mHideKeyguard=false
I/WindowManager(  163): force=false top=Window{4518afd0 org.mozilla.fennec_avik/org.mozilla.fennec_avik.App paused=false}
V/WindowManager(  163): finishLayoutLw::mHideKeyguard=false
I/WindowManager(  163): force=false top=Window{4518afd0 org.mozilla.fennec_avik/org.mozilla.fennec_avik.App paused=false}
V/WindowManager(  163): finishLayoutLw::mHideKeyguard=false
I/WindowManager(  163): force=false top=Window{4518afd0 org.mozilla.fennec_avik/org.mozilla.fennec_avik.App paused=false}
V/WindowManager(  163): finishLayoutLw::mHideKeyguard=false
I/WindowManager(  163): force=false top=Window{4518afd0 org.mozilla.fennec_avik/org.mozilla.fennec_avik.App paused=false}
V/WindowManager(  163): finishLayoutLw::mHideKeyguard=false
I/WindowManager(  163): force=false top=Window{4518afd0 org.mozilla.fennec_avik/org.mozilla.fennec_avik.App paused=false}
V/WindowManager(  163): finishLayoutLw::mHideKeyguard=false
I/WindowManager(  163): force=false top=Window{4518afd0 org.mozilla.fennec_avik/org.mozilla.fennec_avik.App paused=false}
V/WindowManager(  163): finishLayoutLw::mHideKeyguard=false
I/WindowManager(  163): force=false top=Window{4518afd0 org.mozilla.fennec_avik/org.mozilla.fennec_avik.App paused=false}
V/WindowManager(  163): finishLayoutLw::mHideKeyguard=false
I/WindowManager(  163): force=false top=Window{4518afd0 org.mozilla.fennec_avik/org.mozilla.fennec_avik.App paused=false}
V/WindowManager(  163): finishLayoutLw::mHideKeyguard=false
I/WindowManager(  163): force=false top=Window{4518afd0 org.mozilla.fennec_avik/org.mozilla.fennec_avik.App paused=false}
V/WindowManager(  163): finishLayoutLw::mHideKeyguard=false
I/KeyInputQueue(  163): Enqueueing touch event
I/WindowManager(  163): Delivering pointer toWindow{45323490 org.mozilla.fennec_avik/org.mozilla.fennec_avik.App paused=false}
I/WindowManager(  163): force=false top=Window{4518afd0 org.mozilla.fennec_avik/org.mozilla.fennec_avik.App paused=false}
V/WindowManager(  163): finishLayoutLw::mHideKeyguard=false
I/WindowManager(  163): force=false top=Window{4518afd0 org.mozilla.fennec_avik/org.mozilla.fennec_avik.App paused=false}
V/WindowManager(  163): finishLayoutLw::mHideKeyguard=false
I/WindowManager(  163): force=false top=Window{4518afd0 org.mozilla.fennec_avik/org.mozilla.fennec_avik.App paused=false}
V/WindowManager(  163): finishLayoutLw::mHideKeyguard=false
I/WindowManager(  163): force=false top=Window{4518afd0 org.mozilla.fennec_avik/org.mozilla.fennec_avik.App paused=false}
V/WindowManager(  163): finishLayoutLw::mHideKeyguard=false
I/WindowManager(  163): force=false top=Window{4518afd0 org.mozilla.fennec_avik/org.mozilla.fennec_avik.App paused=false}
V/WindowManager(  163): finishLayoutLw::mHideKeyguard=false
I/WindowManager(  163): force=false top=Window{4518afd0 org.mozilla.fennec_avik/org.mozilla.fennec_avik.App paused=false}
V/WindowManager(  163): finishLayoutLw::mHideKeyguard=false
I/KeyInputQueue(  163): Enqueueing touch event
V/AudioFlinger(   91): Track constructor name 4097, calling thread 163
V/AudioFlinger(   91): start(4097), calling thread 163
V/AudioFlinger(   91): ? => ACTIVE (4097) on thread 0x18b30
V/AudioPolicyManager(   91): startOutput() output 1, stream 1
E/AudioPolicyManagerBase(   91): unknown stream type
E/AudioPolicyManagerBase(   91): unknown stream type
E/AudioPolicyManagerBase(   91): unknown stream type
V/AudioPolicyManager(   91): getDeviceForStrategy() from cache strategy 0, device 2
V/AudioPolicyManager(   91): getNewDevice() selected device 2
V/AudioPolicyManager(   91): setOutputDevice() output 1 device 2 force 0 delayMs 0
V/AudioPolicyManager(   91): setOutputDevice() setting same device 2 or null device for output 1
V/AudioFlinger(   91): mWaitWorkCV.broadcast
V/AudioFlinger(   91): MixerThread 0xbab0 TID 145 waking up
V/AudioPolicyManager(   91): releaseOutput() 1
V/AudioFlinger(   91): remove track (4098) and delete from mixer
V/AudioFlinger(   91): PlaybackThread::Track destructor
I/WindowManager(  163): Delivering pointer toWindow{45323490 org.mozilla.fennec_avik/org.mozilla.fennec_avik.App paused=false}
I/WindowManager(  163): force=false top=Window{4518afd0 org.mozilla.fennec_avik/org.mozilla.fennec_avik.App paused=false}
V/WindowManager(  163): finishLayoutLw::mHideKeyguard=false
V/AudioHardwareMSM72XX(   91): open driver
V/AudioHardwareMSM72XX(   91): get config
V/AudioHardwareMSM72XX(   91): set config
V/AudioHardwareMSM72XX(   91): buffer_size: 4800
V/AudioHardwareMSM72XX(   91): buffer_count: 2
V/AudioHardwareMSM72XX(   91): channel_count: 2
V/AudioHardwareMSM72XX(   91): sample_rate: 44100
I/WindowManager(  163): force=false top=Window{4518afd0 org.mozilla.fennec_avik/org.mozilla.fennec_avik.App paused=false}
V/WindowManager(  163): finishLayoutLw::mHideKeyguard=false
W/InputManagerService(  163): Window already focused, ignoring focus gain of: com.android.internal.view.IInputMethodClient$Stub$Proxy@450665e8
I/WindowManager(  163): force=false top=Window{4518afd0 org.mozilla.fennec_avik/org.mozilla.fennec_avik.App paused=false}
V/WindowManager(  163): finishLayoutLw::mHideKeyguard=false
I/WindowManager(  163): force=false top=Window{4518afd0 org.mozilla.fennec_avik/org.mozilla.fennec_avik.App paused=false}
V/WindowManager(  163): finishLayoutLw::mHideKeyguard=false
I/WindowManager(  163): force=false top=Window{4518afd0 org.mozilla.fennec_avik/org.mozilla.fennec_avik.App paused=false}
V/WindowManager(  163): finishLayoutLw::mHideKeyguard=false
I/WindowManager(  163): force=false top=Window{4518afd0 org.mozilla.fennec_avik/org.mozilla.fennec_avik.App paused=false}
V/WindowManager(  163): finishLayoutLw::mHideKeyguard=false
I/WindowManager(  163): force=false top=Window{4518afd0 org.mozilla.fennec_avik/org.mozilla.fennec_avik.App paused=false}
V/WindowManager(  163): finishLayoutLw::mHideKeyguard=false
I/WindowManager(  163): force=false top=Window{4518afd0 org.mozilla.fennec_avik/org.mozilla.fennec_avik.App paused=false}
V/WindowManager(  163): finishLayoutLw::mHideKeyguard=false
I/WindowManager(  163): force=false top=Window{4518afd0 org.mozilla.fennec_avik/org.mozilla.fennec_avik.App paused=false}
V/WindowManager(  163): finishLayoutLw::mHideKeyguard=false
I/WindowManager(  163): force=false top=Window{4518afd0 org.mozilla.fennec_avik/org.mozilla.fennec_avik.App paused=false}
V/WindowManager(  163): finishLayoutLw::mHideKeyguard=false
I/WindowManager(  163): force=false top=Window{4518afd0 org.mozilla.fennec_avik/org.mozilla.fennec_avik.App paused=false}
V/WindowManager(  163): finishLayoutLw::mHideKeyguard=false
I/WindowManager(  163): force=false top=Window{4518afd0 org.mozilla.fennec_avik/org.mozilla.fennec_avik.App paused=false}
V/WindowManager(  163): finishLayoutLw::mHideKeyguard=false
W/AudioFlinger(   91): write blocked for 174 msecs, 5 delayed writes, thread 0xbab0
I/WindowManager(  163): force=false top=Window{4518afd0 org.mozilla.fennec_avik/org.mozilla.fennec_avik.App paused=false}
V/WindowManager(  163): finishLayoutLw::mHideKeyguard=false
I/WindowManager(  163): force=false top=Window{4518afd0 org.mozilla.fennec_avik/org.mozilla.fennec_avik.App paused=false}
V/WindowManager(  163): finishLayoutLw::mHideKeyguard=false
I/WindowManager(  163): force=false top=Window{4518afd0 org.mozilla.fennec_avik/org.mozilla.fennec_avik.App paused=false}
V/WindowManager(  163): finishLayoutLw::mHideKeyguard=false
I/WindowManager(  163): force=false top=Window{4518afd0 org.mozilla.fennec_avik/org.mozilla.fennec_avik.App paused=false}
V/WindowManager(  163): finishLayoutLw::mHideKeyguard=false
I/WindowManager(  163): force=false top=Window{4518afd0 org.mozilla.fennec_avik/org.mozilla.fennec_avik.App paused=false}
V/WindowManager(  163): finishLayoutLw::mHideKeyguard=false
I/WindowManager(  163): force=false top=Window{4518afd0 org.mozilla.fennec_avik/org.mozilla.fennec_avik.App paused=false}
V/WindowManager(  163): finishLayoutLw::mHideKeyguard=false
I/WindowManager(  163): force=false top=Window{4518afd0 org.mozilla.fennec_avik/org.mozilla.fennec_avik.App paused=false}
V/WindowManager(  163): finishLayoutLw::mHideKeyguard=false
I/WindowManager(  163): force=false top=Window{4518afd0 org.mozilla.fennec_avik/org.mozilla.fennec_avik.App paused=false}
V/WindowManager(  163): finishLayoutLw::mHideKeyguard=false
I/WindowManager(  163): force=false top=Window{4518afd0 org.mozilla.fennec_avik/org.mozilla.fennec_avik.App paused=false}
V/WindowManager(  163): finishLayoutLw::mHideKeyguard=false
I/WindowManager(  163): force=false top=Window{4518afd0 org.mozilla.fennec_avik/org.mozilla.fennec_avik.App paused=false}
V/WindowManager(  163): finishLayoutLw::mHideKeyguard=false
I/WindowManager(  163): force=false top=Window{4518afd0 org.mozilla.fennec_avik/org.mozilla.fennec_avik.App paused=false}
V/WindowManager(  163): finishLayoutLw::mHideKeyguard=false
V/AudioFlinger(   91): getNextBuffer() no more data for track 4097 on thread 0xbab0
V/AudioFlinger(   91): stop(4097), calling thread 163
V/AudioFlinger(   91): (> STOPPED) => STOPPED (4097) on thread 0xbab0
V/AudioPolicyManager(   91): stopOutput() output 1, stream 1
E/AudioPolicyManagerBase(   91): unknown stream type
E/AudioPolicyManagerBase(   91): unknown stream type
E/AudioPolicyManagerBase(   91): unknown stream type
E/AudioPolicyManagerBase(   91): unknown stream type
V/AudioPolicyManager(   91): getNewDevice() selected device 0
V/AudioPolicyManager(   91): setOutputDevice() output 1 device 0 force 0 delayMs 150
V/AudioPolicyManager(   91): setOutputDevice() setting same device 0 or null device for output 1
I/WindowManager(  163): force=false top=Window{4518afd0 org.mozilla.fennec_avik/org.mozilla.fennec_avik.App paused=false}
V/WindowManager(  163): finishLayoutLw::mHideKeyguard=false
I/WindowManager(  163): force=false top=Window{4518afd0 org.mozilla.fennec_avik/org.mozilla.fennec_avik.App paused=false}
V/WindowManager(  163): finishLayoutLw::mHideKeyguard=false
V/AudioFlinger(   91): TrackBase::reset
I/WindowManager(  163): force=false top=Window{4518afd0 org.mozilla.fennec_avik/org.mozilla.fennec_avik.App paused=false}
V/WindowManager(  163): finishLayoutLw::mHideKeyguard=false
I/WindowManager(  163): force=false top=Window{4518afd0 org.mozilla.fennec_avik/org.mozilla.fennec_avik.App paused=false}
V/WindowManager(  163): finishLayoutLw::mHideKeyguard=false
I/WindowManager(  163): force=false top=Window{4518afd0 org.mozilla.fennec_avik/org.mozilla.fennec_avik.App paused=false}
V/WindowManager(  163): finishLayoutLw::mHideKeyguard=false
I/WindowManager(  163): force=false top=Window{4518afd0 org.mozilla.fennec_avik/org.mozilla.fennec_avik.App paused=false}
V/WindowManager(  163): finishLayoutLw::mHideKeyguard=false
I/WindowManager(  163): force=false top=Window{4518afd0 org.mozilla.fennec_avik/org.mozilla.fennec_avik.App paused=false}
V/WindowManager(  163): finishLayoutLw::mHideKeyguard=false
I/WindowManager(  163): force=false top=Window{4518afd0 org.mozilla.fennec_avik/org.mozilla.fennec_avik.App paused=false}
V/WindowManager(  163): finishLayoutLw::mHideKeyguard=false
I/WindowManager(  163): force=false top=Window{4518afd0 org.mozilla.fennec_avik/org.mozilla.fennec_avik.App paused=false}
V/WindowManager(  163): finishLayoutLw::mHideKeyguard=false
I/WindowManager(  163): force=false top=Window{4518afd0 org.mozilla.fennec_avik/org.mozilla.fennec_avik.App paused=false}
V/WindowManager(  163): finishLayoutLw::mHideKeyguard=false
I/WindowManager(  163): force=false top=Window{4518afd0 org.mozilla.fennec_avik/org.mozilla.fennec_avik.App paused=false}
V/WindowManager(  163): finishLayoutLw::mHideKeyguard=false
I/WindowManager(  163): force=false top=Window{4518afd0 org.mozilla.fennec_avik/org.mozilla.fennec_avik.App paused=false}
V/WindowManager(  163): finishLayoutLw::mHideKeyguard=false
I/WindowManager(  163): force=false top=Window{4518afd0 org.mozilla.fennec_avik/org.mozilla.fennec_avik.App paused=false}
V/WindowManager(  163): finishLayoutLw::mHideKeyguard=false
I/WindowManager(  163): force=false top=Window{4518afd0 org.mozilla.fennec_avik/org.mozilla.fennec_avik.App paused=false}
V/WindowManager(  163): finishLayoutLw::mHideKeyguard=false
I/WindowManager(  163): force=false top=Window{4518afd0 org.mozilla.fennec_avik/org.mozilla.fennec_avik.App paused=false}
V/WindowManager(  163): finishLayoutLw::mHideKeyguard=false
I/WindowManager(  163): force=false top=Window{4518afd0 org.mozilla.fennec_avik/org.mozilla.fennec_avik.App paused=false}
V/WindowManager(  163): finishLayoutLw::mHideKeyguard=false
I/WindowManager(  163): force=false top=Window{4518afd0 org.mozilla.fennec_avik/org.mozilla.fennec_avik.App paused=false}
V/WindowManager(  163): finishLayoutLw::mHideKeyguard=false
I/WindowManager(  163): force=false top=Window{4518afd0 org.mozilla.fennec_avik/org.mozilla.fennec_avik.App paused=false}
V/WindowManager(  163): finishLayoutLw::mHideKeyguard=false
V/WindowManager(  163): onOrientationChanged, rotation changed to 3
I/WindowManager(  163): Setting rotation to 3, animFlags=0
I/ActivityManager(  163): Config changed: { scale=1.0 imsi=0/0 loc=en_GB touch=3 keys=2/1/2 nav=2/1 orien=2 layout=34 uiMode=17 seq=13 FlipFont=0}
I/WindowManager(  163): force=false top=Window{4518afd0 org.mozilla.fennec_avik/org.mozilla.fennec_avik.App paused=false}
V/WindowManager(  163): finishLayoutLw::mHideKeyguard=false
I/WindowManager(  163): force=false top=Window{4518afd0 org.mozilla.fennec_avik/org.mozilla.fennec_avik.App paused=false}
V/WindowManager(  163): finishLayoutLw::mHideKeyguard=false
I/WindowManager(  163): force=false top=Window{4518afd0 org.mozilla.fennec_avik/org.mozilla.fennec_avik.App paused=false}
V/WindowManager(  163): finishLayoutLw::mHideKeyguard=false
D/BatteryService(  163): update start
D/BatteryService(  163): update start
D/BatteryService(  163): update start
I/WindowManager(  163): force=false top=Window{4518afd0 org.mozilla.fennec_avik/org.mozilla.fennec_avik.App paused=false}
V/WindowManager(  163): finishLayoutLw::mHideKeyguard=false
I/WindowManager(  163): force=false top=Window{4518afd0 org.mozilla.fennec_avik/org.mozilla.fennec_avik.App paused=false}
V/WindowManager(  163): finishLayoutLw::mHideKeyguard=false
I/WindowManager(  163): force=false top=Window{4518afd0 org.mozilla.fennec_avik/org.mozilla.fennec_avik.App paused=false}
V/WindowManager(  163): finishLayoutLw::mHideKeyguard=false
I/WindowManager(  163): force=false top=Window{4518afd0 org.mozilla.fennec_avik/org.mozilla.fennec_avik.App paused=false}
V/WindowManager(  163): finishLayoutLw::mHideKeyguard=false
I/WindowManager(  163): force=false top=Window{4518afd0 org.mozilla.fennec_avik/org.mozilla.fennec_avik.App paused=false}
V/WindowManager(  163): finishLayoutLw::mHideKeyguard=false
I/WindowManager(  163): force=false top=Window{4518afd0 org.mozilla.fennec_avik/org.mozilla.fennec_avik.App paused=false}
V/WindowManager(  163): finishLayoutLw::mHideKeyguard=false
I/WindowManager(  163): force=false top=Window{4518afd0 org.mozilla.fennec_avik/org.mozilla.fennec_avik.App paused=false}
V/WindowManager(  163): finishLayoutLw::mHideKeyguard=false
I/WindowManager(  163): force=false top=Window{4518afd0 org.mozilla.fennec_avik/org.mozilla.fennec_avik.App paused=false}
V/WindowManager(  163): finishLayoutLw::mHideKeyguard=false
I/WindowManager(  163): force=false top=Window{4518afd0 org.mozilla.fennec_avik/org.mozilla.fennec_avik.App paused=false}
V/WindowManager(  163): finishLayoutLw::mHideKeyguard=false
I/WindowManager(  163): force=false top=Window{4518afd0 org.mozilla.fennec_avik/org.mozilla.fennec_avik.App paused=false}
V/WindowManager(  163): finishLayoutLw::mHideKeyguard=false
I/WindowManager(  163): force=false top=Window{4518afd0 org.mozilla.fennec_avik/org.mozilla.fennec_avik.App paused=false}
V/WindowManager(  163): finishLayoutLw::mHideKeyguard=false
I/WindowManager(  163): force=false top=Window{4518afd0 org.mozilla.fennec_avik/org.mozilla.fennec_avik.App paused=false}
V/WindowManager(  163): finishLayoutLw::mHideKeyguard=false
D/GeckoLayerClient(  509): Screen-size changed to (400,240)
D/GeckoLayerClient(  509): Window-size changed to (400,221)
I/WindowManager(  163): force=false top=Window{4518afd0 org.mozilla.fennec_avik/org.mozilla.fennec_avik.App paused=false}
V/WindowManager(  163): finishLayoutLw::mHideKeyguard=false
I/WindowManager(  163): force=false top=Window{4518afd0 org.mozilla.fennec_avik/org.mozilla.fennec_avik.App paused=false}
V/WindowManager(  163): finishLayoutLw::mHideKeyguard=false
I/WindowManager(  163): force=false top=Window{4518afd0 org.mozilla.fennec_avik/org.mozilla.fennec_avik.App paused=false}
V/WindowManager(  163): finishLayoutLw::mHideKeyguard=false
I/WindowManager(  163): force=false top=Window{4518afd0 org.mozilla.fennec_avik/org.mozilla.fennec_avik.App paused=false}
V/WindowManager(  163): finishLayoutLw::mHideKeyguard=false
V/AudioFlinger(   91): Audio hardware entering standby, mixer 0xbab0, mSuspended 0
V/AudioFlinger(   91): MixerThread 0xbab0 TID 145 going to sleep
W/PowerManagerService(  163): Timer 0x3->0x3|0x0
D/BatteryService(  163): update start
D/BatteryService(  163): update start
D/BatteryService(  163): update start
D/BatteryService(  163): update start
D/BatteryService(  163): update start
D/BatteryService(  163): update start
W/PowerManagerService(  163): Timer 0x3->0x1|0x0
I/PowerManagerService(  163): Ulight 3->1|0
I/PowerManagerService(  163): Setting target 2: cur=137.0 target=20 delta=-6.1578946 nominalCurrentValue=137
I/PowerManagerService(  163): Scheduling light animator!
I/PowerManagerService(  163): Light Animator Finished curIntValue=20
E/libgps  (  285): dns_query_loop: gethostbyname failed. h_errno 2
W/PowerManagerService(  163): Timer 0x1->0x0|0x0
I/PowerManagerService(  163): Ulight 1->0|0
I/PowerManagerService(  163): Setting target 2: cur=20.0 target=0 delta=-6.6666665 nominalCurrentValue=20
I/PowerManagerService(  163): Scheduling light animator!
I/PowerManagerService(  163): Light Animator Finished curIntValue=0
D/KeyguardViewMediator(  163): onScreenTurnedOff(3)
D/KeyguardViewMediator(  163): setting alarm to turn off keyguard, seq = 10
V/WindowManager(  163): Screen status=false, current orientation=-1, SensorEnabled=true
E/SensorManager(  163): unregisterListener: android.view.WindowOrientationListener$SensorEventListenerImpl@451e7760
V/WindowManager(  163): Disabling listeners
W/PowerManagerService(  163): CurLockF mPS:0 mUS=0
W/PowerManagerService(  163): mPokeLocks.size=0:
D/PowerManagerService(  163): sendNotificationLocked on=false
D/GeckoHealthRec(  509): Recording session end: P
E/FastDormancy(  241): [SCREEN_OFF] New FD Time: -1
D/FastDormancy(  241): [FD] INTENT ACTION android.intent.action.SCREEN_OFF
D/FastDormancy(  241): [FD] mIsScreenOn: false
I/Launcher(  247): ACTION_SCREEN_OFF
D/GeckoSessInfo(  509): Recording session done: 1372336866756
D/BatteryService(  163): update start
D/BatteryService(  163): update start
D/BatteryService(  163): update start
D/KeyguardViewMediator(  163): doKeyguard: showing the lock screen
D/KeyguardViewMediator(  163): showLocked
D/KeyguardViewMediator(  163): handleShow
D/LockScreen(  163): Updating Lock Screen text to Sim
D/LockScreen(  163): getCarrierString( telephonyPlmn =, telephonySpn = null)
D/LockScreen(  163): Updating Lock Screen text to Sim
D/LockScreen(  163): Updating Lock Screen text to Sim
D/KeyguardViewMediator(  163): adjustUserActivityLocked mShowing: true mHidden: false
D/StatusBar(  163): DISABLE_EXPAND: yes
I/WindowManager(  163): force=false top=Window{4518afd0 org.mozilla.fennec_avik/org.mozilla.fennec_avik.App paused=false}
V/WindowManager(  163): finishLayoutLw::mHideKeyguard=false
I/WindowManager(  163): force=false top=Window{4518afd0 org.mozilla.fennec_avik/org.mozilla.fennec_avik.App paused=false}
V/WindowManager(  163): finishLayoutLw::mHideKeyguard=false
D/PowerManagerService(  163): enableUserActivity false
V/WindowManager(  163): Screen status=false, current orientation=5, SensorEnabled=false
I/WindowManager(  163): Setting rotation to 0, animFlags=1
I/ActivityManager(  163): Config changed: { scale=1.0 imsi=0/0 loc=en_GB touch=3 keys=2/1/2 nav=2/1 orien=1 layout=34 uiMode=17 seq=14 FlipFont=0}
I/WindowManager(  163): force=true top=Window{4518afd0 org.mozilla.fennec_avik/org.mozilla.fennec_avik.App paused=false}
V/WindowManager(  163): finishLayoutLw::mHideKeyguard=false
D/GoogleLoginService(  271): onBind: Intent { act=android.accounts.AccountAuthenticator cmp=com.google.android.gsf/.loginservice.GoogleLoginService }
I/WindowManager(  163): force=true top=null
V/WindowManager(  163): finishLayoutLw::mHideKeyguard=false
I/WindowManager(  163): force=true top=null
V/WindowManager(  163): finishLayoutLw::mHideKeyguard=false
I/WindowManager(  163): force=true top=null
V/WindowManager(  163): finishLayoutLw::mHideKeyguard=false
I/WindowManager(  163): force=true top=null
V/WindowManager(  163): finishLayoutLw::mHideKeyguard=false
I/WindowManager(  163): force=true top=null
V/WindowManager(  163): finishLayoutLw::mHideKeyguard=false
I/WindowManager(  163): force=true top=null
V/WindowManager(  163): finishLayoutLw::mHideKeyguard=false
I/WindowManager(  163): force=true top=null
V/WindowManager(  163): finishLayoutLw::mHideKeyguard=false
I/WindowManager(  163): force=true top=null
V/WindowManager(  163): finishLayoutLw::mHideKeyguard=false
I/WindowManager(  163): force=true top=null
V/WindowManager(  163): finishLayoutLw::mHideKeyguard=false
I/WindowManager(  163): force=true top=null
V/WindowManager(  163): finishLayoutLw::mHideKeyguard=false
I/WindowManager(  163): force=true top=null
V/WindowManager(  163): finishLayoutLw::mHideKeyguard=false
I/WindowManager(  163): force=true top=null
V/WindowManager(  163): finishLayoutLw::mHideKeyguard=false
D/LockScreen(  163): Updating Lock Screen text to Sim
I/WindowManager(  163): force=true top=null
V/WindowManager(  163): finishLayoutLw::mHideKeyguard=false
I/WindowManager(  163): force=true top=null
V/WindowManager(  163): finishLayoutLw::mHideKeyguard=false
I/WindowManager(  163): force=true top=null
V/WindowManager(  163): finishLayoutLw::mHideKeyguard=false
D/GeckoLayerClient(  509): Screen-size changed to (240,400)
D/GeckoLayerClient(  509): Window-size changed to (240,381)
D/LockScreen(  163): getCarrierString( telephonyPlmn =, telephonySpn = null)
I/WindowManager(  163): force=true top=null
V/WindowManager(  163): finishLayoutLw::mHideKeyguard=false
D/LockScreen(  163): Updating Lock Screen text to Sim
I/WindowManager(  163): force=true top=null
V/WindowManager(  163): finishLayoutLw::mHideKeyguard=false
I/WindowManager(  163): force=true top=Window{4518afd0 org.mozilla.fennec_avik/org.mozilla.fennec_avik.App paused=false}
V/WindowManager(  163): finishLayoutLw::mHideKeyguard=false
I/WindowManager(  163): force=true top=Window{4518afd0 org.mozilla.fennec_avik/org.mozilla.fennec_avik.App paused=false}
V/WindowManager(  163): finishLayoutLw::mHideKeyguard=false
I/WindowManager(  163): force=true top=Window{4518afd0 org.mozilla.fennec_avik/org.mozilla.fennec_avik.App paused=false}
V/WindowManager(  163): finishLayoutLw::mHideKeyguard=false
I/WindowManager(  163): force=true top=Window{4518afd0 org.mozilla.fennec_avik/org.mozilla.fennec_avik.App paused=false}
V/WindowManager(  163): finishLayoutLw::mHideKeyguard=false
I/WindowManager(  163): force=true top=Window{4518afd0 org.mozilla.fennec_avik/org.mozilla.fennec_avik.App paused=false}
V/WindowManager(  163): finishLayoutLw::mHideKeyguard=false
D/BatteryService(  163): update start
D/BatteryService(  163): update start
D/BatteryService(  163): update start
W/PowerManagerService(  163): Timer 0x0->0x0|0x0
D/BatteryService(  163): update start
D/BatteryService(  163): update start
D/BatteryService(  163): update start
E/libgps  (  285): dns_query_loop: gethostbyname failed. h_errno 2
D/BatteryService(  163): update start
D/BatteryService(  163): update start
D/BatteryService(  163): update start
D/BatteryService(  163): update start
D/BatteryService(  163): update start
D/BatteryService(  163): update start
D/BatteryService(  163): update start
D/BatteryService(  163): update start
D/BatteryService(  163): update start
E/libgps  (  285): dns_query_loop: gethostbyname failed. h_errno 2
D/BatteryService(  163): update start
D/BatteryService(  163): update start
D/BatteryService(  163): update start
D/BatteryService(  163): update start
D/BatteryService(  163): update start
D/BatteryService(  163): update start
D/BatteryService(  163): update start
D/BatteryService(  163): update start
D/BatteryService(  163): update start
E/libgps  (  285): dns_query_loop: gethostbyname failed. h_errno 2
D/BatteryService(  163): update start
D/BatteryService(  163): update start
D/BatteryService(  163): update start
D/BatteryService(  163): update start
D/BatteryService(  163): update start
D/BatteryService(  163): update start
D/BatteryService(  163): update start
D/BatteryService(  163): update start
D/BatteryService(  163): update start
E/libgps  (  285): dns_query_loop: gethostbyname failed. h_errno 2
D/KeyguardViewMediator(  163): onWakeKeyWhenKeyguardShowing(3)
D/KeyguardViewMediator(  163): wakeWhenReadyLocked(3)
D/KeyguardViewMediator(  163): handleWakeWhenReady(3)
I/KeyInputQueue(  163): Input event
I/PowerManagerService(  163): Ulight 0->7|0
I/PowerManagerService(  163): Setting target 2: cur=0.0 target=137 delta=9.133333 nominalCurrentValue=0
I/PowerManagerService(  163): Scheduling light animator!
I/KeyInputQueue(  163): Input event
D/KeyguardViewMediator(  163): onScreenTurnedOn, seq = 11
D/KeyguardViewMediator(  163): notifyScreenOnLocked
D/KeyguardViewMediator(  163): handleNotifyScreenOn
D/LockScreen(  163): Updating Lock Screen text to Sim
W/WindowManager(  163): No focus window, dropping: KeyEvent{action=1 code=3 repeat=0 meta=0 scancode=102 mFlags=8}
V/WindowManager(  163): Screen status=true, current orientation=5, SensorEnabled=false
E/SensorManager(  163): registerListener 0:KR3DM delay:240
D/LockScreen(  163): Updating Lock Screen text to Sim
E/SensorManager(  163): =======>>>Sensor Thread RUNNING <<<========
V/WindowManager(  163): Enabling listeners
I/WindowManager(  163): force=true top=Window{4518afd0 org.mozilla.fennec_avik/org.mozilla.fennec_avik.App paused=false}
V/WindowManager(  163): finishLayoutLw::mHideKeyguard=false
I/WindowManager(  163): force=true top=Window{4518afd0 org.mozilla.fennec_avik/org.mozilla.fennec_avik.App paused=false}
V/WindowManager(  163): finishLayoutLw::mHideKeyguard=false
E/GeckoConnectivityReceiver(  509): Registering receiver failed
D/GeckoSessInfo(  509): Recording start of session: 1372337026307
I/WindowManager(  163): force=true top=Window{4518afd0 org.mozilla.fennec_avik/org.mozilla.fennec_avik.App paused=false}
V/WindowManager(  163): finishLayoutLw::mHideKeyguard=false
I/ActivityThread(  509): queueIdle
V/ActivityThread(  509): Reporting idle of ActivityRecord{45046398 token=android.os.BinderProxy@4503cca8 {org.mozilla.fennec_avik/org.mozilla.fennec_avik.App}} finished=false
W/ActivityNative(  509): send ACTIVITY_IDLE_TRANSACTION
W/ActivityNative(  163): RCV ACTIVITY_IDLE_TRANSACTION
E/FastDormancy(  241): [SCREEN_ON] New FD Time: -1
D/FastDormancy(  241): [FD] INTENT ACTION android.intent.action.SCREEN_ON
D/FastDormancy(  241): [FD] mIsScreenOn: true
