I/WindowManager(  163): force=false top=Window{4518afd0 org.mozilla.fennec_avik/org.mozilla.fennec_avik.App paused=false}
V/WindowManager(  163): finishLayoutLw::mHideKeyguard=false
I/WindowManager(  163): force=false top=Window{4518afd0 org.mozilla.fennec_avik/org.mozilla.fennec_avik.App paused=false}
V/WindowManager(  163): finishLayoutLw::mHideKeyguard=false
I/WindowManager(  163): force=false top=Window{4518afd0 org.mozilla.fennec_avik/org.mozilla.fennec_avik.App paused=false}
V/WindowManager(  163): finishLayoutLw::mHideKeyguard=false
I/WindowManager(  163): force=false top=Window{4518afd0 org.mozilla.fennec_avik/org.mozilla.fennec_avik.App paused=false}
V/WindowManager(  163): finishLayoutLw::mHideKeyguard=false
I/WindowManager(  163): force=false top=Window{4518afd0 org.mozilla.fennec_avik/org.mozilla.fennec_avik.App paused=false}
V/WindowManager(  163): finishLayoutLw::mHideKeyguard=false
I/WindowManager(  163): force=false top=Window{4518afd0 org.mozilla.fennec_avik/org.mozilla.fennec_avik.App paused=false}
V/WindowManager(  163): finishLayoutLw::mHideKeyguard=false
I/WindowManager(  163): force=false top=Window{4518afd0 org.mozilla.fennec_avik/org.mozilla.fennec_avik.App paused=false}
V/WindowManager(  163): finishLayoutLw::mHideKeyguard=false
I/WindowManager(  163): force=false top=Window{4518afd0 org.mozilla.fennec_avik/org.mozilla.fennec_avik.App paused=false}
V/WindowManager(  163): finishLayoutLw::mHideKeyguard=false
I/WindowManager(  163): force=false top=Window{4518afd0 org.mozilla.fennec_avik/org.mozilla.fennec_avik.App paused=false}
V/WindowManager(  163): finishLayoutLw::mHideKeyguard=false
I/WindowManager(  163): force=false top=Window{4518afd0 org.mozilla.fennec_avik/org.mozilla.fennec_avik.App paused=false}
V/WindowManager(  163): finishLayoutLw::mHideKeyguard=false
I/WindowManager(  163): force=false top=Window{4518afd0 org.mozilla.fennec_avik/org.mozilla.fennec_avik.App paused=false}
V/WindowManager(  163): finishLayoutLw::mHideKeyguard=false
I/WindowManager(  163): force=false top=Window{4518afd0 org.mozilla.fennec_avik/org.mozilla.fennec_avik.App paused=false}
V/WindowManager(  163): finishLayoutLw::mHideKeyguard=false
I/WindowManager(  163): force=false top=Window{4518afd0 org.mozilla.fennec_avik/org.mozilla.fennec_avik.App paused=false}
V/WindowManager(  163): finishLayoutLw::mHideKeyguard=false
I/WindowManager(  163): force=false top=Window{4518afd0 org.mozilla.fennec_avik/org.mozilla.fennec_avik.App paused=false}
V/WindowManager(  163): finishLayoutLw::mHideKeyguard=false
V/WindowManager(  163): onOrientationChanged, rotation changed to 3
I/WindowManager(  163): Setting rotation to 3, animFlags=0
I/ActivityManager(  163): Config changed: { scale=1.0 imsi=0/0 loc=en_GB touch=3 keys=2/1/2 nav=2/1 orien=2 layout=34 uiMode=17 seq=17 FlipFont=0}
I/WindowManager(  163): force=false top=Window{4518afd0 org.mozilla.fennec_avik/org.mozilla.fennec_avik.App paused=false}
V/WindowManager(  163): finishLayoutLw::mHideKeyguard=false
I/WindowManager(  163): force=false top=Window{4518afd0 org.mozilla.fennec_avik/org.mozilla.fennec_avik.App paused=false}
V/WindowManager(  163): finishLayoutLw::mHideKeyguard=false
I/WindowManager(  163): force=false top=Window{4518afd0 org.mozilla.fennec_avik/org.mozilla.fennec_avik.App paused=false}
V/WindowManager(  163): finishLayoutLw::mHideKeyguard=false
I/WindowManager(  163): force=false top=Window{4518afd0 org.mozilla.fennec_avik/org.mozilla.fennec_avik.App paused=false}
V/WindowManager(  163): finishLayoutLw::mHideKeyguard=false
I/WindowManager(  163): force=false top=Window{4518afd0 org.mozilla.fennec_avik/org.mozilla.fennec_avik.App paused=false}
V/WindowManager(  163): finishLayoutLw::mHideKeyguard=false
I/WindowManager(  163): force=false top=Window{4518afd0 org.mozilla.fennec_avik/org.mozilla.fennec_avik.App paused=false}
V/WindowManager(  163): finishLayoutLw::mHideKeyguard=false
I/WindowManager(  163): force=false top=Window{4518afd0 org.mozilla.fennec_avik/org.mozilla.fennec_avik.App paused=false}
V/WindowManager(  163): finishLayoutLw::mHideKeyguard=false
I/WindowManager(  163): force=false top=Window{4518afd0 org.mozilla.fennec_avik/org.mozilla.fennec_avik.App paused=false}
V/WindowManager(  163): finishLayoutLw::mHideKeyguard=false
I/WindowManager(  163): force=false top=Window{4518afd0 org.mozilla.fennec_avik/org.mozilla.fennec_avik.App paused=false}
V/WindowManager(  163): finishLayoutLw::mHideKeyguard=false
I/WindowManager(  163): force=false top=Window{4518afd0 org.mozilla.fennec_avik/org.mozilla.fennec_avik.App paused=false}
V/WindowManager(  163): finishLayoutLw::mHideKeyguard=false
I/WindowManager(  163): force=false top=Window{4518afd0 org.mozilla.fennec_avik/org.mozilla.fennec_avik.App paused=false}
V/WindowManager(  163): finishLayoutLw::mHideKeyguard=false
I/WindowManager(  163): force=false top=Window{4518afd0 org.mozilla.fennec_avik/org.mozilla.fennec_avik.App paused=false}
V/WindowManager(  163): finishLayoutLw::mHideKeyguard=false
I/WindowManager(  163): force=false top=Window{4518afd0 org.mozilla.fennec_avik/org.mozilla.fennec_avik.App paused=false}
V/WindowManager(  163): finishLayoutLw::mHideKeyguard=false
I/WindowManager(  163): force=false top=Window{4518afd0 org.mozilla.fennec_avik/org.mozilla.fennec_avik.App paused=false}
V/WindowManager(  163): finishLayoutLw::mHideKeyguard=false
I/WindowManager(  163): force=false top=Window{4518afd0 org.mozilla.fennec_avik/org.mozilla.fennec_avik.App paused=false}
V/WindowManager(  163): finishLayoutLw::mHideKeyguard=false
I/WindowManager(  163): force=false top=Window{4518afd0 org.mozilla.fennec_avik/org.mozilla.fennec_avik.App paused=false}
V/WindowManager(  163): finishLayoutLw::mHideKeyguard=false
E/libEGL  (  509): eglMakeCurrent:1144 error 3009 (EGL_BAD_MATCH)
D/GeckoLayerClient(  509): Screen-size changed to (400,240)
D/GeckoLayerClient(  509): Window-size changed to (400,221)
I/WindowManager(  163): force=false top=Window{4518afd0 org.mozilla.fennec_avik/org.mozilla.fennec_avik.App paused=false}
V/WindowManager(  163): finishLayoutLw::mHideKeyguard=false
I/WindowManager(  163): force=false top=Window{4518afd0 org.mozilla.fennec_avik/org.mozilla.fennec_avik.App paused=false}
V/WindowManager(  163): finishLayoutLw::mHideKeyguard=false
I/WindowManager(  163): force=false top=Window{4518afd0 org.mozilla.fennec_avik/org.mozilla.fennec_avik.App paused=false}
V/WindowManager(  163): finishLayoutLw::mHideKeyguard=false
W/PowerManagerService(  163): Timer 0x3->0x3|0x0
D/BatteryService(  163): update start
D/BatteryService(  163): update start
D/BatteryService(  163): update start
E/libgps  (  285): dns_query_loop: gethostbyname failed. h_errno 2
D/BatteryService(  163): update start
D/BatteryService(  163): update start
D/BatteryService(  163): update start
I/KeyInputQueue(  163): Input event
I/PowerManagerService(  163): Ulight 3->7|0
I/WindowManager(  163): Dsptch key to Window{4518afd0 org.mozilla.fennec_avik/org.mozilla.fennec_avik.App paused=false}
I/KeyInputQueue(  163): Input event
I/WindowManager(  163): Dsptch key to Window{45261770 AtchDlg:org.mozilla.fennec_avik/org.mozilla.fennec_avik.App paused=false}
I/WindowManager(  163): force=false top=Window{4518afd0 org.mozilla.fennec_avik/org.mozilla.fennec_avik.App paused=false}
V/WindowManager(  163): finishLayoutLw::mHideKeyguard=false
I/WindowManager(  163): force=false top=Window{4518afd0 org.mozilla.fennec_avik/org.mozilla.fennec_avik.App paused=false}
V/WindowManager(  163): finishLayoutLw::mHideKeyguard=false
I/WindowManager(  163): force=false top=Window{4518afd0 org.mozilla.fennec_avik/org.mozilla.fennec_avik.App paused=false}
V/WindowManager(  163): finishLayoutLw::mHideKeyguard=false
I/WindowManager(  163): force=false top=Window{4518afd0 org.mozilla.fennec_avik/org.mozilla.fennec_avik.App paused=false}
V/WindowManager(  163): finishLayoutLw::mHideKeyguard=false
I/WindowManager(  163): force=false top=Window{4518afd0 org.mozilla.fennec_avik/org.mozilla.fennec_avik.App paused=false}
V/WindowManager(  163): finishLayoutLw::mHideKeyguard=false
I/WindowManager(  163): force=false top=Window{4518afd0 org.mozilla.fennec_avik/org.mozilla.fennec_avik.App paused=false}
V/WindowManager(  163): finishLayoutLw::mHideKeyguard=false
I/WindowManager(  163): force=false top=Window{4518afd0 org.mozilla.fennec_avik/org.mozilla.fennec_avik.App paused=false}
V/WindowManager(  163): finishLayoutLw::mHideKeyguard=false
I/WindowManager(  163): force=false top=Window{4518afd0 org.mozilla.fennec_avik/org.mozilla.fennec_avik.App paused=false}
V/WindowManager(  163): finishLayoutLw::mHideKeyguard=false
I/WindowManager(  163): force=false top=Window{4518afd0 org.mozilla.fennec_avik/org.mozilla.fennec_avik.App paused=false}
V/WindowManager(  163): finishLayoutLw::mHideKeyguard=false
I/WindowManager(  163): force=false top=Window{4518afd0 org.mozilla.fennec_avik/org.mozilla.fennec_avik.App paused=false}
V/WindowManager(  163): finishLayoutLw::mHideKeyguard=false
I/WindowManager(  163): force=false top=Window{4518afd0 org.mozilla.fennec_avik/org.mozilla.fennec_avik.App paused=false}
V/WindowManager(  163): finishLayoutLw::mHideKeyguard=false
I/WindowManager(  163): force=false top=Window{4518afd0 org.mozilla.fennec_avik/org.mozilla.fennec_avik.App paused=false}
V/WindowManager(  163): finishLayoutLw::mHideKeyguard=false
V/WindowManager(  163): onOrientationChanged, rotation changed to 0
I/WindowManager(  163): Setting rotation to 0, animFlags=0
I/ActivityManager(  163): Config changed: { scale=1.0 imsi=0/0 loc=en_GB touch=3 keys=2/1/2 nav=2/1 orien=1 layout=34 uiMode=17 seq=18 FlipFont=0}
I/WindowManager(  163): force=false top=Window{4518afd0 org.mozilla.fennec_avik/org.mozilla.fennec_avik.App paused=false}
V/WindowManager(  163): finishLayoutLw::mHideKeyguard=false
I/WindowManager(  163): force=false top=Window{4518afd0 org.mozilla.fennec_avik/org.mozilla.fennec_avik.App paused=false}
V/WindowManager(  163): finishLayoutLw::mHideKeyguard=false
I/WindowManager(  163): force=false top=Window{4518afd0 org.mozilla.fennec_avik/org.mozilla.fennec_avik.App paused=false}
V/WindowManager(  163): finishLayoutLw::mHideKeyguard=false
I/WindowManager(  163): force=false top=Window{4518afd0 org.mozilla.fennec_avik/org.mozilla.fennec_avik.App paused=false}
V/WindowManager(  163): finishLayoutLw::mHideKeyguard=false
I/WindowManager(  163): force=false top=Window{4518afd0 org.mozilla.fennec_avik/org.mozilla.fennec_avik.App paused=false}
V/WindowManager(  163): finishLayoutLw::mHideKeyguard=false
I/WindowManager(  163): force=false top=Window{4518afd0 org.mozilla.fennec_avik/org.mozilla.fennec_avik.App paused=false}
V/WindowManager(  163): finishLayoutLw::mHideKeyguard=false
I/WindowManager(  163): force=false top=Window{4518afd0 org.mozilla.fennec_avik/org.mozilla.fennec_avik.App paused=false}
V/WindowManager(  163): finishLayoutLw::mHideKeyguard=false
I/WindowManager(  163): force=false top=Window{4518afd0 org.mozilla.fennec_avik/org.mozilla.fennec_avik.App paused=false}
V/WindowManager(  163): finishLayoutLw::mHideKeyguard=false
I/WindowManager(  163): force=false top=Window{4518afd0 org.mozilla.fennec_avik/org.mozilla.fennec_avik.App paused=false}
V/WindowManager(  163): finishLayoutLw::mHideKeyguard=false
I/WindowManager(  163): force=false top=Window{4518afd0 org.mozilla.fennec_avik/org.mozilla.fennec_avik.App paused=false}
V/WindowManager(  163): finishLayoutLw::mHideKeyguard=false
I/WindowManager(  163): force=false top=Window{4518afd0 org.mozilla.fennec_avik/org.mozilla.fennec_avik.App paused=false}
V/WindowManager(  163): finishLayoutLw::mHideKeyguard=false
I/WindowManager(  163): force=false top=Window{4518afd0 org.mozilla.fennec_avik/org.mozilla.fennec_avik.App paused=false}
V/WindowManager(  163): finishLayoutLw::mHideKeyguard=false
I/WindowManager(  163): force=false top=Window{4518afd0 org.mozilla.fennec_avik/org.mozilla.fennec_avik.App paused=false}
V/WindowManager(  163): finishLayoutLw::mHideKeyguard=false
I/WindowManager(  163): force=false top=Window{4518afd0 org.mozilla.fennec_avik/org.mozilla.fennec_avik.App paused=false}
V/WindowManager(  163): finishLayoutLw::mHideKeyguard=false
I/WindowManager(  163): force=false top=Window{4518afd0 org.mozilla.fennec_avik/org.mozilla.fennec_avik.App paused=false}
V/WindowManager(  163): finishLayoutLw::mHideKeyguard=false
I/WindowManager(  163): force=false top=Window{4518afd0 org.mozilla.fennec_avik/org.mozilla.fennec_avik.App paused=false}
V/WindowManager(  163): finishLayoutLw::mHideKeyguard=false
I/WindowManager(  163): force=false top=Window{4518afd0 org.mozilla.fennec_avik/org.mozilla.fennec_avik.App paused=false}
V/WindowManager(  163): finishLayoutLw::mHideKeyguard=false
I/WindowManager(  163): force=false top=Window{4518afd0 org.mozilla.fennec_avik/org.mozilla.fennec_avik.App paused=false}
V/WindowManager(  163): finishLayoutLw::mHideKeyguard=false
E/libEGL  (  509): eglMakeCurrent:1144 error 3009 (EGL_BAD_MATCH)
D/GeckoLayerClient(  509): Screen-size changed to (240,400)
D/GeckoLayerClient(  509): Window-size changed to (240,381)
I/WindowManager(  163): force=false top=Window{4518afd0 org.mozilla.fennec_avik/org.mozilla.fennec_avik.App paused=false}
V/WindowManager(  163): finishLayoutLw::mHideKeyguard=false
I/WindowManager(  163): force=false top=Window{4518afd0 org.mozilla.fennec_avik/org.mozilla.fennec_avik.App paused=false}
V/WindowManager(  163): finishLayoutLw::mHideKeyguard=false
I/WindowManager(  163): force=false top=Window{4518afd0 org.mozilla.fennec_avik/org.mozilla.fennec_avik.App paused=false}
V/WindowManager(  163): finishLayoutLw::mHideKeyguard=false
I/WindowManager(  163): force=false top=Window{4518afd0 org.mozilla.fennec_avik/org.mozilla.fennec_avik.App paused=false}
V/WindowManager(  163): finishLayoutLw::mHideKeyguard=false
I/WindowManager(  163): force=false top=Window{4518afd0 org.mozilla.fennec_avik/org.mozilla.fennec_avik.App paused=false}
V/WindowManager(  163): finishLayoutLw::mHideKeyguard=false
I/KeyInputQueue(  163): Enqueueing touch event
I/WindowManager(  163): Delivering pointer toWindow{45263e98 AtchDlg:org.mozilla.fennec_avik/org.mozilla.fennec_avik.App paused=false}
I/WindowManager(  163): force=false top=Window{4518afd0 org.mozilla.fennec_avik/org.mozilla.fennec_avik.App paused=false}
V/WindowManager(  163): finishLayoutLw::mHideKeyguard=false
W/InputManagerService(  163): Window already focused, ignoring focus gain of: com.android.internal.view.IInputMethodClient$Stub$Proxy@45021d10
I/WindowManager(  163): force=false top=Window{4518afd0 org.mozilla.fennec_avik/org.mozilla.fennec_avik.App paused=false}
V/WindowManager(  163): finishLayoutLw::mHideKeyguard=false
I/WindowManager(  163): force=false top=Window{4518afd0 org.mozilla.fennec_avik/org.mozilla.fennec_avik.App paused=false}
V/WindowManager(  163): finishLayoutLw::mHideKeyguard=false
I/WindowManager(  163): force=false top=Window{4518afd0 org.mozilla.fennec_avik/org.mozilla.fennec_avik.App paused=false}
V/WindowManager(  163): finishLayoutLw::mHideKeyguard=false
I/WindowManager(  163): force=false top=Window{4518afd0 org.mozilla.fennec_avik/org.mozilla.fennec_avik.App paused=false}
V/WindowManager(  163): finishLayoutLw::mHideKeyguard=false
I/WindowManager(  163): force=false top=Window{4518afd0 org.mozilla.fennec_avik/org.mozilla.fennec_avik.App paused=false}
V/WindowManager(  163): finishLayoutLw::mHideKeyguard=false
I/WindowManager(  163): force=false top=Window{4518afd0 org.mozilla.fennec_avik/org.mozilla.fennec_avik.App paused=false}
V/WindowManager(  163): finishLayoutLw::mHideKeyguard=false
I/WindowManager(  163): force=false top=Window{4518afd0 org.mozilla.fennec_avik/org.mozilla.fennec_avik.App paused=false}
V/WindowManager(  163): finishLayoutLw::mHideKeyguard=false
I/WindowManager(  163): force=false top=Window{4518afd0 org.mozilla.fennec_avik/org.mozilla.fennec_avik.App paused=false}
V/WindowManager(  163): finishLayoutLw::mHideKeyguard=false
I/WindowManager(  163): force=false top=Window{4518afd0 org.mozilla.fennec_avik/org.mozilla.fennec_avik.App paused=false}
V/WindowManager(  163): finishLayoutLw::mHideKeyguard=false
I/WindowManager(  163): force=false top=Window{4518afd0 org.mozilla.fennec_avik/org.mozilla.fennec_avik.App paused=false}
V/WindowManager(  163): finishLayoutLw::mHideKeyguard=false
I/WindowManager(  163): force=false top=Window{4518afd0 org.mozilla.fennec_avik/org.mozilla.fennec_avik.App paused=false}
V/WindowManager(  163): finishLayoutLw::mHideKeyguard=false
I/WindowManager(  163): force=false top=Window{4518afd0 org.mozilla.fennec_avik/org.mozilla.fennec_avik.App paused=false}
V/WindowManager(  163): finishLayoutLw::mHideKeyguard=false
I/KeyInputQueue(  163): Enqueueing touch event
I/KeyInputQueue(  163): Input event
I/WindowManager(  163): Dsptch key to Window{4518afd0 org.mozilla.fennec_avik/org.mozilla.fennec_avik.App paused=false}
I/WindowManager(  163): force=false top=Window{4518afd0 org.mozilla.fennec_avik/org.mozilla.fennec_avik.App paused=false}
V/WindowManager(  163): finishLayoutLw::mHideKeyguard=false
I/WindowManager(  163): force=false top=Window{4518afd0 org.mozilla.fennec_avik/org.mozilla.fennec_avik.App paused=false}
V/WindowManager(  163): finishLayoutLw::mHideKeyguard=false
I/WindowManager(  163): force=false top=Window{4518afd0 org.mozilla.fennec_avik/org.mozilla.fennec_avik.App paused=false}
V/WindowManager(  163): finishLayoutLw::mHideKeyguard=false
I/WindowManager(  163): force=false top=Window{4518afd0 org.mozilla.fennec_avik/org.mozilla.fennec_avik.App paused=false}
V/WindowManager(  163): finishLayoutLw::mHideKeyguard=false
I/WindowManager(  163): force=false top=Window{4518afd0 org.mozilla.fennec_avik/org.mozilla.fennec_avik.App paused=false}
V/WindowManager(  163): finishLayoutLw::mHideKeyguard=false
I/WindowManager(  163): force=false top=Window{4518afd0 org.mozilla.fennec_avik/org.mozilla.fennec_avik.App paused=false}
V/WindowManager(  163): finishLayoutLw::mHideKeyguard=false
I/WindowManager(  163): force=false top=Window{4518afd0 org.mozilla.fennec_avik/org.mozilla.fennec_avik.App paused=false}
V/WindowManager(  163): finishLayoutLw::mHideKeyguard=false
I/WindowManager(  163): force=false top=Window{4518afd0 org.mozilla.fennec_avik/org.mozilla.fennec_avik.App paused=false}
V/WindowManager(  163): finishLayoutLw::mHideKeyguard=false
I/WindowManager(  163): force=false top=Window{4518afd0 org.mozilla.fennec_avik/org.mozilla.fennec_avik.App paused=false}
V/WindowManager(  163): finishLayoutLw::mHideKeyguard=false
I/WindowManager(  163): force=false top=Window{4518afd0 org.mozilla.fennec_avik/org.mozilla.fennec_avik.App paused=false}
V/WindowManager(  163): finishLayoutLw::mHideKeyguard=false
I/KeyInputQueue(  163): Input event
I/WindowManager(  163): Dsptch key to Window{452880c0 AtchDlg:org.mozilla.fennec_avik/org.mozilla.fennec_avik.App paused=false}
I/WindowManager(  163): force=false top=Window{4518afd0 org.mozilla.fennec_avik/org.mozilla.fennec_avik.App paused=false}
V/WindowManager(  163): finishLayoutLw::mHideKeyguard=false
I/WindowManager(  163): force=false top=Window{4518afd0 org.mozilla.fennec_avik/org.mozilla.fennec_avik.App paused=false}
V/WindowManager(  163): finishLayoutLw::mHideKeyguard=false
I/WindowManager(  163): force=false top=Window{4518afd0 org.mozilla.fennec_avik/org.mozilla.fennec_avik.App paused=false}
V/WindowManager(  163): finishLayoutLw::mHideKeyguard=false
I/KeyInputQueue(  163): Enqueueing touch event
I/WindowManager(  163): Delivering pointer toWindow{452880c0 AtchDlg:org.mozilla.fennec_avik/org.mozilla.fennec_avik.App paused=false}
I/KeyInputQueue(  163): Enqueueing touch event
I/WindowManager(  163): Delivering pointer toWindow{452880c0 AtchDlg:org.mozilla.fennec_avik/org.mozilla.fennec_avik.App paused=false}
V/AudioFlinger(   91): Track constructor name 4097, calling thread 163
V/AudioFlinger(   91): start(4097), calling thread 163
V/AudioFlinger(   91): ? => ACTIVE (4097) on thread 0x187e8
V/AudioPolicyManager(   91): startOutput() output 1, stream 1
E/AudioPolicyManagerBase(   91): unknown stream type
E/AudioPolicyManagerBase(   91): unknown stream type
E/AudioPolicyManagerBase(   91): unknown stream type
V/AudioPolicyManager(   91): getDeviceForStrategy() from cache strategy 0, device 2
V/AudioPolicyManager(   91): getNewDevice() selected device 2
V/AudioPolicyManager(   91): setOutputDevice() output 1 device 2 force 0 delayMs 0
V/AudioPolicyManager(   91): setOutputDevice() setting same device 2 or null device for output 1
V/AudioFlinger(   91): mWaitWorkCV.broadcast
V/AudioFlinger(   91): MixerThread 0xbab0 TID 145 waking up
V/AudioPolicyManager(   91): releaseOutput() 1
V/AudioFlinger(   91): remove track (4098) and delete from mixer
V/AudioFlinger(   91): PlaybackThread::Track destructor
I/WindowManager(  163): force=false top=Window{4518afd0 org.mozilla.fennec_avik/org.mozilla.fennec_avik.App paused=false}
V/WindowManager(  163): finishLayoutLw::mHideKeyguard=false
V/AudioHardwareMSM72XX(   91): open driver
V/AudioHardwareMSM72XX(   91): get config
V/AudioHardwareMSM72XX(   91): set config
V/AudioHardwareMSM72XX(   91): buffer_size: 4800
V/AudioHardwareMSM72XX(   91): buffer_count: 2
V/AudioHardwareMSM72XX(   91): channel_count: 2
V/AudioHardwareMSM72XX(   91): sample_rate: 44100
I/WindowManager(  163): force=false top=Window{4518afd0 org.mozilla.fennec_avik/org.mozilla.fennec_avik.App paused=false}
V/WindowManager(  163): finishLayoutLw::mHideKeyguard=false
I/WindowManager(  163): force=false top=Window{4518afd0 org.mozilla.fennec_avik/org.mozilla.fennec_avik.App paused=false}
V/WindowManager(  163): finishLayoutLw::mHideKeyguard=false
I/WindowManager(  163): force=false top=Window{4518afd0 org.mozilla.fennec_avik/org.mozilla.fennec_avik.App paused=false}
V/WindowManager(  163): finishLayoutLw::mHideKeyguard=false
I/WindowManager(  163): force=false top=Window{4518afd0 org.mozilla.fennec_avik/org.mozilla.fennec_avik.App paused=false}
V/WindowManager(  163): finishLayoutLw::mHideKeyguard=false
I/WindowManager(  163): force=false top=Window{4518afd0 org.mozilla.fennec_avik/org.mozilla.fennec_avik.App paused=false}
V/WindowManager(  163): finishLayoutLw::mHideKeyguard=false
I/WindowManager(  163): force=false top=Window{4518afd0 org.mozilla.fennec_avik/org.mozilla.fennec_avik.App paused=false}
V/WindowManager(  163): finishLayoutLw::mHideKeyguard=false
I/WindowManager(  163): force=false top=Window{4518afd0 org.mozilla.fennec_avik/org.mozilla.fennec_avik.App paused=false}
V/WindowManager(  163): finishLayoutLw::mHideKeyguard=false
I/WindowManager(  163): force=false top=Window{4518afd0 org.mozilla.fennec_avik/org.mozilla.fennec_avik.App paused=false}
V/WindowManager(  163): finishLayoutLw::mHideKeyguard=false
I/WindowManager(  163): force=false top=Window{4518afd0 org.mozilla.fennec_avik/org.mozilla.fennec_avik.App paused=false}
V/WindowManager(  163): finishLayoutLw::mHideKeyguard=false
I/WindowManager(  163): force=false top=Window{4518afd0 org.mozilla.fennec_avik/org.mozilla.fennec_avik.App paused=false}
V/WindowManager(  163): finishLayoutLw::mHideKeyguard=false
I/WindowManager(  163): force=false top=Window{4518afd0 org.mozilla.fennec_avik/org.mozilla.fennec_avik.App paused=false}
V/WindowManager(  163): finishLayoutLw::mHideKeyguard=false
W/AudioFlinger(   91): write blocked for 167 msecs, 12 delayed writes, thread 0xbab0
I/WindowManager(  163): force=false top=Window{4518afd0 org.mozilla.fennec_avik/org.mozilla.fennec_avik.App paused=false}
V/WindowManager(  163): finishLayoutLw::mHideKeyguard=false
I/WindowManager(  163): force=false top=Window{4518afd0 org.mozilla.fennec_avik/org.mozilla.fennec_avik.App paused=false}
V/WindowManager(  163): finishLayoutLw::mHideKeyguard=false
I/WindowManager(  163): force=false top=Window{4518afd0 org.mozilla.fennec_avik/org.mozilla.fennec_avik.App paused=false}
V/WindowManager(  163): finishLayoutLw::mHideKeyguard=false
I/WindowManager(  163): force=false top=Window{4518afd0 org.mozilla.fennec_avik/org.mozilla.fennec_avik.App paused=false}
V/WindowManager(  163): finishLayoutLw::mHideKeyguard=false
I/WindowManager(  163): force=false top=Window{4518afd0 org.mozilla.fennec_avik/org.mozilla.fennec_avik.App paused=false}
V/WindowManager(  163): finishLayoutLw::mHideKeyguard=false
I/WindowManager(  163): force=false top=Window{4518afd0 org.mozilla.fennec_avik/org.mozilla.fennec_avik.App paused=false}
V/WindowManager(  163): finishLayoutLw::mHideKeyguard=false
I/WindowManager(  163): force=false top=Window{4518afd0 org.mozilla.fennec_avik/org.mozilla.fennec_avik.App paused=false}
V/WindowManager(  163): finishLayoutLw::mHideKeyguard=false
I/WindowManager(  163): force=false top=Window{4518afd0 org.mozilla.fennec_avik/org.mozilla.fennec_avik.App paused=false}
V/WindowManager(  163): finishLayoutLw::mHideKeyguard=false
I/WindowManager(  163): force=false top=Window{4518afd0 org.mozilla.fennec_avik/org.mozilla.fennec_avik.App paused=false}
V/WindowManager(  163): finishLayoutLw::mHideKeyguard=false
V/AudioFlinger(   91): getNextBuffer() no more data for track 4097 on thread 0xbab0
V/AudioFlinger(   91): stop(4097), calling thread 163
V/AudioFlinger(   91): (> STOPPED) => STOPPED (4097) on thread 0xbab0
V/AudioPolicyManager(   91): stopOutput() output 1, stream 1
E/AudioPolicyManagerBase(   91): unknown stream type
E/AudioPolicyManagerBase(   91): unknown stream type
E/AudioPolicyManagerBase(   91): unknown stream type
E/AudioPolicyManagerBase(   91): unknown stream type
V/AudioPolicyManager(   91): getNewDevice() selected device 0
V/AudioPolicyManager(   91): setOutputDevice() output 1 device 0 force 0 delayMs 150
V/AudioPolicyManager(   91): setOutputDevice() setting same device 0 or null device for output 1
I/WindowManager(  163): force=false top=Window{4518afd0 org.mozilla.fennec_avik/org.mozilla.fennec_avik.App paused=false}
V/WindowManager(  163): finishLayoutLw::mHideKeyguard=false
V/AudioFlinger(   91): TrackBase::reset
I/WindowManager(  163): force=false top=Window{4518afd0 org.mozilla.fennec_avik/org.mozilla.fennec_avik.App paused=false}
V/WindowManager(  163): finishLayoutLw::mHideKeyguard=false
I/WindowManager(  163): force=false top=Window{4518afd0 org.mozilla.fennec_avik/org.mozilla.fennec_avik.App paused=false}
V/WindowManager(  163): finishLayoutLw::mHideKeyguard=false
I/WindowManager(  163): force=false top=Window{4518afd0 org.mozilla.fennec_avik/org.mozilla.fennec_avik.App paused=false}
V/WindowManager(  163): finishLayoutLw::mHideKeyguard=false
I/WindowManager(  163): force=false top=Window{4518afd0 org.mozilla.fennec_avik/org.mozilla.fennec_avik.App paused=false}
V/WindowManager(  163): finishLayoutLw::mHideKeyguard=false
I/WindowManager(  163): force=false top=Window{4518afd0 org.mozilla.fennec_avik/org.mozilla.fennec_avik.App paused=false}
V/WindowManager(  163): finishLayoutLw::mHideKeyguard=false
I/KeyInputQueue(  163): Enqueueing touch event
I/WindowManager(  163): Delivering pointer toWindow{452e0790 AtchDlg:org.mozilla.fennec_avik/org.mozilla.fennec_avik.App paused=false}
I/WindowManager(  163): force=false top=Window{4518afd0 org.mozilla.fennec_avik/org.mozilla.fennec_avik.App paused=false}
V/WindowManager(  163): finishLayoutLw::mHideKeyguard=false
I/KeyInputQueue(  163): Enqueueing touch event
I/WindowManager(  163): Delivering pointer toWindow{452e0790 AtchDlg:org.mozilla.fennec_avik/org.mozilla.fennec_avik.App paused=false}
I/KeyInputQueue(  163): Enqueueing touch event
I/WindowManager(  163): Delivering pointer toWindow{452e0790 AtchDlg:org.mozilla.fennec_avik/org.mozilla.fennec_avik.App paused=false}
I/KeyInputQueue(  163): Enqueueing touch event
I/WindowManager(  163): Delivering pointer toWindow{452e0790 AtchDlg:org.mozilla.fennec_avik/org.mozilla.fennec_avik.App paused=false}
D/BatteryService(  163): update start
D/BatteryService(  163): update start
D/BatteryService(  163): update start
V/AudioFlinger(   91): Track constructor name 4098, calling thread 163
V/AudioFlinger(   91): start(4098), calling thread 163
V/AudioFlinger(   91): ? => ACTIVE (4098) on thread 0x18720
V/AudioPolicyManager(   91): startOutput() output 1, stream 1
E/AudioPolicyManagerBase(   91): unknown stream type
E/AudioPolicyManagerBase(   91): unknown stream type
E/AudioPolicyManagerBase(   91): unknown stream type
V/AudioPolicyManager(   91): getDeviceForStrategy() from cache strategy 0, device 2
V/AudioPolicyManager(   91): getNewDevice() selected device 2
V/AudioPolicyManager(   91): setOutputDevice() output 1 device 2 force 0 delayMs 0
V/AudioPolicyManager(   91): setOutputDevice() setting same device 2 or null device for output 1
V/AudioFlinger(   91): mWaitWorkCV.broadcast
V/AudioPolicyManager(   91): releaseOutput() 1
V/AudioFlinger(   91): remove track (4097) and delete from mixer
V/AudioFlinger(   91): PlaybackThread::Track destructor
I/ActivityManager(  163): Starting activity: Intent { cmp=org.mozilla.fennec_avik/org.mozilla.gecko.GeckoPreferences }
D/GeckoHealthRec(  509): Recording session end: P
I/WindowManager(  163): force=false top=null
V/WindowManager(  163): finishLayoutLw::mHideKeyguard=false
I/WindowManager(  163): force=false top=null
V/WindowManager(  163): finishLayoutLw::mHideKeyguard=false
E/GeckoConnectivityReceiver(  509): Registering receiver failed
D/GeckoSessInfo(  509): Recording session done: 1372337939398
I/WindowManager(  163): force=false top=null
V/WindowManager(  163): finishLayoutLw::mHideKeyguard=false
V/AudioFlinger(   91): getNextBuffer() no more data for track 4098 on thread 0xbab0
V/AudioFlinger(   91): stop(4098), calling thread 163
V/AudioFlinger(   91): (> STOPPED) => STOPPED (4098) on thread 0xbab0
V/AudioPolicyManager(   91): stopOutput() output 1, stream 1
E/AudioPolicyManagerBase(   91): unknown stream type
E/AudioPolicyManagerBase(   91): unknown stream type
E/AudioPolicyManagerBase(   91): unknown stream type
E/AudioPolicyManagerBase(   91): unknown stream type
V/AudioPolicyManager(   91): getNewDevice() selected device 0
V/AudioPolicyManager(   91): setOutputDevice() output 1 device 0 force 0 delayMs 150
V/AudioPolicyManager(   91): setOutputDevice() setting same device 0 or null device for output 1
V/AudioFlinger(   91): TrackBase::reset
I/WindowManager(  163): force=false top=Window{452eee00 org.mozilla.fennec_avik/org.mozilla.gecko.GeckoPreferences paused=false}
V/WindowManager(  163): finishLayoutLw::mHideKeyguard=false
I/WindowManager(  163): force=false top=Window{452eee00 org.mozilla.fennec_avik/org.mozilla.gecko.GeckoPreferences paused=false}
V/WindowManager(  163): finishLayoutLw::mHideKeyguard=false
I/WindowManager(  163): force=false top=Window{452eee00 org.mozilla.fennec_avik/org.mozilla.gecko.GeckoPreferences paused=false}
V/WindowManager(  163): finishLayoutLw::mHideKeyguard=false
I/WindowManager(  163): force=false top=Window{452eee00 org.mozilla.fennec_avik/org.mozilla.gecko.GeckoPreferences paused=false}
V/WindowManager(  163): finishLayoutLw::mHideKeyguard=false
I/WindowManager(  163): force=false top=Window{452eee00 org.mozilla.fennec_avik/org.mozilla.gecko.GeckoPreferences paused=false}
V/WindowManager(  163): finishLayoutLw::mHideKeyguard=false
I/WindowManager(  163): force=false top=Window{452eee00 org.mozilla.fennec_avik/org.mozilla.gecko.GeckoPreferences paused=false}
V/WindowManager(  163): finishLayoutLw::mHideKeyguard=false
I/WindowManager(  163): force=false top=Window{452eee00 org.mozilla.fennec_avik/org.mozilla.gecko.GeckoPreferences paused=false}
V/WindowManager(  163): finishLayoutLw::mHideKeyguard=false
I/WindowManager(  163): force=false top=Window{452eee00 org.mozilla.fennec_avik/org.mozilla.gecko.GeckoPreferences paused=false}
V/WindowManager(  163): finishLayoutLw::mHideKeyguard=false
I/WindowManager(  163): force=false top=Window{452eee00 org.mozilla.fennec_avik/org.mozilla.gecko.GeckoPreferences paused=false}
V/WindowManager(  163): finishLayoutLw::mHideKeyguard=false
I/WindowManager(  163): force=false top=Window{452eee00 org.mozilla.fennec_avik/org.mozilla.gecko.GeckoPreferences paused=false}
V/WindowManager(  163): finishLayoutLw::mHideKeyguard=false
I/WindowManager(  163): force=false top=Window{452eee00 org.mozilla.fennec_avik/org.mozilla.gecko.GeckoPreferences paused=false}
V/WindowManager(  163): finishLayoutLw::mHideKeyguard=false
I/WindowManager(  163): force=false top=Window{452eee00 org.mozilla.fennec_avik/org.mozilla.gecko.GeckoPreferences paused=false}
V/WindowManager(  163): finishLayoutLw::mHideKeyguard=false
I/WindowManager(  163): force=false top=Window{452eee00 org.mozilla.fennec_avik/org.mozilla.gecko.GeckoPreferences paused=false}
V/WindowManager(  163): finishLayoutLw::mHideKeyguard=false
I/WindowManager(  163): force=false top=Window{452eee00 org.mozilla.fennec_avik/org.mozilla.gecko.GeckoPreferences paused=false}
V/WindowManager(  163): finishLayoutLw::mHideKeyguard=false
I/ActivityManager(  163): Displayed activity org.mozilla.fennec_avik/org.mozilla.gecko.GeckoPreferences: 487 ms (total 487 ms)
I/WindowManager(  163): force=false top=Window{452eee00 org.mozilla.fennec_avik/org.mozilla.gecko.GeckoPreferences paused=false}
V/WindowManager(  163): finishLayoutLw::mHideKeyguard=false
I/WindowManager(  163): force=false top=Window{452eee00 org.mozilla.fennec_avik/org.mozilla.gecko.GeckoPreferences paused=false}
V/WindowManager(  163): finishLayoutLw::mHideKeyguard=false
I/ActivityThread(  509): queueIdle
V/ActivityThread(  509): Reporting idle of ActivityRecord{450e3640 token=android.os.BinderProxy@44fc3668 {org.mozilla.fennec_avik/org.mozilla.gecko.GeckoPreferences}} finished=false
W/ActivityNative(  509): send ACTIVITY_IDLE_TRANSACTION
W/ActivityNative(  163): RCV ACTIVITY_IDLE_TRANSACTION
I/KeyInputQueue(  163): Input event
I/WindowManager(  163): Dsptch key to Window{452eee00 org.mozilla.fennec_avik/org.mozilla.gecko.GeckoPreferences paused=false}
I/KeyInputQueue(  163): Input event
I/WindowManager(  163): Dsptch key to Window{452eee00 org.mozilla.fennec_avik/org.mozilla.gecko.GeckoPreferences paused=false}
I/WindowManager(  163): force=false top=null
V/WindowManager(  163): finishLayoutLw::mHideKeyguard=false
E/GeckoConnectivityReceiver(  509): Registering receiver failed
I/WindowManager(  163): force=false top=null
V/WindowManager(  163): finishLayoutLw::mHideKeyguard=false
I/WindowManager(  163): force=false top=null
V/WindowManager(  163): finishLayoutLw::mHideKeyguard=false
I/WindowManager(  163): force=false top=null
V/WindowManager(  163): finishLayoutLw::mHideKeyguard=false
I/WindowManager(  163): force=false top=null
V/WindowManager(  163): finishLayoutLw::mHideKeyguard=false
I/WindowManager(  163): force=false top=Window{4518afd0 org.mozilla.fennec_avik/org.mozilla.fennec_avik.App paused=false}
V/WindowManager(  163): finishLayoutLw::mHideKeyguard=false
I/WindowManager(  163): force=false top=Window{4518afd0 org.mozilla.fennec_avik/org.mozilla.fennec_avik.App paused=false}
V/WindowManager(  163): finishLayoutLw::mHideKeyguard=false
I/WindowManager(  163): force=false top=Window{4518afd0 org.mozilla.fennec_avik/org.mozilla.fennec_avik.App paused=false}
V/WindowManager(  163): finishLayoutLw::mHideKeyguard=false
I/WindowManager(  163): force=false top=Window{4518afd0 org.mozilla.fennec_avik/org.mozilla.fennec_avik.App paused=false}
V/WindowManager(  163): finishLayoutLw::mHideKeyguard=false
I/WindowManager(  163): force=false top=Window{4518afd0 org.mozilla.fennec_avik/org.mozilla.fennec_avik.App paused=false}
V/WindowManager(  163): finishLayoutLw::mHideKeyguard=false
D/GeckoSessInfo(  509): Recording start of session: 1372337997027
I/WindowManager(  163): force=false top=Window{4518afd0 org.mozilla.fennec_avik/org.mozilla.fennec_avik.App paused=false}
V/WindowManager(  163): finishLayoutLw::mHideKeyguard=false
I/WindowManager(  163): force=false top=Window{4518afd0 org.mozilla.fennec_avik/org.mozilla.fennec_avik.App paused=false}
V/WindowManager(  163): finishLayoutLw::mHideKeyguard=false
I/WindowManager(  163): force=false top=Window{4518afd0 org.mozilla.fennec_avik/org.mozilla.fennec_avik.App paused=false}
V/WindowManager(  163): finishLayoutLw::mHideKeyguard=false
I/WindowManager(  163): force=false top=Window{4518afd0 org.mozilla.fennec_avik/org.mozilla.fennec_avik.App paused=false}
V/WindowManager(  163): finishLayoutLw::mHideKeyguard=false
I/ActivityThread(  509): queueIdle
V/ActivityThread(  509): Reporting idle of ActivityRecord{45046398 token=android.os.BinderProxy@4503cca8 {org.mozilla.fennec_avik/org.mozilla.fennec_avik.App}} finished=false
W/ActivityNative(  509): send ACTIVITY_IDLE_TRANSACTION
W/ActivityNative(  163): RCV ACTIVITY_IDLE_TRANSACTION
I/WindowManager(  163): force=false top=Window{4518afd0 org.mozilla.fennec_avik/org.mozilla.fennec_avik.App paused=false}
V/WindowManager(  163): finishLayoutLw::mHideKeyguard=false
I/WindowManager(  163): force=false top=Window{4518afd0 org.mozilla.fennec_avik/org.mozilla.fennec_avik.App paused=false}
V/WindowManager(  163): finishLayoutLw::mHideKeyguard=false
I/WindowManager(  163): force=false top=Window{4518afd0 org.mozilla.fennec_avik/org.mozilla.fennec_avik.App paused=false}
V/WindowManager(  163): finishLayoutLw::mHideKeyguard=false
I/WindowManager(  163): force=false top=Window{4518afd0 org.mozilla.fennec_avik/org.mozilla.fennec_avik.App paused=false}
V/WindowManager(  163): finishLayoutLw::mHideKeyguard=false
I/WindowManager(  163): force=false top=Window{4518afd0 org.mozilla.fennec_avik/org.mozilla.fennec_avik.App paused=false}
V/WindowManager(  163): finishLayoutLw::mHideKeyguard=false
I/WindowManager(  163): force=false top=Window{4518afd0 org.mozilla.fennec_avik/org.mozilla.fennec_avik.App paused=false}
V/WindowManager(  163): finishLayoutLw::mHideKeyguard=false
I/KeyInputQueue(  163): Input event
I/WindowManager(  163): Dsptch key to Window{4518afd0 org.mozilla.fennec_avik/org.mozilla.fennec_avik.App paused=false}
I/WindowManager(  163): force=false top=Window{4518afd0 org.mozilla.fennec_avik/org.mozilla.fennec_avik.App paused=false}
V/WindowManager(  163): finishLayoutLw::mHideKeyguard=false
I/WindowManager(  163): force=false top=Window{4518afd0 org.mozilla.fennec_avik/org.mozilla.fennec_avik.App paused=false}
V/WindowManager(  163): finishLayoutLw::mHideKeyguard=false
I/WindowManager(  163): force=false top=Window{4518afd0 org.mozilla.fennec_avik/org.mozilla.fennec_avik.App paused=false}
V/WindowManager(  163): finishLayoutLw::mHideKeyguard=false
I/WindowManager(  163): force=false top=Window{4518afd0 org.mozilla.fennec_avik/org.mozilla.fennec_avik.App paused=false}
V/WindowManager(  163): finishLayoutLw::mHideKeyguard=false
I/KeyInputQueue(  163): Input event
I/WindowManager(  163): Dsptch key to Window{452fb768 AtchDlg:org.mozilla.fennec_avik/org.mozilla.fennec_avik.App paused=false}
I/WindowManager(  163): force=false top=Window{4518afd0 org.mozilla.fennec_avik/org.mozilla.fennec_avik.App paused=false}
V/WindowManager(  163): finishLayoutLw::mHideKeyguard=false
I/WindowManager(  163): force=false top=Window{4518afd0 org.mozilla.fennec_avik/org.mozilla.fennec_avik.App paused=false}
V/WindowManager(  163): finishLayoutLw::mHideKeyguard=false
I/WindowManager(  163): force=false top=Window{4518afd0 org.mozilla.fennec_avik/org.mozilla.fennec_avik.App paused=false}
V/WindowManager(  163): finishLayoutLw::mHideKeyguard=false
I/WindowManager(  163): force=false top=Window{4518afd0 org.mozilla.fennec_avik/org.mozilla.fennec_avik.App paused=false}
V/WindowManager(  163): finishLayoutLw::mHideKeyguard=false
I/WindowManager(  163): force=false top=Window{4518afd0 org.mozilla.fennec_avik/org.mozilla.fennec_avik.App paused=false}
V/WindowManager(  163): finishLayoutLw::mHideKeyguard=false
I/WindowManager(  163): force=false top=Window{4518afd0 org.mozilla.fennec_avik/org.mozilla.fennec_avik.App paused=false}
V/WindowManager(  163): finishLayoutLw::mHideKeyguard=false
I/WindowManager(  163): force=false top=Window{4518afd0 org.mozilla.fennec_avik/org.mozilla.fennec_avik.App paused=false}
V/WindowManager(  163): finishLayoutLw::mHideKeyguard=false
I/WindowManager(  163): force=false top=Window{4518afd0 org.mozilla.fennec_avik/org.mozilla.fennec_avik.App paused=false}
V/WindowManager(  163): finishLayoutLw::mHideKeyguard=false
I/WindowManager(  163): force=false top=Window{4518afd0 org.mozilla.fennec_avik/org.mozilla.fennec_avik.App paused=false}
V/WindowManager(  163): finishLayoutLw::mHideKeyguard=false
I/WindowManager(  163): force=false top=Window{4518afd0 org.mozilla.fennec_avik/org.mozilla.fennec_avik.App paused=false}
V/WindowManager(  163): finishLayoutLw::mHideKeyguard=false
I/KeyInputQueue(  163): Enqueueing touch event
I/WindowManager(  163): Delivering pointer toWindow{452fb768 AtchDlg:org.mozilla.fennec_avik/org.mozilla.fennec_avik.App paused=false}
V/AudioFlinger(   91): Audio hardware entering standby, mixer 0xbab0, mSuspended 0
V/AudioFlinger(   91): MixerThread 0xbab0 TID 145 going to sleep
V/AudioFlinger(   91): Track constructor name 4097, calling thread 163
I/KeyInputQueue(  163): Enqueueing touch event
I/WindowManager(  163): Delivering pointer toWindow{452fb768 AtchDlg:org.mozilla.fennec_avik/org.mozilla.fennec_avik.App paused=false}
V/AudioFlinger(   91): start(4097), calling thread 163
V/AudioFlinger(   91): ? => ACTIVE (4097) on thread 0x18a40
V/AudioPolicyManager(   91): startOutput() output 1, stream 1
E/AudioPolicyManagerBase(   91): unknown stream type
E/AudioPolicyManagerBase(   91): unknown stream type
E/AudioPolicyManagerBase(   91): unknown stream type
V/AudioPolicyManager(   91): getDeviceForStrategy() from cache strategy 0, device 2
V/AudioPolicyManager(   91): getNewDevice() selected device 2
V/AudioPolicyManager(   91): setOutputDevice() output 1 device 2 force 0 delayMs 0
V/AudioPolicyManager(   91): setOutputDevice() setting same device 2 or null device for output 1
V/AudioFlinger(   91): mWaitWorkCV.broadcast
V/AudioFlinger(   91): MixerThread 0xbab0 TID 145 waking up
V/AudioPolicyManager(   91): releaseOutput() 1
V/AudioFlinger(   91): remove track (4098) and delete from mixer
V/AudioFlinger(   91): PlaybackThread::Track destructor
I/WindowManager(  163): force=false top=Window{4518afd0 org.mozilla.fennec_avik/org.mozilla.fennec_avik.App paused=false}
V/WindowManager(  163): finishLayoutLw::mHideKeyguard=false
I/WindowManager(  163): force=false top=Window{4518afd0 org.mozilla.fennec_avik/org.mozilla.fennec_avik.App paused=false}
V/WindowManager(  163): finishLayoutLw::mHideKeyguard=false
V/AudioHardwareMSM72XX(   91): open driver
V/AudioHardwareMSM72XX(   91): get config
V/AudioHardwareMSM72XX(   91): set config
V/AudioHardwareMSM72XX(   91): buffer_size: 4800
V/AudioHardwareMSM72XX(   91): buffer_count: 2
V/AudioHardwareMSM72XX(   91): channel_count: 2
V/AudioHardwareMSM72XX(   91): sample_rate: 44100
I/WindowManager(  163): force=false top=Window{4518afd0 org.mozilla.fennec_avik/org.mozilla.fennec_avik.App paused=false}
V/WindowManager(  163): finishLayoutLw::mHideKeyguard=false
I/WindowManager(  163): force=false top=Window{4518afd0 org.mozilla.fennec_avik/org.mozilla.fennec_avik.App paused=false}
V/WindowManager(  163): finishLayoutLw::mHideKeyguard=false
I/WindowManager(  163): force=false top=Window{4518afd0 org.mozilla.fennec_avik/org.mozilla.fennec_avik.App paused=false}
V/WindowManager(  163): finishLayoutLw::mHideKeyguard=false
I/WindowManager(  163): force=false top=Window{4518afd0 org.mozilla.fennec_avik/org.mozilla.fennec_avik.App paused=false}
V/WindowManager(  163): finishLayoutLw::mHideKeyguard=false
I/WindowManager(  163): force=false top=Window{4518afd0 org.mozilla.fennec_avik/org.mozilla.fennec_avik.App paused=false}
V/WindowManager(  163): finishLayoutLw::mHideKeyguard=false
I/WindowManager(  163): force=false top=Window{4518afd0 org.mozilla.fennec_avik/org.mozilla.fennec_avik.App paused=false}
V/WindowManager(  163): finishLayoutLw::mHideKeyguard=false
I/WindowManager(  163): force=false top=Window{4518afd0 org.mozilla.fennec_avik/org.mozilla.fennec_avik.App paused=false}
V/WindowManager(  163): finishLayoutLw::mHideKeyguard=false
I/WindowManager(  163): force=false top=Window{4518afd0 org.mozilla.fennec_avik/org.mozilla.fennec_avik.App paused=false}
V/WindowManager(  163): finishLayoutLw::mHideKeyguard=false
I/WindowManager(  163): force=false top=Window{4518afd0 org.mozilla.fennec_avik/org.mozilla.fennec_avik.App paused=false}
V/WindowManager(  163): finishLayoutLw::mHideKeyguard=false
I/WindowManager(  163): force=false top=Window{4518afd0 org.mozilla.fennec_avik/org.mozilla.fennec_avik.App paused=false}
V/WindowManager(  163): finishLayoutLw::mHideKeyguard=false
I/WindowManager(  163): force=false top=Window{4518afd0 org.mozilla.fennec_avik/org.mozilla.fennec_avik.App paused=false}
V/WindowManager(  163): finishLayoutLw::mHideKeyguard=false
I/WindowManager(  163): force=false top=Window{4518afd0 org.mozilla.fennec_avik/org.mozilla.fennec_avik.App paused=false}
V/WindowManager(  163): finishLayoutLw::mHideKeyguard=false
I/WindowManager(  163): force=false top=Window{4518afd0 org.mozilla.fennec_avik/org.mozilla.fennec_avik.App paused=false}
V/WindowManager(  163): finishLayoutLw::mHideKeyguard=false
I/WindowManager(  163): force=false top=Window{4518afd0 org.mozilla.fennec_avik/org.mozilla.fennec_avik.App paused=false}
V/WindowManager(  163): finishLayoutLw::mHideKeyguard=false
I/WindowManager(  163): force=false top=Window{4518afd0 org.mozilla.fennec_avik/org.mozilla.fennec_avik.App paused=false}
V/WindowManager(  163): finishLayoutLw::mHideKeyguard=false
I/WindowManager(  163): force=false top=Window{4518afd0 org.mozilla.fennec_avik/org.mozilla.fennec_avik.App paused=false}
V/WindowManager(  163): finishLayoutLw::mHideKeyguard=false
I/WindowManager(  163): force=false top=Window{4518afd0 org.mozilla.fennec_avik/org.mozilla.fennec_avik.App paused=false}
V/WindowManager(  163): finishLayoutLw::mHideKeyguard=false
I/WindowManager(  163): force=false top=Window{4518afd0 org.mozilla.fennec_avik/org.mozilla.fennec_avik.App paused=false}
V/WindowManager(  163): finishLayoutLw::mHideKeyguard=false
I/WindowManager(  163): force=false top=Window{4518afd0 org.mozilla.fennec_avik/org.mozilla.fennec_avik.App paused=false}
V/WindowManager(  163): finishLayoutLw::mHideKeyguard=false
V/AudioFlinger(   91): getNextBuffer() no more data for track 4097 on thread 0xbab0
V/AudioFlinger(   91): stop(4097), calling thread 163
V/AudioFlinger(   91): (> STOPPED) => STOPPED (4097) on thread 0xbab0
V/AudioPolicyManager(   91): stopOutput() output 1, stream 1
E/AudioPolicyManagerBase(   91): unknown stream type
E/AudioPolicyManagerBase(   91): unknown stream type
E/AudioPolicyManagerBase(   91): unknown stream type
E/AudioPolicyManagerBase(   91): unknown stream type
V/AudioPolicyManager(   91): getNewDevice() selected device 0
V/AudioPolicyManager(   91): setOutputDevice() output 1 device 0 force 0 delayMs 150
V/AudioPolicyManager(   91): setOutputDevice() setting same device 0 or null device for output 1
I/WindowManager(  163): force=false top=Window{4518afd0 org.mozilla.fennec_avik/org.mozilla.fennec_avik.App paused=false}
V/WindowManager(  163): finishLayoutLw::mHideKeyguard=false
I/WindowManager(  163): force=false top=Window{4518afd0 org.mozilla.fennec_avik/org.mozilla.fennec_avik.App paused=false}
V/WindowManager(  163): finishLayoutLw::mHideKeyguard=false
V/AudioFlinger(   91): TrackBase::reset
I/KeyInputQueue(  163): Enqueueing touch event
I/WindowManager(  163): Delivering pointer toWindow{45304928 AtchDlg:org.mozilla.fennec_avik/org.mozilla.fennec_avik.App paused=false}
I/KeyInputQueue(  163): Enqueueing touch event
I/WindowManager(  163): Delivering pointer toWindow{45304928 AtchDlg:org.mozilla.fennec_avik/org.mozilla.fennec_avik.App paused=false}
V/AudioFlinger(   91): Track constructor name 4098, calling thread 163
V/AudioFlinger(   91): start(4098), calling thread 163
V/AudioFlinger(   91): ? => ACTIVE (4098) on thread 0x18ad8
V/AudioPolicyManager(   91): startOutput() output 1, stream 1
E/AudioPolicyManagerBase(   91): unknown stream type
E/AudioPolicyManagerBase(   91): unknown stream type
E/AudioPolicyManagerBase(   91): unknown stream type
V/AudioPolicyManager(   91): getDeviceForStrategy() from cache strategy 0, device 2
V/AudioPolicyManager(   91): getNewDevice() selected device 2
V/AudioPolicyManager(   91): setOutputDevice() output 1 device 2 force 0 delayMs 0
V/AudioPolicyManager(   91): setOutputDevice() setting same device 2 or null device for output 1
V/AudioFlinger(   91): mWaitWorkCV.broadcast
V/AudioPolicyManager(   91): releaseOutput() 1
V/AudioFlinger(   91): remove track (4097) and delete from mixer
V/AudioFlinger(   91): PlaybackThread::Track destructor
I/GeckoToolbar(  509): zerdatime 37797479 - Throbber start
I/WindowManager(  163): force=false top=Window{4518afd0 org.mozilla.fennec_avik/org.mozilla.fennec_avik.App paused=false}
V/WindowManager(  163): finishLayoutLw::mHideKeyguard=false
I/WindowManager(  163): force=false top=Window{4518afd0 org.mozilla.fennec_avik/org.mozilla.fennec_avik.App paused=false}
V/WindowManager(  163): finishLayoutLw::mHideKeyguard=false
I/WindowManager(  163): force=false top=Window{4518afd0 org.mozilla.fennec_avik/org.mozilla.fennec_avik.App paused=false}
V/WindowManager(  163): finishLayoutLw::mHideKeyguard=false
I/WindowManager(  163): force=false top=Window{4518afd0 org.mozilla.fennec_avik/org.mozilla.fennec_avik.App paused=false}
V/WindowManager(  163): finishLayoutLw::mHideKeyguard=false
I/WindowManager(  163): force=false top=Window{4518afd0 org.mozilla.fennec_avik/org.mozilla.fennec_avik.App paused=false}
V/WindowManager(  163): finishLayoutLw::mHideKeyguard=false
I/WindowManager(  163): force=false top=Window{4518afd0 org.mozilla.fennec_avik/org.mozilla.fennec_avik.App paused=false}
V/WindowManager(  163): finishLayoutLw::mHideKeyguard=false
I/WindowManager(  163): force=false top=Window{4518afd0 org.mozilla.fennec_avik/org.mozilla.fennec_avik.App paused=false}
