I/WindowManager(  163): force=false top=Window{4518afd0 org.mozilla.fennec_avik/org.mozilla.fennec_avik.App paused=false}
V/WindowManager(  163): finishLayoutLw::mHideKeyguard=false
I/WindowManager(  163): force=false top=Window{4518afd0 org.mozilla.fennec_avik/org.mozilla.fennec_avik.App paused=false}
V/WindowManager(  163): finishLayoutLw::mHideKeyguard=false
I/WindowManager(  163): force=false top=Window{4518afd0 org.mozilla.fennec_avik/org.mozilla.fennec_avik.App paused=false}
V/WindowManager(  163): finishLayoutLw::mHideKeyguard=false
I/WindowManager(  163): force=false top=Window{4518afd0 org.mozilla.fennec_avik/org.mozilla.fennec_avik.App paused=false}
V/WindowManager(  163): finishLayoutLw::mHideKeyguard=false
I/WindowManager(  163): force=false top=Window{4518afd0 org.mozilla.fennec_avik/org.mozilla.fennec_avik.App paused=false}
V/WindowManager(  163): finishLayoutLw::mHideKeyguard=false
I/WindowManager(  163): force=false top=Window{4518afd0 org.mozilla.fennec_avik/org.mozilla.fennec_avik.App paused=false}
V/WindowManager(  163): finishLayoutLw::mHideKeyguard=false
I/WindowManager(  163): force=false top=Window{4518afd0 org.mozilla.fennec_avik/org.mozilla.fennec_avik.App paused=false}
V/WindowManager(  163): finishLayoutLw::mHideKeyguard=false
I/WindowManager(  163): force=false top=Window{4518afd0 org.mozilla.fennec_avik/org.mozilla.fennec_avik.App paused=false}
V/WindowManager(  163): finishLayoutLw::mHideKeyguard=false
I/WindowManager(  163): force=false top=Window{4518afd0 org.mozilla.fennec_avik/org.mozilla.fennec_avik.App paused=false}
V/WindowManager(  163): finishLayoutLw::mHideKeyguard=false
I/WindowManager(  163): force=false top=Window{4518afd0 org.mozilla.fennec_avik/org.mozilla.fennec_avik.App paused=false}
V/WindowManager(  163): finishLayoutLw::mHideKeyguard=false
I/WindowManager(  163): force=false top=Window{4518afd0 org.mozilla.fennec_avik/org.mozilla.fennec_avik.App paused=false}
V/WindowManager(  163): finishLayoutLw::mHideKeyguard=false
D/BatteryService(  163): update start
D/BatteryService(  163): update start
D/BatteryService(  163): update start
I/KeyInputQueue(  163): Enqueueing touch event
I/WindowManager(  163): Delivering pointer toWindow{45304928 AtchDlg:org.mozilla.fennec_avik/org.mozilla.fennec_avik.App paused=false}
I/WindowManager(  163): force=false top=Window{4518afd0 org.mozilla.fennec_avik/org.mozilla.fennec_avik.App paused=false}
V/WindowManager(  163): finishLayoutLw::mHideKeyguard=false
I/WindowManager(  163): force=false top=Window{4518afd0 org.mozilla.fennec_avik/org.mozilla.fennec_avik.App paused=false}
V/WindowManager(  163): finishLayoutLw::mHideKeyguard=false
I/WindowManager(  163): force=false top=Window{4518afd0 org.mozilla.fennec_avik/org.mozilla.fennec_avik.App paused=false}
V/WindowManager(  163): finishLayoutLw::mHideKeyguard=false
I/KeyInputQueue(  163): Enqueueing touch event
I/WindowManager(  163): Delivering pointer toWindow{45304928 AtchDlg:org.mozilla.fennec_avik/org.mozilla.fennec_avik.App paused=false}
V/AudioFlinger(   91): Audio hardware entering standby, mixer 0xbab0, mSuspended 0
V/AudioFlinger(   91): MixerThread 0xbab0 TID 145 going to sleep
I/KeyInputQueue(  163): Enqueueing touch event
I/WindowManager(  163): Delivering pointer toWindow{45304928 AtchDlg:org.mozilla.fennec_avik/org.mozilla.fennec_avik.App paused=false}
I/WindowManager(  163): force=false top=Window{4518afd0 org.mozilla.fennec_avik/org.mozilla.fennec_avik.App paused=false}
V/WindowManager(  163): finishLayoutLw::mHideKeyguard=false
I/KeyInputQueue(  163): Enqueueing touch event
I/WindowManager(  163): Delivering pointer toWindow{45304928 AtchDlg:org.mozilla.fennec_avik/org.mozilla.fennec_avik.App paused=false}
E/libgps  (  285): dns_query_loop: gethostbyname failed. h_errno 2
W/PowerManagerService(  163): Timer 0x7->0x3|0x0
I/PowerManagerService(  163): Ulight 7->3|0
D/BatteryService(  163): update start
D/BatteryService(  163): update start
D/BatteryService(  163): update start
D/BatteryService(  163): update start
D/BatteryService(  163): update start
D/BatteryService(  163): update start
W/PowerManagerService(  163): Timer 0x3->0x1|0x0
I/PowerManagerService(  163): Ulight 3->1|0
I/PowerManagerService(  163): Setting target 2: cur=137.0 target=20 delta=-6.1578946 nominalCurrentValue=137
I/PowerManagerService(  163): Scheduling light animator!
I/PowerManagerService(  163): Light Animator Finished curIntValue=20
D/BatteryService(  163): update start
D/BatteryService(  163): update start
D/BatteryService(  163): update start
W/PowerManagerService(  163): Timer 0x1->0x0|0x0
I/PowerManagerService(  163): Ulight 1->0|0
I/PowerManagerService(  163): Setting target 2: cur=20.0 target=0 delta=-6.6666665 nominalCurrentValue=20
I/PowerManagerService(  163): Scheduling light animator!
I/PowerManagerService(  163): Light Animator Finished curIntValue=0
D/KeyguardViewMediator(  163): onScreenTurnedOff(3)
W/PowerManagerService(  163): CurLockF mPS:0 mUS=0
W/PowerManagerService(  163): mPokeLocks.size=0:
D/PowerManagerService(  163): sendNotificationLocked on=false
D/KeyguardViewMediator(  163): setting alarm to turn off keyguard, seq = 11
V/WindowManager(  163): Screen status=false, current orientation=-1, SensorEnabled=true
E/SensorManager(  163): unregisterListener: android.view.WindowOrientationListener$SensorEventListenerImpl@451e7760
V/WindowManager(  163): Disabling listeners
D/GeckoHealthRec(  509): Recording session end: P
E/FastDormancy(  241): [SCREEN_OFF] New FD Time: -1
D/FastDormancy(  241): [FD] INTENT ACTION android.intent.action.SCREEN_OFF
D/FastDormancy(  241): [FD] mIsScreenOn: false
I/Launcher(  247): ACTION_SCREEN_OFF
D/GeckoSessInfo(  509): Recording session done: 1372337026307
E/libgps  (  285): dns_query_loop: gethostbyname failed. h_errno 2
D/KeyguardViewMediator(  163): doKeyguard: showing the lock screen
D/KeyguardViewMediator(  163): showLocked
D/KeyguardViewMediator(  163): handleShow
D/LockScreen(  163): Updating Lock Screen text to Sim
D/LockScreen(  163): getCarrierString( telephonyPlmn =, telephonySpn = null)
D/LockScreen(  163): Updating Lock Screen text to Sim
D/LockScreen(  163): Updating Lock Screen text to Sim
D/KeyguardViewMediator(  163): adjustUserActivityLocked mShowing: true mHidden: false
D/StatusBar(  163): DISABLE_EXPAND: yes
D/PowerManagerService(  163): enableUserActivity false
I/WindowManager(  163): force=false top=Window{4518afd0 org.mozilla.fennec_avik/org.mozilla.fennec_avik.App paused=false}
V/WindowManager(  163): finishLayoutLw::mHideKeyguard=false
I/WindowManager(  163): force=false top=Window{4518afd0 org.mozilla.fennec_avik/org.mozilla.fennec_avik.App paused=false}
V/WindowManager(  163): finishLayoutLw::mHideKeyguard=false
I/WindowManager(  163): force=false top=Window{4518afd0 org.mozilla.fennec_avik/org.mozilla.fennec_avik.App paused=false}
V/WindowManager(  163): finishLayoutLw::mHideKeyguard=false
W/InputManagerService(  163): Window already focused, ignoring focus gain of: com.android.internal.view.IInputMethodClient$Stub$Proxy@450a3868
V/WindowManager(  163): Screen status=false, current orientation=5, SensorEnabled=false
I/WindowManager(  163): Setting rotation to 0, animFlags=1
I/ActivityManager(  163): Config changed: { scale=1.0 imsi=0/0 loc=en_GB touch=3 keys=2/1/2 nav=2/1 orien=1 layout=34 uiMode=17 seq=16 FlipFont=0}
I/WindowManager(  163): force=true top=Window{4518afd0 org.mozilla.fennec_avik/org.mozilla.fennec_avik.App paused=false}
V/WindowManager(  163): finishLayoutLw::mHideKeyguard=false
D/GoogleLoginService(  271): onBind: Intent { act=android.accounts.AccountAuthenticator cmp=com.google.android.gsf/.loginservice.GoogleLoginService }
I/WindowManager(  163): force=true top=null
V/WindowManager(  163): finishLayoutLw::mHideKeyguard=false
I/WindowManager(  163): force=true top=null
V/WindowManager(  163): finishLayoutLw::mHideKeyguard=false
I/WindowManager(  163): force=true top=null
V/WindowManager(  163): finishLayoutLw::mHideKeyguard=false
I/WindowManager(  163): force=true top=null
V/WindowManager(  163): finishLayoutLw::mHideKeyguard=false
I/WindowManager(  163): force=true top=null
V/WindowManager(  163): finishLayoutLw::mHideKeyguard=false
I/WindowManager(  163): force=true top=null
V/WindowManager(  163): finishLayoutLw::mHideKeyguard=false
I/WindowManager(  163): force=true top=null
V/WindowManager(  163): finishLayoutLw::mHideKeyguard=false
I/WindowManager(  163): force=true top=null
V/WindowManager(  163): finishLayoutLw::mHideKeyguard=false
I/WindowManager(  163): force=true top=null
V/WindowManager(  163): finishLayoutLw::mHideKeyguard=false
I/WindowManager(  163): force=true top=null
V/WindowManager(  163): finishLayoutLw::mHideKeyguard=false
I/WindowManager(  163): force=true top=null
V/WindowManager(  163): finishLayoutLw::mHideKeyguard=false
D/LockScreen(  163): Updating Lock Screen text to Sim
I/WindowManager(  163): force=true top=null
V/WindowManager(  163): finishLayoutLw::mHideKeyguard=false
I/WindowManager(  163): force=true top=null
V/WindowManager(  163): finishLayoutLw::mHideKeyguard=false
I/WindowManager(  163): force=true top=null
V/WindowManager(  163): finishLayoutLw::mHideKeyguard=false
I/WindowManager(  163): force=true top=null
V/WindowManager(  163): finishLayoutLw::mHideKeyguard=false
D/GeckoLayerClient(  509): Screen-size changed to (240,400)
D/GeckoLayerClient(  509): Window-size changed to (240,381)
D/LockScreen(  163): getCarrierString( telephonyPlmn =, telephonySpn = null)
I/WindowManager(  163): force=true top=null
V/WindowManager(  163): finishLayoutLw::mHideKeyguard=false
D/LockScreen(  163): Updating Lock Screen text to Sim
I/WindowManager(  163): force=true top=Window{4518afd0 org.mozilla.fennec_avik/org.mozilla.fennec_avik.App paused=false}
V/WindowManager(  163): finishLayoutLw::mHideKeyguard=false
I/WindowManager(  163): force=true top=Window{4518afd0 org.mozilla.fennec_avik/org.mozilla.fennec_avik.App paused=false}
V/WindowManager(  163): finishLayoutLw::mHideKeyguard=false
I/WindowManager(  163): force=true top=Window{4518afd0 org.mozilla.fennec_avik/org.mozilla.fennec_avik.App paused=false}
V/WindowManager(  163): finishLayoutLw::mHideKeyguard=false
I/WindowManager(  163): force=true top=Window{4518afd0 org.mozilla.fennec_avik/org.mozilla.fennec_avik.App paused=false}
V/WindowManager(  163): finishLayoutLw::mHideKeyguard=false
I/WindowManager(  163): force=true top=Window{4518afd0 org.mozilla.fennec_avik/org.mozilla.fennec_avik.App paused=false}
V/WindowManager(  163): finishLayoutLw::mHideKeyguard=false
I/WindowManager(  163): force=true top=Window{4518afd0 org.mozilla.fennec_avik/org.mozilla.fennec_avik.App paused=false}
V/WindowManager(  163): finishLayoutLw::mHideKeyguard=false
I/WindowManager(  163): force=true top=Window{4518afd0 org.mozilla.fennec_avik/org.mozilla.fennec_avik.App paused=false}
V/WindowManager(  163): finishLayoutLw::mHideKeyguard=false
I/WindowManager(  163): force=true top=Window{4518afd0 org.mozilla.fennec_avik/org.mozilla.fennec_avik.App paused=false}
V/WindowManager(  163): finishLayoutLw::mHideKeyguard=false
D/BatteryService(  163): update start
D/BatteryService(  163): update start
D/BatteryService(  163): update start
D/BatteryService(  163): update start
D/BatteryService(  163): update start
D/BatteryService(  163): update start
D/BatteryService(  163): update start
D/BatteryService(  163): CHARGER :: mBatteryStatus = 4
D/Vold    (   82): VolumeManager::handleSwitchEvent -> Changed USB status SWITCH_NAME(usb_mass_storage),SWITCH_STATE(offline) 
I/MountService(  163): onEvent:: raw= 620 Share method ums now unavailable, cooked = 620 Share method ums now unavailable, code = 620
D/MountService(  163): notifyShareAvailabilityChange :: method = ums, avail = false
D/Vold    (   82): VolumeManager::handleSwitchEvent -> Changed USB status SWITCH_NAME(MSM72K_UDC),SWITCH_STATE(offline) 
W/Vold    (   82): Ignoring unknown switch 'MSM72K_UDC'
E/StorageNotification(  163): UMS connection changed to false (media state mounted)
D/StorageNotification(  163): setUsbStorageNotification :: titleId = 0, messageId = 0, icon = 0, sound = false, visible = false
W/PowerManagerService(  163): Timer 0x0->0x0|0x0
I/WindowManager(  163): force=true top=Window{4518afd0 org.mozilla.fennec_avik/org.mozilla.fennec_avik.App paused=false}
V/WindowManager(  163): finishLayoutLw::mHideKeyguard=false
D/BatteryService(  163): updateBattery level:100 scale:100 status:4 health:2 present:true voltage: 4 temperature: 350 technology: Li-ion AC powered:false USB powered:false icon:17302185
D/BatteryService(  163): update start
D/BatteryService(  163): update start
I/WindowManager(  163): force=true top=Window{4518afd0 org.mozilla.fennec_avik/org.mozilla.fennec_avik.App paused=false}
V/WindowManager(  163): finishLayoutLw::mHideKeyguard=false
I/WindowManager(  163): force=true top=Window{4518afd0 org.mozilla.fennec_avik/org.mozilla.fennec_avik.App paused=false}
V/WindowManager(  163): finishLayoutLw::mHideKeyguard=false
I/PowerManagerService(  163): Ulight 0->3|0
I/PowerManagerService(  163): Setting target 2: cur=0.0 target=137 delta=9.133333 nominalCurrentValue=0
I/PowerManagerService(  163): Scheduling light animator!
D/KeyguardViewMediator(  163): [hjin81.lee] Get ACTION_BATTERY_CHANGED
D/KeyguardViewMediator(  163): [hjin81.lee] informBatteryStatus ~ battPlugged / battStatus / battHealth : false / 4 / 2
D/KeyguardViewMediator(  163): hideBatteryStatus
D/KeyguardViewMediator(  163): handleHideBatteryStatus
D/Tethering(  163): InitialState.processMessage what=4
D/Tethering(  163): sendTetherStateChangedBroadcast 0, 0, 0
I/StatusBarPolicy(  163): BAT. status:4 health:2
D/KeyguardViewMediator(  163): onScreenTurnedOn, seq = 12
D/KeyguardViewMediator(  163): notifyScreenOnLocked
D/KeyguardViewMediator(  163): handleNotifyScreenOn
D/LockScreen(  163): Updating Lock Screen text to Sim
V/WindowManager(  163): Screen status=true, current orientation=5, SensorEnabled=false
E/SensorManager(  163): registerListener 0:KR3DM delay:240
E/SensorManager(  163): =======>>>Sensor Thread RUNNING <<<========
V/WindowManager(  163): Enabling listeners
D/LockScreen(  163): Updating Lock Screen text to Sim
I/WindowManager(  163): force=true top=Window{4518afd0 org.mozilla.fennec_avik/org.mozilla.fennec_avik.App paused=false}
V/WindowManager(  163): finishLayoutLw::mHideKeyguard=false
I/WindowManager(  163): force=true top=Window{4518afd0 org.mozilla.fennec_avik/org.mozilla.fennec_avik.App paused=false}
V/WindowManager(  163): finishLayoutLw::mHideKeyguard=false
E/GeckoConnectivityReceiver(  509): Registering receiver failed
D/GeckoSessInfo(  509): Recording start of session: 1372337095115
I/WindowManager(  163): force=true top=Window{4518afd0 org.mozilla.fennec_avik/org.mozilla.fennec_avik.App paused=false}
V/WindowManager(  163): finishLayoutLw::mHideKeyguard=false
I/WindowManager(  163): force=true top=Window{4518afd0 org.mozilla.fennec_avik/org.mozilla.fennec_avik.App paused=false}
V/WindowManager(  163): finishLayoutLw::mHideKeyguard=false
I/ActivityThread(  509): queueIdle
V/ActivityThread(  509): Reporting idle of ActivityRecord{45046398 token=android.os.BinderProxy@4503cca8 {org.mozilla.fennec_avik/org.mozilla.fennec_avik.App}} finished=false
W/ActivityNative(  509): send ACTIVITY_IDLE_TRANSACTION
W/ActivityNative(  163): RCV ACTIVITY_IDLE_TRANSACTION
I/WindowManager(  163): force=true top=Window{4518afd0 org.mozilla.fennec_avik/org.mozilla.fennec_avik.App paused=false}
V/WindowManager(  163): finishLayoutLw::mHideKeyguard=false
I/WindowManager(  163): force=true top=Window{4518afd0 org.mozilla.fennec_avik/org.mozilla.fennec_avik.App paused=false}
V/WindowManager(  163): finishLayoutLw::mHideKeyguard=false
E/FastDormancy(  241): [SCREEN_ON] New FD Time: -1
D/FastDormancy(  241): [FD] INTENT ACTION android.intent.action.SCREEN_ON
D/FastDormancy(  241): [FD] mIsScreenOn: true
I/PowerManagerService(  163): Light Animator Finished curIntValue=137
W/PowerManagerService(  163): Timer 0x3->0x3|0x0
D/BatteryService(  163): update start
D/BatteryService(  163): update start
D/BatteryService(  163): update start
D/BatteryService(  163): update start
D/BatteryService(  163): update start
D/BatteryService(  163): update start
E/libgps  (  285): dns_query_loop: gethostbyname failed. h_errno 2
W/PowerManagerService(  163): Timer 0x3->0x1|0x0
I/PowerManagerService(  163): Ulight 3->1|0
I/PowerManagerService(  163): Setting target 2: cur=137.0 target=20 delta=-6.1578946 nominalCurrentValue=137
I/PowerManagerService(  163): Scheduling light animator!
I/PowerManagerService(  163): Light Animator Finished curIntValue=20
D/BatteryService(  163): update start
D/BatteryService(  163): update start
D/BatteryService(  163): update start
W/PowerManagerService(  163): Timer 0x1->0x0|0x0
I/PowerManagerService(  163): Ulight 1->0|0
I/PowerManagerService(  163): Setting target 2: cur=20.0 target=0 delta=-6.6666665 nominalCurrentValue=20
I/PowerManagerService(  163): Scheduling light animator!
I/PowerManagerService(  163): Light Animator Finished curIntValue=0
W/PowerManagerService(  163): CurLockF mPS:0 mUS=0
W/PowerManagerService(  163): mPokeLocks.size=0:
D/KeyguardViewMediator(  163): onScreenTurnedOff(3)
D/KeyguardViewMediator(  163): notifyScreenOffLocked
D/KeyguardViewMediator(  163): resetStateLocked
D/KeyguardViewMediator(  163): handleNotifyScreenOff
D/KeyguardViewMediator(  163): handleReset
I/WindowManager(  163): force=true top=Window{4518afd0 org.mozilla.fennec_avik/org.mozilla.fennec_avik.App paused=false}
V/WindowManager(  163): finishLayoutLw::mHideKeyguard=false
D/PowerManagerService(  163): sendNotificationLocked on=false
V/WindowManager(  163): Screen status=false, current orientation=5, SensorEnabled=true
E/SensorManager(  163): unregisterListener: android.view.WindowOrientationListener$SensorEventListenerImpl@451e7760
V/WindowManager(  163): Disabling listeners
D/GeckoHealthRec(  509): Recording session end: P
E/FastDormancy(  241): [SCREEN_OFF] New FD Time: -1
D/FastDormancy(  241): [FD] INTENT ACTION android.intent.action.SCREEN_OFF
D/FastDormancy(  241): [FD] mIsScreenOn: false
I/Launcher(  247): ACTION_SCREEN_OFF
D/GeckoSessInfo(  509): Recording session done: 1372337095115
D/BatteryService(  163): update start
D/BatteryService(  163): updateBattery level:100 scale:100 status:4 health:2 present:true voltage: 4 temperature: 300 technology: Li-ion AC powered:false USB powered:false icon:17302185
D/BatteryService(  163): update start
D/BatteryService(  163): update start
D/KeyguardViewMediator(  163): [hjin81.lee] Get ACTION_BATTERY_CHANGED
D/KeyguardViewMediator(  163): [hjin81.lee] informBatteryStatus ~ battPlugged / battStatus / battHealth : false / 4 / 2
D/KeyguardViewMediator(  163): hideBatteryStatus
D/KeyguardViewMediator(  163): handleHideBatteryStatus
E/Tethering(  163): attempting to remove unknown iface (usb0), ignoring
I/StatusBarPolicy(  163): BAT. status:4 health:2
I/EventLogService(  271): Aggregate from 1372335812965 (log), 1372335812965 (data)
D/BatteryService(  163): update start
D/BatteryService(  163): CHARGER :: mBatteryStatus = 2
D/NotificationService(  163): enqueueNotification :: notification.defaults = 2, Notification.DEFAULT_SOUND = 1, notification.sound = null
D/BatteryService(  163): updateBattery level:100 scale:100 status:2 health:2 present:true voltage: 4 temperature: 300 technology: Li-ion AC powered:false USB powered:true icon:17302193
D/KeyguardViewMediator(  163): [hjin81.lee] Get ACTION_BATTERY_CHANGED
D/KeyguardViewMediator(  163): [hjin81.lee] informBatteryStatus ~ battPlugged / battStatus / battHealth : true / 2 / 2
I/PowerManagerService(  163): Ulight 0->3|0
I/PowerManagerService(  163): Setting target 2: cur=0.0 target=137 delta=9.133333 nominalCurrentValue=0
I/PowerManagerService(  163): Scheduling light animator!
D/BatteryService(  163): update start
D/BatteryService(  163): update start
D/BatteryService(  163): update start
D/BatteryService(  163): update start
D/BatteryService(  163): update start
D/Tethering(  163): sendTetherStateChangedBroadcast 1, 0, 0
D/Tethering(  163): interfaceAdded :usb0
D/Vold    (   82): VolumeManager::handleSwitchEvent -> Changed USB status SWITCH_NAME(usb_mass_storage),SWITCH_STATE(online) 
I/MountService(  163): onEvent:: raw= 620 Share method ums now available, cooked = 620 Share method ums now available, code = 620
D/MountService(  163): notifyShareAvailabilityChange :: method = ums, avail = true
D/Vold    (   82): VolumeManager::handleSwitchEvent -> Changed USB status SWITCH_NAME(MSM72K_UDC),SWITCH_STATE(online) 
W/Vold    (   82): Ignoring unknown switch 'MSM72K_UDC'
V/UsbReceiver(  828): UsbReceiver.onReceive() ->  now 1372337756085
V/UsbReceiver(  828): UsbReceiver.onReceive() -> Intent.getAction() android.intent.action.UMS_CONNECTED
V/UsbReceiver(  828): UsbReceiver.onReceive() -> mIsBlockedAlertDlg: false, mAddSetScreen: false, mConnected: true
V/UsbReceiver(  828): UsbAlertWakeLock.onReceive()->WakeLock_acquire
I/StatusBarPolicy(  163): BAT. status:2 health:2
E/StorageNotification(  163): UMS connection changed to true (media state mounted)
D/StorageNotification(  163): setUsbStorageNotification :: titleId = 17040296, messageId = 17040297, icon = 17302223, sound = false, visible = true
D/NotificationService(  163): enqueueNotification :: notification.defaults = 0, Notification.DEFAULT_SOUND = 1, notification.sound = null
D/NotificationService(  163): enqueueNotification :: notification.defaults = 0, Notification.DEFAULT_SOUND = 1, notification.sound = null
I/PowerManagerService(  163): Ulight 3->7|0
E/UsbReceiver(  828): startFlag = true
D/KeyguardViewMediator(  163): onScreenTurnedOn, seq = 13
D/KeyguardViewMediator(  163): notifyScreenOnLocked
D/KeyguardViewMediator(  163): handleNotifyScreenOn
V/WindowManager(  163): Screen status=true, current orientation=5, SensorEnabled=false
E/SensorManager(  163): registerListener 0:KR3DM delay:240
I/ActivityManager(  163): Starting activity: Intent { flg=0x10040000 cmp=com.android.settings/.UsbSettingAlert (has extras) }
E/SensorManager(  163): =======>>>Sensor Thread RUNNING <<<========
V/WindowManager(  163): Enabling listeners
D/LockScreen(  163): Updating Lock Screen text to Sim
V/UsbReceiver(  828): UsbAlertWakeLock.onReceive()->WakeLock_release
V/##UsbSettingAlert(  828): UsbSettingAlert.onCreate()
E/##UsbSettingAlert(  828): Connected = true
I/PowerManagerService(  163): Ulight 7->3|0
D/LockScreen(  163): Updating Lock Screen text to Sim
E/##UsbSettingAlert(  828): getMassStorageConnected() = true
D/MountService(  163): isUsbMassStorageConnected :: 
D/MountService(  163): getUmsEnabling :: mUmsEnabling = false
D/VoldCmdListener(   82): share status ums
D/MountService(  163): doGetShareMethodAvailable :: method = ums, result = true
D/MountService(  163): isUsbMassStorageEnabled :: 
D/VoldCmdListener(   82): volume shared /mnt/sdcard ums
E/##UsbSettingAlert(  828): getMassStorageEnabled() = false
V/##UsbSettingAlert(  828): UsbSettingAlert.onCreate() readUmsMode: 0
V/##UsbSettingAlert(  828): UsbSettingAlert.onResume()
V/##UsbSettingAlert(  828): UsbSettingAlert.disableKeyguard()
D/KeyguardViewMediator(  163): setKeyguardEnabled(false)
D/KeyguardViewMediator(  163): remembering to reshow, hiding keyguard, disabling status bar expansion
D/KeyguardViewMediator(  163): hideLocked
D/MountService(  163): doGetVolumeShared :: path = /mnt/sdcard, method = ums, result = false
I/PowerManagerService(  163): Ulight 3->7|0
D/MountService(  163): isUsbMassStorageConnected :: 
D/MountService(  163): getUmsEnabling :: mUmsEnabling = false
D/VoldCmdListener(   82): share status ums
D/MountService(  163): doGetShareMethodAvailable :: method = ums, result = true
I/PowerManagerService(  163): Ulight 7->3|0
I/PowerManagerService(  163): Ulight 3->7|0
D/KeyguardViewMediator(  163): handleHide
D/KeyguardViewMediator(  163): adjustUserActivityLocked mShowing: false mHidden: false
D/PowerManagerService(  163): enableUserActivity true
I/WindowManager(  163): force=false top=Window{4518afd0 org.mozilla.fennec_avik/org.mozilla.fennec_avik.App paused=false}
V/WindowManager(  163): finishLayoutLw::mHideKeyguard=false
I/WindowManager(  163): force=false top=Window{4518afd0 org.mozilla.fennec_avik/org.mozilla.fennec_avik.App paused=false}
V/WindowManager(  163): finishLayoutLw::mHideKeyguard=false
V/##UsbSettingAlert(  828): UsbSettingAlert.onPause()
V/##UsbSettingAlert(  828): UsbSettingAlert.releaseLocks()
V/##UsbSettingAlert(  828): UsbSettingAlert.enableKeyguard()
D/KeyguardViewMediator(  163): setKeyguardEnabled(true)
D/KeyguardViewMediator(  163): previously hidden, reshowing, reenabling status bar expansion
D/KeyguardViewMediator(  163): showLocked
D/KeyguardViewMediator(  163): waiting until mWaitingUntilKeyguardVisible is false
I/PowerManagerService(  163): Ulight 7->3|0
I/PowerManagerService(  163): Light Animator Finished curIntValue=137
D/KeyguardViewMediator(  163): handleShow
D/LockScreen(  163): Updating Lock Screen text to Sim
D/LockScreen(  163): getCarrierString( telephonyPlmn =, telephonySpn = null)
D/LockScreen(  163): Updating Lock Screen text to Sim
D/LockScreen(  163): Updating Lock Screen text to Sim
D/KeyguardViewMediator(  163): adjustUserActivityLocked mShowing: true mHidden: false
D/PowerManagerService(  163): enableUserActivity false
I/PowerManagerService(  163): Ulight 3->7|0
D/KeyguardViewMediator(  163): handleKeyguardDoneDrawing: notifying mWaitingUntilKeyguardVisible
D/KeyguardViewMediator(  163): done waiting for mWaitingUntilKeyguardVisible
I/WindowManager(  163): force=false top=Window{4518afd0 org.mozilla.fennec_avik/org.mozilla.fennec_avik.App paused=false}
V/WindowManager(  163): finishLayoutLw::mHideKeyguard=false
I/WindowManager(  163): force=false top=Window{4518afd0 org.mozilla.fennec_avik/org.mozilla.fennec_avik.App paused=false}
V/WindowManager(  163): finishLayoutLw::mHideKeyguard=false
I/WindowManager(  163): force=false top=Window{4518afd0 org.mozilla.fennec_avik/org.mozilla.fennec_avik.App paused=false}
V/WindowManager(  163): finishLayoutLw::mHideKeyguard=false
I/WindowManager(  163): force=true top=Window{4518afd0 org.mozilla.fennec_avik/org.mozilla.fennec_avik.App paused=false}
V/WindowManager(  163): finishLayoutLw::mHideKeyguard=false
I/WindowManager(  163): force=true top=Window{4518afd0 org.mozilla.fennec_avik/org.mozilla.fennec_avik.App paused=false}
V/WindowManager(  163): finishLayoutLw::mHideKeyguard=false
I/WindowManager(  163): force=true top=Window{4518afd0 org.mozilla.fennec_avik/org.mozilla.fennec_avik.App paused=false}
V/WindowManager(  163): finishLayoutLw::mHideKeyguard=false
I/WindowManager(  163): force=true top=Window{4518afd0 org.mozilla.fennec_avik/org.mozilla.fennec_avik.App paused=false}
V/WindowManager(  163): finishLayoutLw::mHideKeyguard=false
I/WindowManager(  163): force=true top=Window{4518afd0 org.mozilla.fennec_avik/org.mozilla.fennec_avik.App paused=false}
V/WindowManager(  163): finishLayoutLw::mHideKeyguard=false
I/WindowManager(  163): force=true top=Window{4518afd0 org.mozilla.fennec_avik/org.mozilla.fennec_avik.App paused=false}
V/WindowManager(  163): finishLayoutLw::mHideKeyguard=false
I/WindowManager(  163): force=true top=Window{4518afd0 org.mozilla.fennec_avik/org.mozilla.fennec_avik.App paused=false}
V/WindowManager(  163): finishLayoutLw::mHideKeyguard=false
V/##UsbSettingAlert(  828): UsbSettingAlert.onResume()
V/##UsbSettingAlert(  828): UsbSettingAlert.disableKeyguard()
D/KeyguardViewMediator(  163): setKeyguardEnabled(false)
D/KeyguardViewMediator(  163): remembering to reshow, hiding keyguard, disabling status bar expansion
D/KeyguardViewMediator(  163): hideLocked
D/MountService(  163): isUsbMassStorageConnected :: 
D/MountService(  163): getUmsEnabling :: mUmsEnabling = false
D/VoldCmdListener(   82): share status ums
D/MountService(  163): doGetShareMethodAvailable :: method = ums, result = true
I/WindowManager(  163): force=true top=Window{4518afd0 org.mozilla.fennec_avik/org.mozilla.fennec_avik.App paused=false}
V/WindowManager(  163): finishLayoutLw::mHideKeyguard=false
D/KeyguardViewMediator(  163): handleHide
D/KeyguardViewMediator(  163): adjustUserActivityLocked mShowing: false mHidden: false
D/PowerManagerService(  163): enableUserActivity true
I/WindowManager(  163): force=true top=Window{4518afd0 org.mozilla.fennec_avik/org.mozilla.fennec_avik.App paused=false}
V/WindowManager(  163): finishLayoutLw::mHideKeyguard=false
I/WindowManager(  163): force=true top=Window{4518afd0 org.mozilla.fennec_avik/org.mozilla.fennec_avik.App paused=false}
V/WindowManager(  163): finishLayoutLw::mHideKeyguard=false
D/GoogleLoginService(  271): onBind: Intent { act=android.accounts.AccountAuthenticator cmp=com.google.android.gsf/.loginservice.GoogleLoginService }
I/WindowManager(  163): force=true top=Window{4518afd0 org.mozilla.fennec_avik/org.mozilla.fennec_avik.App paused=false}
V/WindowManager(  163): finishLayoutLw::mHideKeyguard=false
I/WindowManager(  163): force=false top=Window{4518afd0 org.mozilla.fennec_avik/org.mozilla.fennec_avik.App paused=false}
V/WindowManager(  163): finishLayoutLw::mHideKeyguard=false
I/WindowManager(  163): force=false top=Window{4518afd0 org.mozilla.fennec_avik/org.mozilla.fennec_avik.App paused=false}
V/WindowManager(  163): finishLayoutLw::mHideKeyguard=false
I/WindowManager(  163): force=false top=Window{4518afd0 org.mozilla.fennec_avik/org.mozilla.fennec_avik.App paused=false}
V/WindowManager(  163): finishLayoutLw::mHideKeyguard=false
I/WindowManager(  163): force=false top=Window{4518afd0 org.mozilla.fennec_avik/org.mozilla.fennec_avik.App paused=false}
V/WindowManager(  163): finishLayoutLw::mHideKeyguard=false
I/WindowManager(  163): force=false top=Window{4518afd0 org.mozilla.fennec_avik/org.mozilla.fennec_avik.App paused=false}
V/WindowManager(  163): finishLayoutLw::mHideKeyguard=false
I/WindowManager(  163): force=false top=Window{4518afd0 org.mozilla.fennec_avik/org.mozilla.fennec_avik.App paused=false}
V/WindowManager(  163): finishLayoutLw::mHideKeyguard=false
I/WindowManager(  163): force=false top=Window{4518afd0 org.mozilla.fennec_avik/org.mozilla.fennec_avik.App paused=false}
V/WindowManager(  163): finishLayoutLw::mHideKeyguard=false
I/WindowManager(  163): force=false top=Window{4518afd0 org.mozilla.fennec_avik/org.mozilla.fennec_avik.App paused=false}
V/WindowManager(  163): finishLayoutLw::mHideKeyguard=false
I/WindowManager(  163): force=false top=Window{4518afd0 org.mozilla.fennec_avik/org.mozilla.fennec_avik.App paused=false}
V/WindowManager(  163): finishLayoutLw::mHideKeyguard=false
W/IInputConnectionWrapper(  509): showStatusIcon on inactive InputConnection
I/WindowManager(  163): force=false top=Window{4518afd0 org.mozilla.fennec_avik/org.mozilla.fennec_avik.App paused=false}
V/WindowManager(  163): finishLayoutLw::mHideKeyguard=false
I/WindowManager(  163): force=false top=Window{4518afd0 org.mozilla.fennec_avik/org.mozilla.fennec_avik.App paused=false}
V/WindowManager(  163): finishLayoutLw::mHideKeyguard=false
I/WindowManager(  163): force=false top=Window{4518afd0 org.mozilla.fennec_avik/org.mozilla.fennec_avik.App paused=false}
V/WindowManager(  163): finishLayoutLw::mHideKeyguard=false
I/WindowManager(  163): force=false top=Window{4518afd0 org.mozilla.fennec_avik/org.mozilla.fennec_avik.App paused=false}
V/WindowManager(  163): finishLayoutLw::mHideKeyguard=false
I/WindowManager(  163): force=false top=Window{4518afd0 org.mozilla.fennec_avik/org.mozilla.fennec_avik.App paused=false}
V/WindowManager(  163): finishLayoutLw::mHideKeyguard=false
I/ActivityThread(  828): queueIdle
V/ActivityThread(  828): Reporting idle of ActivityRecord{45029638 token=android.os.BinderProxy@45004290 {com.android.settings/com.android.settings.UsbSettingAlert}} finished=false
W/ActivityNative(  828): send ACTIVITY_IDLE_TRANSACTION
W/ActivityNative(  163): RCV ACTIVITY_IDLE_TRANSACTION
I/WindowManager(  163): force=false top=Window{4518afd0 org.mozilla.fennec_avik/org.mozilla.fennec_avik.App paused=false}
V/WindowManager(  163): finishLayoutLw::mHideKeyguard=false
V/ActivityThread(  828): Reporting idle of ActivityRecord{45029638 token=android.os.BinderProxy@45004290 {com.android.settings/com.android.settings.UsbSettingAlert}} finished=false
W/ActivityNative(  828): send ACTIVITY_IDLE_TRANSACTION
I/ActivityThread(  828): queueIdle
W/ActivityNative(  163): RCV ACTIVITY_IDLE_TRANSACTION
I/WindowManager(  163): force=false top=Window{4518afd0 org.mozilla.fennec_avik/org.mozilla.fennec_avik.App paused=false}
V/WindowManager(  163): finishLayoutLw::mHideKeyguard=false
I/WindowManager(  163): force=false top=Window{4518afd0 org.mozilla.fennec_avik/org.mozilla.fennec_avik.App paused=false}
V/WindowManager(  163): finishLayoutLw::mHideKeyguard=false
I/WindowManager(  163): force=false top=Window{4518afd0 org.mozilla.fennec_avik/org.mozilla.fennec_avik.App paused=false}
V/WindowManager(  163): finishLayoutLw::mHideKeyguard=false
I/ActivityManager(  163): Displayed activity com.android.settings/.UsbSettingAlert: 927 ms (total 927 ms)
E/FastDormancy(  241): [SCREEN_ON] New FD Time: -1
D/FastDormancy(  241): [FD] INTENT ACTION android.intent.action.SCREEN_ON
D/FastDormancy(  241): [FD] mIsScreenOn: true
I/WindowManager(  163): force=false top=Window{4518afd0 org.mozilla.fennec_avik/org.mozilla.fennec_avik.App paused=false}
V/WindowManager(  163): finishLayoutLw::mHideKeyguard=false
I/WindowManager(  163): force=false top=Window{4518afd0 org.mozilla.fennec_avik/org.mozilla.fennec_avik.App paused=false}
V/WindowManager(  163): finishLayoutLw::mHideKeyguard=false
I/WindowManager(  163): force=false top=Window{4518afd0 org.mozilla.fennec_avik/org.mozilla.fennec_avik.App paused=false}
V/WindowManager(  163): finishLayoutLw::mHideKeyguard=false
I/WindowManager(  163): force=false top=Window{4518afd0 org.mozilla.fennec_avik/org.mozilla.fennec_avik.App paused=false}
V/WindowManager(  163): finishLayoutLw::mHideKeyguard=false
I/WindowManager(  163): force=false top=Window{4518afd0 org.mozilla.fennec_avik/org.mozilla.fennec_avik.App paused=false}
V/WindowManager(  163): finishLayoutLw::mHideKeyguard=false
I/WindowManager(  163): force=false top=Window{4518afd0 org.mozilla.fennec_avik/org.mozilla.fennec_avik.App paused=false}
V/WindowManager(  163): finishLayoutLw::mHideKeyguard=false
I/WindowManager(  163): force=false top=Window{4518afd0 org.mozilla.fennec_avik/org.mozilla.fennec_avik.App paused=false}
V/WindowManager(  163): finishLayoutLw::mHideKeyguard=false
I/WindowManager(  163): force=false top=Window{4518afd0 org.mozilla.fennec_avik/org.mozilla.fennec_avik.App paused=false}
V/WindowManager(  163): finishLayoutLw::mHideKeyguard=false
I/WindowManager(  163): force=false top=Window{4518afd0 org.mozilla.fennec_avik/org.mozilla.fennec_avik.App paused=false}
V/WindowManager(  163): finishLayoutLw::mHideKeyguard=false
I/WindowManager(  163): force=false top=Window{4518afd0 org.mozilla.fennec_avik/org.mozilla.fennec_avik.App paused=false}
V/WindowManager(  163): finishLayoutLw::mHideKeyguard=false
I/WindowManager(  163): force=false top=Window{4518afd0 org.mozilla.fennec_avik/org.mozilla.fennec_avik.App paused=false}
V/WindowManager(  163): finishLayoutLw::mHideKeyguard=false
I/WindowManager(  163): force=false top=Window{4518afd0 org.mozilla.fennec_avik/org.mozilla.fennec_avik.App paused=false}
V/WindowManager(  163): finishLayoutLw::mHideKeyguard=false
I/WindowManager(  163): force=false top=Window{4518afd0 org.mozilla.fennec_avik/org.mozilla.fennec_avik.App paused=false}
V/WindowManager(  163): finishLayoutLw::mHideKeyguard=false
I/WindowManager(  163): force=false top=Window{4518afd0 org.mozilla.fennec_avik/org.mozilla.fennec_avik.App paused=false}
V/WindowManager(  163): finishLayoutLw::mHideKeyguard=false
I/WindowManager(  163): force=false top=Window{4518afd0 org.mozilla.fennec_avik/org.mozilla.fennec_avik.App paused=false}
V/WindowManager(  163): finishLayoutLw::mHideKeyguard=false
I/WindowManager(  163): force=false top=Window{4518afd0 org.mozilla.fennec_avik/org.mozilla.fennec_avik.App paused=false}
V/WindowManager(  163): finishLayoutLw::mHideKeyguard=false
I/WindowManager(  163): force=false top=Window{4518afd0 org.mozilla.fennec_avik/org.mozilla.fennec_avik.App paused=false}
V/WindowManager(  163): finishLayoutLw::mHideKeyguard=false
I/WindowManager(  163): force=false top=Window{4518afd0 org.mozilla.fennec_avik/org.mozilla.fennec_avik.App paused=false}
V/WindowManager(  163): finishLayoutLw::mHideKeyguard=false
I/WindowManager(  163): force=false top=Window{4518afd0 org.mozilla.fennec_avik/org.mozilla.fennec_avik.App paused=false}
V/WindowManager(  163): finishLayoutLw::mHideKeyguard=false
I/WindowManager(  163): force=false top=Window{4518afd0 org.mozilla.fennec_avik/org.mozilla.fennec_avik.App paused=false}
V/WindowManager(  163): finishLayoutLw::mHideKeyguard=false
I/WindowManager(  163): force=false top=Window{4518afd0 org.mozilla.fennec_avik/org.mozilla.fennec_avik.App paused=false}
V/WindowManager(  163): finishLayoutLw::mHideKeyguard=false
I/WindowManager(  163): force=false top=Window{4518afd0 org.mozilla.fennec_avik/org.mozilla.fennec_avik.App paused=false}
V/WindowManager(  163): finishLayoutLw::mHideKeyguard=false
I/WindowManager(  163): force=false top=Window{4518afd0 org.mozilla.fennec_avik/org.mozilla.fennec_avik.App paused=false}
V/WindowManager(  163): finishLayoutLw::mHideKeyguard=false
I/WindowManager(  163): force=false top=Window{4518afd0 org.mozilla.fennec_avik/org.mozilla.fennec_avik.App paused=false}
V/WindowManager(  163): finishLayoutLw::mHideKeyguard=false
I/WindowManager(  163): force=false top=Window{4518afd0 org.mozilla.fennec_avik/org.mozilla.fennec_avik.App paused=false}
V/WindowManager(  163): finishLayoutLw::mHideKeyguard=false
I/WindowManager(  163): force=false top=Window{4518afd0 org.mozilla.fennec_avik/org.mozilla.fennec_avik.App paused=false}
V/WindowManager(  163): finishLayoutLw::mHideKeyguard=false
I/WindowManager(  163): force=false top=Window{4518afd0 org.mozilla.fennec_avik/org.mozilla.fennec_avik.App paused=false}
V/WindowManager(  163): finishLayoutLw::mHideKeyguard=false
I/WindowManager(  163): force=false top=Window{4518afd0 org.mozilla.fennec_avik/org.mozilla.fennec_avik.App paused=false}
V/WindowManager(  163): finishLayoutLw::mHideKeyguard=false
I/WindowManager(  163): force=false top=Window{4518afd0 org.mozilla.fennec_avik/org.mozilla.fennec_avik.App paused=false}
V/WindowManager(  163): finishLayoutLw::mHideKeyguard=false
I/WindowManager(  163): force=false top=Window{4518afd0 org.mozilla.fennec_avik/org.mozilla.fennec_avik.App paused=false}
V/WindowManager(  163): finishLayoutLw::mHideKeyguard=false
I/WindowManager(  163): force=false top=Window{4518afd0 org.mozilla.fennec_avik/org.mozilla.fennec_avik.App paused=false}
V/WindowManager(  163): finishLayoutLw::mHideKeyguard=false
I/WindowManager(  163): force=false top=Window{4518afd0 org.mozilla.fennec_avik/org.mozilla.fennec_avik.App paused=false}
V/WindowManager(  163): finishLayoutLw::mHideKeyguard=false
I/WindowManager(  163): force=false top=Window{4518afd0 org.mozilla.fennec_avik/org.mozilla.fennec_avik.App paused=false}
V/WindowManager(  163): finishLayoutLw::mHideKeyguard=false
I/WindowManager(  163): force=false top=Window{4518afd0 org.mozilla.fennec_avik/org.mozilla.fennec_avik.App paused=false}
V/WindowManager(  163): finishLayoutLw::mHideKeyguard=false
I/WindowManager(  163): force=false top=Window{4518afd0 org.mozilla.fennec_avik/org.mozilla.fennec_avik.App paused=false}
V/WindowManager(  163): finishLayoutLw::mHideKeyguard=false
I/WindowManager(  163): force=false top=Window{4518afd0 org.mozilla.fennec_avik/org.mozilla.fennec_avik.App paused=false}
V/WindowManager(  163): finishLayoutLw::mHideKeyguard=false
I/WindowManager(  163): force=false top=Window{4518afd0 org.mozilla.fennec_avik/org.mozilla.fennec_avik.App paused=false}
V/WindowManager(  163): finishLayoutLw::mHideKeyguard=false
I/WindowManager(  163): force=false top=Window{4518afd0 org.mozilla.fennec_avik/org.mozilla.fennec_avik.App paused=false}
V/WindowManager(  163): finishLayoutLw::mHideKeyguard=false
I/WindowManager(  163): force=false top=Window{4518afd0 org.mozilla.fennec_avik/org.mozilla.fennec_avik.App paused=false}
V/WindowManager(  163): finishLayoutLw::mHideKeyguard=false
I/WindowManager(  163): force=false top=Window{4518afd0 org.mozilla.fennec_avik/org.mozilla.fennec_avik.App paused=false}
V/WindowManager(  163): finishLayoutLw::mHideKeyguard=false
I/WindowManager(  163): force=false top=Window{4518afd0 org.mozilla.fennec_avik/org.mozilla.fennec_avik.App paused=false}
V/WindowManager(  163): finishLayoutLw::mHideKeyguard=false
I/WindowManager(  163): force=false top=Window{4518afd0 org.mozilla.fennec_avik/org.mozilla.fennec_avik.App paused=false}
V/WindowManager(  163): finishLayoutLw::mHideKeyguard=false
I/WindowManager(  163): force=false top=Window{4518afd0 org.mozilla.fennec_avik/org.mozilla.fennec_avik.App paused=false}
V/WindowManager(  163): finishLayoutLw::mHideKeyguard=false
I/WindowManager(  163): force=false top=Window{4518afd0 org.mozilla.fennec_avik/org.mozilla.fennec_avik.App paused=false}
V/WindowManager(  163): finishLayoutLw::mHideKeyguard=false
I/WindowManager(  163): force=false top=Window{4518afd0 org.mozilla.fennec_avik/org.mozilla.fennec_avik.App paused=false}
V/WindowManager(  163): finishLayoutLw::mHideKeyguard=false
I/WindowManager(  163): force=false top=Window{4518afd0 org.mozilla.fennec_avik/org.mozilla.fennec_avik.App paused=false}
V/WindowManager(  163): finishLayoutLw::mHideKeyguard=false
I/WindowManager(  163): force=false top=Window{4518afd0 org.mozilla.fennec_avik/org.mozilla.fennec_avik.App paused=false}
V/WindowManager(  163): finishLayoutLw::mHideKeyguard=false
I/WindowManager(  163): force=false top=Window{4518afd0 org.mozilla.fennec_avik/org.mozilla.fennec_avik.App paused=false}
V/WindowManager(  163): finishLayoutLw::mHideKeyguard=false
I/WindowManager(  163): force=false top=Window{4518afd0 org.mozilla.fennec_avik/org.mozilla.fennec_avik.App paused=false}
V/WindowManager(  163): finishLayoutLw::mHideKeyguard=false
I/WindowManager(  163): force=false top=Window{4518afd0 org.mozilla.fennec_avik/org.mozilla.fennec_avik.App paused=false}
V/WindowManager(  163): finishLayoutLw::mHideKeyguard=false
I/WindowManager(  163): force=false top=Window{4518afd0 org.mozilla.fennec_avik/org.mozilla.fennec_avik.App paused=false}
V/WindowManager(  163): finishLayoutLw::mHideKeyguard=false
I/WindowManager(  163): force=false top=Window{4518afd0 org.mozilla.fennec_avik/org.mozilla.fennec_avik.App paused=false}
V/WindowManager(  163): finishLayoutLw::mHideKeyguard=false
I/WindowManager(  163): force=false top=Window{4518afd0 org.mozilla.fennec_avik/org.mozilla.fennec_avik.App paused=false}
V/WindowManager(  163): finishLayoutLw::mHideKeyguard=false
I/WindowManager(  163): force=false top=Window{4518afd0 org.mozilla.fennec_avik/org.mozilla.fennec_avik.App paused=false}
V/WindowManager(  163): finishLayoutLw::mHideKeyguard=false
I/WindowManager(  163): force=false top=Window{4518afd0 org.mozilla.fennec_avik/org.mozilla.fennec_avik.App paused=false}
V/WindowManager(  163): finishLayoutLw::mHideKeyguard=false
I/WindowManager(  163): force=false top=Window{4518afd0 org.mozilla.fennec_avik/org.mozilla.fennec_avik.App paused=false}
V/WindowManager(  163): finishLayoutLw::mHideKeyguard=false
I/WindowManager(  163): force=false top=Window{4518afd0 org.mozilla.fennec_avik/org.mozilla.fennec_avik.App paused=false}
V/WindowManager(  163): finishLayoutLw::mHideKeyguard=false
I/WindowManager(  163): force=false top=Window{4518afd0 org.mozilla.fennec_avik/org.mozilla.fennec_avik.App paused=false}
V/WindowManager(  163): finishLayoutLw::mHideKeyguard=false
I/WindowManager(  163): force=false top=Window{4518afd0 org.mozilla.fennec_avik/org.mozilla.fennec_avik.App paused=false}
V/WindowManager(  163): finishLayoutLw::mHideKeyguard=false
I/WindowManager(  163): force=false top=Window{4518afd0 org.mozilla.fennec_avik/org.mozilla.fennec_avik.App paused=false}
V/WindowManager(  163): finishLayoutLw::mHideKeyguard=false
I/WindowManager(  163): force=false top=Window{4518afd0 org.mozilla.fennec_avik/org.mozilla.fennec_avik.App paused=false}
V/WindowManager(  163): finishLayoutLw::mHideKeyguard=false
I/WindowManager(  163): force=false top=Window{4518afd0 org.mozilla.fennec_avik/org.mozilla.fennec_avik.App paused=false}
V/WindowManager(  163): finishLayoutLw::mHideKeyguard=false
I/WindowManager(  163): force=false top=Window{4518afd0 org.mozilla.fennec_avik/org.mozilla.fennec_avik.App paused=false}
V/WindowManager(  163): finishLayoutLw::mHideKeyguard=false
I/WindowManager(  163): force=false top=Window{4518afd0 org.mozilla.fennec_avik/org.mozilla.fennec_avik.App paused=false}
V/WindowManager(  163): finishLayoutLw::mHideKeyguard=false
I/WindowManager(  163): force=false top=Window{4518afd0 org.mozilla.fennec_avik/org.mozilla.fennec_avik.App paused=false}
V/WindowManager(  163): finishLayoutLw::mHideKeyguard=false
I/WindowManager(  163): force=false top=Window{4518afd0 org.mozilla.fennec_avik/org.mozilla.fennec_avik.App paused=false}
V/WindowManager(  163): finishLayoutLw::mHideKeyguard=false
I/WindowManager(  163): force=false top=Window{4518afd0 org.mozilla.fennec_avik/org.mozilla.fennec_avik.App paused=false}
V/WindowManager(  163): finishLayoutLw::mHideKeyguard=false
I/WindowManager(  163): force=false top=Window{4518afd0 org.mozilla.fennec_avik/org.mozilla.fennec_avik.App paused=false}
V/WindowManager(  163): finishLayoutLw::mHideKeyguard=false
I/WindowManager(  163): force=false top=Window{4518afd0 org.mozilla.fennec_avik/org.mozilla.fennec_avik.App paused=false}
V/WindowManager(  163): finishLayoutLw::mHideKeyguard=false
I/WindowManager(  163): force=false top=Window{4518afd0 org.mozilla.fennec_avik/org.mozilla.fennec_avik.App paused=false}
V/WindowManager(  163): finishLayoutLw::mHideKeyguard=false
I/WindowManager(  163): force=false top=Window{4518afd0 org.mozilla.fennec_avik/org.mozilla.fennec_avik.App paused=false}
V/WindowManager(  163): finishLayoutLw::mHideKeyguard=false
I/WindowManager(  163): force=false top=Window{4518afd0 org.mozilla.fennec_avik/org.mozilla.fennec_avik.App paused=false}
V/WindowManager(  163): finishLayoutLw::mHideKeyguard=false
I/WindowManager(  163): force=false top=Window{4518afd0 org.mozilla.fennec_avik/org.mozilla.fennec_avik.App paused=false}
V/WindowManager(  163): finishLayoutLw::mHideKeyguard=false
I/WindowManager(  163): force=false top=Window{4518afd0 org.mozilla.fennec_avik/org.mozilla.fennec_avik.App paused=false}
V/WindowManager(  163): finishLayoutLw::mHideKeyguard=false
I/WindowManager(  163): force=false top=Window{4518afd0 org.mozilla.fennec_avik/org.mozilla.fennec_avik.App paused=false}
V/WindowManager(  163): finishLayoutLw::mHideKeyguard=false
I/WindowManager(  163): force=false top=Window{4518afd0 org.mozilla.fennec_avik/org.mozilla.fennec_avik.App paused=false}
V/WindowManager(  163): finishLayoutLw::mHideKeyguard=false
I/WindowManager(  163): force=false top=Window{4518afd0 org.mozilla.fennec_avik/org.mozilla.fennec_avik.App paused=false}
V/WindowManager(  163): finishLayoutLw::mHideKeyguard=false
D/KeyguardViewMediator(  163): handleTimeout
E/PowerManagerService(  163): CurLock p:3 mPS:7
W/PowerManagerService(  163): type=FULL_WAKE_LOCK                 'UsbAlertWakeLock' AW  active (minState=7) activeT=6867
W/PowerManagerService(  163): Timer 0x7->0x0|0x7
D/BatteryService(  163): update start
D/BatteryService(  163): update start
D/BatteryService(  163): update start
E/libgps  (  285): dns_query_loop: gethostbyname failed. h_errno 2
I/KeyInputQueue(  163): Enqueueing touch event
I/WindowManager(  163): Delivering pointer toWindow{45406e98 com.android.settings/com.android.settings.UsbSettingAlert paused=false}
I/KeyInputQueue(  163): Enqueueing touch event
I/WindowManager(  163): Delivering pointer toWindow{45406e98 com.android.settings/com.android.settings.UsbSettingAlert paused=false}
V/AudioFlinger(   91): Track constructor name 4098, calling thread 163
V/AudioFlinger(   91): start(4098), calling thread 163
V/AudioFlinger(   91): ? => ACTIVE (4098) on thread 0x18510
V/AudioPolicyManager(   91): startOutput() output 1, stream 1
E/AudioPolicyManagerBase(   91): unknown stream type
E/AudioPolicyManagerBase(   91): unknown stream type
E/AudioPolicyManagerBase(   91): unknown stream type
V/AudioPolicyManager(   91): getDeviceForStrategy() from cache strategy 0, device 2
V/AudioPolicyManager(   91): getNewDevice() selected device 2
V/AudioPolicyManager(   91): setOutputDevice() output 1 device 2 force 0 delayMs 0
V/AudioPolicyManager(   91): setOutputDevice() setting same device 2 or null device for output 1
V/AudioFlinger(   91): mWaitWorkCV.broadcast
V/AudioFlinger(   91): MixerThread 0xbab0 TID 145 waking up
V/AudioPolicyManager(   91): releaseOutput() 1
V/AudioFlinger(   91): remove track (4097) and delete from mixer
V/AudioFlinger(   91): PlaybackThread::Track destructor
V/##UsbSettingAlert(  828): usbSettingValue : 0
D/##UsbSettingAlert(  828): Show progress
V/AudioHardwareMSM72XX(   91): open driver
V/AudioHardwareMSM72XX(   91): get config
V/AudioHardwareMSM72XX(   91): set config
V/AudioHardwareMSM72XX(   91): buffer_size: 4800
V/AudioHardwareMSM72XX(   91): buffer_count: 2
V/AudioHardwareMSM72XX(   91): channel_count: 2
V/AudioHardwareMSM72XX(   91): sample_rate: 44100
I/WindowManager(  163): force=false top=Window{4518afd0 org.mozilla.fennec_avik/org.mozilla.fennec_avik.App paused=false}
V/WindowManager(  163): finishLayoutLw::mHideKeyguard=false
I/WindowManager(  163): force=false top=Window{4518afd0 org.mozilla.fennec_avik/org.mozilla.fennec_avik.App paused=false}
V/WindowManager(  163): finishLayoutLw::mHideKeyguard=false
W/AudioFlinger(   91): write blocked for 171 msecs, 8 delayed writes, thread 0xbab0
