I/WindowManager(  163): force=false top=Window{4518afd0 org.mozilla.fennec_avik/org.mozilla.fennec_avik.App paused=false}
V/WindowManager(  163): finishLayoutLw::mHideKeyguard=false
I/WindowManager(  163): force=false top=Window{4518afd0 org.mozilla.fennec_avik/org.mozilla.fennec_avik.App paused=false}
V/WindowManager(  163): finishLayoutLw::mHideKeyguard=false
I/WindowManager(  163): force=false top=Window{4518afd0 org.mozilla.fennec_avik/org.mozilla.fennec_avik.App paused=false}
V/WindowManager(  163): finishLayoutLw::mHideKeyguard=false
I/WindowManager(  163): force=false top=Window{4518afd0 org.mozilla.fennec_avik/org.mozilla.fennec_avik.App paused=false}
V/WindowManager(  163): finishLayoutLw::mHideKeyguard=false
I/WindowManager(  163): force=false top=Window{4518afd0 org.mozilla.fennec_avik/org.mozilla.fennec_avik.App paused=false}
V/WindowManager(  163): finishLayoutLw::mHideKeyguard=false
I/WindowManager(  163): force=false top=Window{4518afd0 org.mozilla.fennec_avik/org.mozilla.fennec_avik.App paused=false}
V/WindowManager(  163): finishLayoutLw::mHideKeyguard=false
I/WindowManager(  163): force=false top=Window{4518afd0 org.mozilla.fennec_avik/org.mozilla.fennec_avik.App paused=false}
V/WindowManager(  163): finishLayoutLw::mHideKeyguard=false
I/WindowManager(  163): force=false top=Window{4518afd0 org.mozilla.fennec_avik/org.mozilla.fennec_avik.App paused=false}
V/WindowManager(  163): finishLayoutLw::mHideKeyguard=false
I/WindowManager(  163): force=false top=Window{4518afd0 org.mozilla.fennec_avik/org.mozilla.fennec_avik.App paused=false}
V/WindowManager(  163): finishLayoutLw::mHideKeyguard=false
I/WindowManager(  163): force=false top=Window{4518afd0 org.mozilla.fennec_avik/org.mozilla.fennec_avik.App paused=false}
V/WindowManager(  163): finishLayoutLw::mHideKeyguard=false
V/AudioFlinger(   91): getNextBuffer() no more data for track 4098 on thread 0xbab0
V/AudioFlinger(   91): stop(4098), calling thread 163
V/AudioFlinger(   91): (> STOPPED) => STOPPED (4098) on thread 0xbab0
V/AudioPolicyManager(   91): stopOutput() output 1, stream 1
E/AudioPolicyManagerBase(   91): unknown stream type
E/AudioPolicyManagerBase(   91): unknown stream type
E/AudioPolicyManagerBase(   91): unknown stream type
E/AudioPolicyManagerBase(   91): unknown stream type
V/AudioPolicyManager(   91): getNewDevice() selected device 0
V/AudioPolicyManager(   91): setOutputDevice() output 1 device 0 force 0 delayMs 150
V/AudioPolicyManager(   91): setOutputDevice() setting same device 0 or null device for output 1
V/AudioFlinger(   91): TrackBase::reset
V/WindowManager(  163): onOrientationChanged, rotation changed to 0
E/XXX     (  828): Block Alert dialog is false
D/##UsbSettingAlert(  828): hide progress
V/##UsbSettingAlert(  828): UsbSettingAlert.onPause()
V/##UsbSettingAlert(  828): UsbSettingAlert.releaseLocks()
V/##UsbSettingAlert(  828): UsbSettingAlert.enableKeyguard()
I/PowerManagerService(  163): Ulight 7->3|0
D/KeyguardViewMediator(  163): setKeyguardEnabled(true)
D/KeyguardViewMediator(  163): previously hidden, reshowing, reenabling status bar expansion
D/KeyguardViewMediator(  163): showLocked
D/KeyguardViewMediator(  163): waiting until mWaitingUntilKeyguardVisible is false
D/KeyguardViewMediator(  163): handleShow
D/LockScreen(  163): Updating Lock Screen text to Sim
D/LockScreen(  163): getCarrierString( telephonyPlmn =, telephonySpn = null)
D/LockScreen(  163): Updating Lock Screen text to Sim
D/LockScreen(  163): Updating Lock Screen text to Sim
D/KeyguardViewMediator(  163): adjustUserActivityLocked mShowing: true mHidden: false
D/StatusBar(  163): DISABLE_EXPAND: yes
D/PowerManagerService(  163): enableUserActivity false
I/PowerManagerService(  163): Ulight 3->7|0
V/WindowManager(  163): Screen status=true, current orientation=-1, SensorEnabled=true
I/WindowManager(  163): force=false top=Window{4518afd0 org.mozilla.fennec_avik/org.mozilla.fennec_avik.App paused=false}
V/WindowManager(  163): finishLayoutLw::mHideKeyguard=false
I/WindowManager(  163): force=false top=Window{4518afd0 org.mozilla.fennec_avik/org.mozilla.fennec_avik.App paused=false}
V/WindowManager(  163): finishLayoutLw::mHideKeyguard=false
V/WindowManager(  163): Screen status=true, current orientation=5, SensorEnabled=true
I/WindowManager(  163): force=false top=Window{4518afd0 org.mozilla.fennec_avik/org.mozilla.fennec_avik.App paused=false}
V/WindowManager(  163): finishLayoutLw::mHideKeyguard=false
D/GoogleLoginService(  271): onBind: Intent { act=android.accounts.AccountAuthenticator cmp=com.google.android.gsf/.loginservice.GoogleLoginService }
W/ActivityManager(  163): Activity pause timeout for HistoryRecord{452a0a78 com.android.settings/.UsbSettingAlert}
I/WindowManager(  163): force=false top=Window{4518afd0 org.mozilla.fennec_avik/org.mozilla.fennec_avik.App paused=false}
V/WindowManager(  163): finishLayoutLw::mHideKeyguard=false
I/WindowManager(  163): force=false top=Window{4518afd0 org.mozilla.fennec_avik/org.mozilla.fennec_avik.App paused=false}
V/WindowManager(  163): finishLayoutLw::mHideKeyguard=false
E/GeckoConnectivityReceiver(  509): Registering receiver failed
D/GeckoSessInfo(  509): Recording start of session: 1372337770034
I/WindowManager(  163): force=false top=Window{4518afd0 org.mozilla.fennec_avik/org.mozilla.fennec_avik.App paused=false}
V/WindowManager(  163): finishLayoutLw::mHideKeyguard=false
I/ActivityThread(  509): queueIdle
V/ActivityThread(  509): Reporting idle of ActivityRecord{45046398 token=android.os.BinderProxy@4503cca8 {org.mozilla.fennec_avik/org.mozilla.fennec_avik.App}} finished=false
W/ActivityNative(  509): send ACTIVITY_IDLE_TRANSACTION
W/ActivityNative(  163): RCV ACTIVITY_IDLE_TRANSACTION
I/WindowManager(  163): force=true top=Window{4518afd0 org.mozilla.fennec_avik/org.mozilla.fennec_avik.App paused=false}
V/WindowManager(  163): finishLayoutLw::mHideKeyguard=false
I/WindowManager(  163): force=true top=Window{4518afd0 org.mozilla.fennec_avik/org.mozilla.fennec_avik.App paused=false}
V/WindowManager(  163): finishLayoutLw::mHideKeyguard=false
D/KeyguardViewMediator(  163): handleKeyguardDoneDrawing: notifying mWaitingUntilKeyguardVisible
D/KeyguardViewMediator(  163): done waiting for mWaitingUntilKeyguardVisible
I/WindowManager(  163): force=true top=Window{4518afd0 org.mozilla.fennec_avik/org.mozilla.fennec_avik.App paused=false}
V/WindowManager(  163): finishLayoutLw::mHideKeyguard=false
I/WindowManager(  163): force=true top=Window{4518afd0 org.mozilla.fennec_avik/org.mozilla.fennec_avik.App paused=false}
V/WindowManager(  163): finishLayoutLw::mHideKeyguard=false
I/WindowManager(  163): force=true top=Window{4518afd0 org.mozilla.fennec_avik/org.mozilla.fennec_avik.App paused=false}
V/WindowManager(  163): finishLayoutLw::mHideKeyguard=false
V/##UsbSettingAlert(  828): UsbSettingAlert.onStop()
V/##UsbSettingAlert(  828): UsbSettingAlert.onDestroy()
I/WindowManager(  163): force=true top=Window{4518afd0 org.mozilla.fennec_avik/org.mozilla.fennec_avik.App paused=false}
V/WindowManager(  163): finishLayoutLw::mHideKeyguard=false
I/WindowManager(  163): force=true top=Window{4518afd0 org.mozilla.fennec_avik/org.mozilla.fennec_avik.App paused=false}
V/WindowManager(  163): finishLayoutLw::mHideKeyguard=false
I/WindowManager(  163): force=true top=Window{4518afd0 org.mozilla.fennec_avik/org.mozilla.fennec_avik.App paused=false}
V/WindowManager(  163): finishLayoutLw::mHideKeyguard=false
I/WindowManager(  163): force=true top=Window{4518afd0 org.mozilla.fennec_avik/org.mozilla.fennec_avik.App paused=false}
V/WindowManager(  163): finishLayoutLw::mHideKeyguard=false
I/WindowManager(  163): force=true top=Window{4518afd0 org.mozilla.fennec_avik/org.mozilla.fennec_avik.App paused=false}
V/WindowManager(  163): finishLayoutLw::mHideKeyguard=false
I/WindowManager(  163): force=true top=Window{4518afd0 org.mozilla.fennec_avik/org.mozilla.fennec_avik.App paused=false}
V/WindowManager(  163): finishLayoutLw::mHideKeyguard=false
I/WindowManager(  163): force=true top=Window{4518afd0 org.mozilla.fennec_avik/org.mozilla.fennec_avik.App paused=false}
V/WindowManager(  163): finishLayoutLw::mHideKeyguard=false
I/WindowManager(  163): force=true top=Window{4518afd0 org.mozilla.fennec_avik/org.mozilla.fennec_avik.App paused=false}
V/WindowManager(  163): finishLayoutLw::mHideKeyguard=false
I/WindowManager(  163): force=true top=Window{4518afd0 org.mozilla.fennec_avik/org.mozilla.fennec_avik.App paused=false}
V/WindowManager(  163): finishLayoutLw::mHideKeyguard=false
I/WindowManager(  163): force=true top=Window{4518afd0 org.mozilla.fennec_avik/org.mozilla.fennec_avik.App paused=false}
V/WindowManager(  163): finishLayoutLw::mHideKeyguard=false
I/WindowManager(  163): force=true top=Window{4518afd0 org.mozilla.fennec_avik/org.mozilla.fennec_avik.App paused=false}
V/WindowManager(  163): finishLayoutLw::mHideKeyguard=false
I/WindowManager(  163): force=true top=Window{4518afd0 org.mozilla.fennec_avik/org.mozilla.fennec_avik.App paused=false}
V/WindowManager(  163): finishLayoutLw::mHideKeyguard=false
I/WindowManager(  163): force=true top=Window{4518afd0 org.mozilla.fennec_avik/org.mozilla.fennec_avik.App paused=false}
V/WindowManager(  163): finishLayoutLw::mHideKeyguard=false
I/WindowManager(  163): force=true top=Window{4518afd0 org.mozilla.fennec_avik/org.mozilla.fennec_avik.App paused=false}
V/WindowManager(  163): finishLayoutLw::mHideKeyguard=false
I/WindowManager(  163): force=true top=Window{4518afd0 org.mozilla.fennec_avik/org.mozilla.fennec_avik.App paused=false}
V/WindowManager(  163): finishLayoutLw::mHideKeyguard=false
I/WindowManager(  163): force=true top=Window{4518afd0 org.mozilla.fennec_avik/org.mozilla.fennec_avik.App paused=false}
V/WindowManager(  163): finishLayoutLw::mHideKeyguard=false
I/WindowManager(  163): force=true top=Window{4518afd0 org.mozilla.fennec_avik/org.mozilla.fennec_avik.App paused=false}
V/WindowManager(  163): finishLayoutLw::mHideKeyguard=false
I/KeyInputQueue(  163): Enqueueing touch event
I/WindowManager(  163): Delivering pointer toWindow{452652f0 Keyguard paused=false}
V/AudioFlinger(   91): Audio hardware entering standby, mixer 0xbab0, mSuspended 0
V/AudioFlinger(   91): MixerThread 0xbab0 TID 145 going to sleep
D/KeyguardViewMediator(  163): keyguardDone(true)
D/KeyguardViewMediator(  163): handleKeyguardDone
D/KeyguardViewMediator(  163): handleHide
D/KeyguardViewMediator(  163): adjustUserActivityLocked mShowing: false mHidden: false
D/PowerManagerService(  163): enableUserActivity true
I/PowerManagerService(  163): Ulight 7->3|0
I/Launcher(  247): ACTION_USER_PRESENT
V/UNA     (  620): ScreenOnReceiver : onReceive
D/UNA     (  620): [ScreenOnReceiver] ACTION_USER_PRESENT
V/UNA     (  620): [UNA setting] Connection Mode = 1
V/WindowManager(  163): Screen status=true, current orientation=-1, SensorEnabled=true
I/WindowManager(  163): force=false top=Window{4518afd0 org.mozilla.fennec_avik/org.mozilla.fennec_avik.App paused=false}
V/WindowManager(  163): finishLayoutLw::mHideKeyguard=false
I/WindowManager(  163): force=false top=Window{4518afd0 org.mozilla.fennec_avik/org.mozilla.fennec_avik.App paused=false}
V/WindowManager(  163): finishLayoutLw::mHideKeyguard=false
I/WindowManager(  163): force=false top=Window{4518afd0 org.mozilla.fennec_avik/org.mozilla.fennec_avik.App paused=false}
V/WindowManager(  163): finishLayoutLw::mHideKeyguard=false
I/WindowManager(  163): force=false top=Window{4518afd0 org.mozilla.fennec_avik/org.mozilla.fennec_avik.App paused=false}
V/WindowManager(  163): finishLayoutLw::mHideKeyguard=false
I/WindowManager(  163): force=false top=Window{4518afd0 org.mozilla.fennec_avik/org.mozilla.fennec_avik.App paused=false}
V/WindowManager(  163): finishLayoutLw::mHideKeyguard=false
I/KeyInputQueue(  163): Enqueueing touch event
I/WindowManager(  163): force=false top=Window{4518afd0 org.mozilla.fennec_avik/org.mozilla.fennec_avik.App paused=false}
V/WindowManager(  163): finishLayoutLw::mHideKeyguard=false
I/WindowManager(  163): force=false top=Window{4518afd0 org.mozilla.fennec_avik/org.mozilla.fennec_avik.App paused=false}
V/WindowManager(  163): finishLayoutLw::mHideKeyguard=false
I/WindowManager(  163): force=false top=Window{4518afd0 org.mozilla.fennec_avik/org.mozilla.fennec_avik.App paused=false}
V/WindowManager(  163): finishLayoutLw::mHideKeyguard=false
I/WindowManager(  163): force=false top=Window{4518afd0 org.mozilla.fennec_avik/org.mozilla.fennec_avik.App paused=false}
V/WindowManager(  163): finishLayoutLw::mHideKeyguard=false
I/WindowManager(  163): force=false top=Window{4518afd0 org.mozilla.fennec_avik/org.mozilla.fennec_avik.App paused=false}
V/WindowManager(  163): finishLayoutLw::mHideKeyguard=false
I/WindowManager(  163): force=false top=Window{4518afd0 org.mozilla.fennec_avik/org.mozilla.fennec_avik.App paused=false}
V/WindowManager(  163): finishLayoutLw::mHideKeyguard=false
I/WindowManager(  163): force=false top=Window{4518afd0 org.mozilla.fennec_avik/org.mozilla.fennec_avik.App paused=false}
V/WindowManager(  163): finishLayoutLw::mHideKeyguard=false
I/WindowManager(  163): force=false top=Window{4518afd0 org.mozilla.fennec_avik/org.mozilla.fennec_avik.App paused=false}
V/WindowManager(  163): finishLayoutLw::mHideKeyguard=false
I/WindowManager(  163): force=false top=Window{4518afd0 org.mozilla.fennec_avik/org.mozilla.fennec_avik.App paused=false}
V/WindowManager(  163): finishLayoutLw::mHideKeyguard=false
I/WindowManager(  163): force=false top=Window{4518afd0 org.mozilla.fennec_avik/org.mozilla.fennec_avik.App paused=false}
V/WindowManager(  163): finishLayoutLw::mHideKeyguard=false
I/WindowManager(  163): force=false top=Window{4518afd0 org.mozilla.fennec_avik/org.mozilla.fennec_avik.App paused=false}
V/WindowManager(  163): finishLayoutLw::mHideKeyguard=false
I/WindowManager(  163): force=false top=Window{4518afd0 org.mozilla.fennec_avik/org.mozilla.fennec_avik.App paused=false}
V/WindowManager(  163): finishLayoutLw::mHideKeyguard=false
I/WindowManager(  163): force=false top=Window{4518afd0 org.mozilla.fennec_avik/org.mozilla.fennec_avik.App paused=false}
V/WindowManager(  163): finishLayoutLw::mHideKeyguard=false
I/WindowManager(  163): force=false top=Window{4518afd0 org.mozilla.fennec_avik/org.mozilla.fennec_avik.App paused=false}
V/WindowManager(  163): finishLayoutLw::mHideKeyguard=false
I/WindowManager(  163): force=false top=Window{4518afd0 org.mozilla.fennec_avik/org.mozilla.fennec_avik.App paused=false}
V/WindowManager(  163): finishLayoutLw::mHideKeyguard=false
I/WindowManager(  163): force=false top=Window{4518afd0 org.mozilla.fennec_avik/org.mozilla.fennec_avik.App paused=false}
V/WindowManager(  163): finishLayoutLw::mHideKeyguard=false
I/WindowManager(  163): force=false top=Window{4518afd0 org.mozilla.fennec_avik/org.mozilla.fennec_avik.App paused=false}
V/WindowManager(  163): finishLayoutLw::mHideKeyguard=false
I/WindowManager(  163): force=false top=Window{4518afd0 org.mozilla.fennec_avik/org.mozilla.fennec_avik.App paused=false}
V/WindowManager(  163): finishLayoutLw::mHideKeyguard=false
I/WindowManager(  163): force=false top=Window{4518afd0 org.mozilla.fennec_avik/org.mozilla.fennec_avik.App paused=false}
V/WindowManager(  163): finishLayoutLw::mHideKeyguard=false
I/WindowManager(  163): force=false top=Window{4518afd0 org.mozilla.fennec_avik/org.mozilla.fennec_avik.App paused=false}
V/WindowManager(  163): finishLayoutLw::mHideKeyguard=false
I/WindowManager(  163): force=false top=Window{4518afd0 org.mozilla.fennec_avik/org.mozilla.fennec_avik.App paused=false}
V/WindowManager(  163): finishLayoutLw::mHideKeyguard=false
I/WindowManager(  163): force=false top=Window{4518afd0 org.mozilla.fennec_avik/org.mozilla.fennec_avik.App paused=false}
V/WindowManager(  163): finishLayoutLw::mHideKeyguard=false
I/WindowManager(  163): force=false top=Window{4518afd0 org.mozilla.fennec_avik/org.mozilla.fennec_avik.App paused=false}
V/WindowManager(  163): finishLayoutLw::mHideKeyguard=false
I/WindowManager(  163): force=false top=Window{4518afd0 org.mozilla.fennec_avik/org.mozilla.fennec_avik.App paused=false}
V/WindowManager(  163): finishLayoutLw::mHideKeyguard=false
I/KeyInputQueue(  163): Input event
I/PowerManagerService(  163): Ulight 3->7|0
I/WindowManager(  163): Dsptch key to Window{4518afd0 org.mozilla.fennec_avik/org.mozilla.fennec_avik.App paused=false}
I/KeyInputQueue(  163): Input event
I/WindowManager(  163): Dsptch key to Window{453a05c8 AtchDlg:org.mozilla.fennec_avik/org.mozilla.fennec_avik.App paused=false}
I/WindowManager(  163): force=false top=Window{4518afd0 org.mozilla.fennec_avik/org.mozilla.fennec_avik.App paused=false}
V/WindowManager(  163): finishLayoutLw::mHideKeyguard=false
I/WindowManager(  163): force=false top=Window{4518afd0 org.mozilla.fennec_avik/org.mozilla.fennec_avik.App paused=false}
V/WindowManager(  163): finishLayoutLw::mHideKeyguard=false
I/WindowManager(  163): force=false top=Window{4518afd0 org.mozilla.fennec_avik/org.mozilla.fennec_avik.App paused=false}
V/WindowManager(  163): finishLayoutLw::mHideKeyguard=false
I/WindowManager(  163): force=false top=Window{4518afd0 org.mozilla.fennec_avik/org.mozilla.fennec_avik.App paused=false}
V/WindowManager(  163): finishLayoutLw::mHideKeyguard=false
I/WindowManager(  163): force=false top=Window{4518afd0 org.mozilla.fennec_avik/org.mozilla.fennec_avik.App paused=false}
V/WindowManager(  163): finishLayoutLw::mHideKeyguard=false
I/WindowManager(  163): force=false top=Window{4518afd0 org.mozilla.fennec_avik/org.mozilla.fennec_avik.App paused=false}
V/WindowManager(  163): finishLayoutLw::mHideKeyguard=false
I/WindowManager(  163): force=false top=Window{4518afd0 org.mozilla.fennec_avik/org.mozilla.fennec_avik.App paused=false}
V/WindowManager(  163): finishLayoutLw::mHideKeyguard=false
I/WindowManager(  163): force=false top=Window{4518afd0 org.mozilla.fennec_avik/org.mozilla.fennec_avik.App paused=false}
V/WindowManager(  163): finishLayoutLw::mHideKeyguard=false
I/WindowManager(  163): force=false top=Window{4518afd0 org.mozilla.fennec_avik/org.mozilla.fennec_avik.App paused=false}
V/WindowManager(  163): finishLayoutLw::mHideKeyguard=false
I/WindowManager(  163): force=false top=Window{4518afd0 org.mozilla.fennec_avik/org.mozilla.fennec_avik.App paused=false}
V/WindowManager(  163): finishLayoutLw::mHideKeyguard=false
I/WindowManager(  163): force=false top=Window{4518afd0 org.mozilla.fennec_avik/org.mozilla.fennec_avik.App paused=false}
V/WindowManager(  163): finishLayoutLw::mHideKeyguard=false
I/WindowManager(  163): force=false top=Window{4518afd0 org.mozilla.fennec_avik/org.mozilla.fennec_avik.App paused=false}
V/WindowManager(  163): finishLayoutLw::mHideKeyguard=false
I/KeyInputQueue(  163): Enqueueing touch event
I/WindowManager(  163): Delivering pointer toWindow{453a05c8 AtchDlg:org.mozilla.fennec_avik/org.mozilla.fennec_avik.App paused=false}
I/KeyInputQueue(  163): Enqueueing touch event
I/WindowManager(  163): Delivering pointer toWindow{453a05c8 AtchDlg:org.mozilla.fennec_avik/org.mozilla.fennec_avik.App paused=false}
V/AudioFlinger(   91): Track constructor name 4097, calling thread 163
V/AudioFlinger(   91): start(4097), calling thread 163
V/AudioFlinger(   91): ? => ACTIVE (4097) on thread 0x18a40
V/AudioPolicyManager(   91): startOutput() output 1, stream 1
E/AudioPolicyManagerBase(   91): unknown stream type
E/AudioPolicyManagerBase(   91): unknown stream type
E/AudioPolicyManagerBase(   91): unknown stream type
V/AudioPolicyManager(   91): getDeviceForStrategy() from cache strategy 0, device 2
V/AudioPolicyManager(   91): getNewDevice() selected device 2
V/AudioPolicyManager(   91): setOutputDevice() output 1 device 2 force 0 delayMs 0
V/AudioPolicyManager(   91): setOutputDevice() setting same device 2 or null device for output 1
V/AudioFlinger(   91): mWaitWorkCV.broadcast
V/AudioFlinger(   91): MixerThread 0xbab0 TID 145 waking up
V/AudioPolicyManager(   91): releaseOutput() 1
V/AudioFlinger(   91): remove track (4098) and delete from mixer
V/AudioFlinger(   91): PlaybackThread::Track destructor
V/AudioHardwareMSM72XX(   91): open driver
V/AudioHardwareMSM72XX(   91): get config
V/AudioHardwareMSM72XX(   91): set config
V/AudioHardwareMSM72XX(   91): buffer_size: 4800
V/AudioHardwareMSM72XX(   91): buffer_count: 2
V/AudioHardwareMSM72XX(   91): channel_count: 2
V/AudioHardwareMSM72XX(   91): sample_rate: 44100
I/WindowManager(  163): force=false top=Window{4518afd0 org.mozilla.fennec_avik/org.mozilla.fennec_avik.App paused=false}
V/WindowManager(  163): finishLayoutLw::mHideKeyguard=false
I/WindowManager(  163): force=false top=Window{4518afd0 org.mozilla.fennec_avik/org.mozilla.fennec_avik.App paused=false}
V/WindowManager(  163): finishLayoutLw::mHideKeyguard=false
I/WindowManager(  163): force=false top=Window{4518afd0 org.mozilla.fennec_avik/org.mozilla.fennec_avik.App paused=false}
V/WindowManager(  163): finishLayoutLw::mHideKeyguard=false
I/WindowManager(  163): force=false top=Window{4518afd0 org.mozilla.fennec_avik/org.mozilla.fennec_avik.App paused=false}
V/WindowManager(  163): finishLayoutLw::mHideKeyguard=false
I/WindowManager(  163): force=false top=Window{4518afd0 org.mozilla.fennec_avik/org.mozilla.fennec_avik.App paused=false}
V/WindowManager(  163): finishLayoutLw::mHideKeyguard=false
I/WindowManager(  163): force=false top=Window{4518afd0 org.mozilla.fennec_avik/org.mozilla.fennec_avik.App paused=false}
V/WindowManager(  163): finishLayoutLw::mHideKeyguard=false
I/WindowManager(  163): force=false top=Window{4518afd0 org.mozilla.fennec_avik/org.mozilla.fennec_avik.App paused=false}
V/WindowManager(  163): finishLayoutLw::mHideKeyguard=false
I/WindowManager(  163): force=false top=Window{4518afd0 org.mozilla.fennec_avik/org.mozilla.fennec_avik.App paused=false}
V/WindowManager(  163): finishLayoutLw::mHideKeyguard=false
I/WindowManager(  163): force=false top=Window{4518afd0 org.mozilla.fennec_avik/org.mozilla.fennec_avik.App paused=false}
V/WindowManager(  163): finishLayoutLw::mHideKeyguard=false
I/WindowManager(  163): force=false top=Window{4518afd0 org.mozilla.fennec_avik/org.mozilla.fennec_avik.App paused=false}
V/WindowManager(  163): finishLayoutLw::mHideKeyguard=false
W/AudioFlinger(   91): write blocked for 172 msecs, 9 delayed writes, thread 0xbab0
I/WindowManager(  163): force=false top=Window{4518afd0 org.mozilla.fennec_avik/org.mozilla.fennec_avik.App paused=false}
V/WindowManager(  163): finishLayoutLw::mHideKeyguard=false
I/WindowManager(  163): force=false top=Window{4518afd0 org.mozilla.fennec_avik/org.mozilla.fennec_avik.App paused=false}
V/WindowManager(  163): finishLayoutLw::mHideKeyguard=false
I/WindowManager(  163): force=false top=Window{4518afd0 org.mozilla.fennec_avik/org.mozilla.fennec_avik.App paused=false}
V/WindowManager(  163): finishLayoutLw::mHideKeyguard=false
I/WindowManager(  163): force=false top=Window{4518afd0 org.mozilla.fennec_avik/org.mozilla.fennec_avik.App paused=false}
V/WindowManager(  163): finishLayoutLw::mHideKeyguard=false
V/AudioFlinger(   91): getNextBuffer() no more data for track 4097 on thread 0xbab0
I/WindowManager(  163): force=false top=Window{4518afd0 org.mozilla.fennec_avik/org.mozilla.fennec_avik.App paused=false}
V/WindowManager(  163): finishLayoutLw::mHideKeyguard=false
V/AudioFlinger(   91): stop(4097), calling thread 163
V/AudioFlinger(   91): (> STOPPED) => STOPPED (4097) on thread 0xbab0
V/AudioPolicyManager(   91): stopOutput() output 1, stream 1
E/AudioPolicyManagerBase(   91): unknown stream type
E/AudioPolicyManagerBase(   91): unknown stream type
E/AudioPolicyManagerBase(   91): unknown stream type
E/AudioPolicyManagerBase(   91): unknown stream type
V/AudioPolicyManager(   91): getNewDevice() selected device 0
V/AudioPolicyManager(   91): setOutputDevice() output 1 device 0 force 0 delayMs 150
V/AudioPolicyManager(   91): setOutputDevice() setting same device 0 or null device for output 1
I/WindowManager(  163): force=false top=Window{4518afd0 org.mozilla.fennec_avik/org.mozilla.fennec_avik.App paused=false}
V/WindowManager(  163): finishLayoutLw::mHideKeyguard=false
I/WindowManager(  163): force=false top=Window{4518afd0 org.mozilla.fennec_avik/org.mozilla.fennec_avik.App paused=false}
V/WindowManager(  163): finishLayoutLw::mHideKeyguard=false
V/AudioFlinger(   91): TrackBase::reset
I/WindowManager(  163): force=false top=Window{4518afd0 org.mozilla.fennec_avik/org.mozilla.fennec_avik.App paused=false}
V/WindowManager(  163): finishLayoutLw::mHideKeyguard=false
I/WindowManager(  163): force=false top=Window{4518afd0 org.mozilla.fennec_avik/org.mozilla.fennec_avik.App paused=false}
V/WindowManager(  163): finishLayoutLw::mHideKeyguard=false
I/WindowManager(  163): force=false top=Window{4518afd0 org.mozilla.fennec_avik/org.mozilla.fennec_avik.App paused=false}
V/WindowManager(  163): finishLayoutLw::mHideKeyguard=false
I/WindowManager(  163): force=false top=Window{4518afd0 org.mozilla.fennec_avik/org.mozilla.fennec_avik.App paused=false}
V/WindowManager(  163): finishLayoutLw::mHideKeyguard=false
I/WindowManager(  163): force=false top=Window{4518afd0 org.mozilla.fennec_avik/org.mozilla.fennec_avik.App paused=false}
V/WindowManager(  163): finishLayoutLw::mHideKeyguard=false
I/WindowManager(  163): force=false top=Window{4518afd0 org.mozilla.fennec_avik/org.mozilla.fennec_avik.App paused=false}
V/WindowManager(  163): finishLayoutLw::mHideKeyguard=false
I/WindowManager(  163): force=false top=Window{4518afd0 org.mozilla.fennec_avik/org.mozilla.fennec_avik.App paused=false}
V/WindowManager(  163): finishLayoutLw::mHideKeyguard=false
I/WindowManager(  163): force=false top=Window{4518afd0 org.mozilla.fennec_avik/org.mozilla.fennec_avik.App paused=false}
V/WindowManager(  163): finishLayoutLw::mHideKeyguard=false
I/WindowManager(  163): force=false top=Window{4518afd0 org.mozilla.fennec_avik/org.mozilla.fennec_avik.App paused=false}
V/WindowManager(  163): finishLayoutLw::mHideKeyguard=false
I/WindowManager(  163): force=false top=Window{4518afd0 org.mozilla.fennec_avik/org.mozilla.fennec_avik.App paused=false}
V/WindowManager(  163): finishLayoutLw::mHideKeyguard=false
D/BatteryService(  163): update start
D/BatteryService(  163): update start
D/BatteryService(  163): update start
D/KeyguardViewMediator(  163): handleTimeout
I/KeyInputQueue(  163): Enqueueing touch event
I/WindowManager(  163): Delivering pointer toWindow{453a1348 AtchDlg:org.mozilla.fennec_avik/org.mozilla.fennec_avik.App paused=false}
I/KeyInputQueue(  163): Enqueueing touch event
I/WindowManager(  163): Delivering pointer toWindow{453a1348 AtchDlg:org.mozilla.fennec_avik/org.mozilla.fennec_avik.App paused=false}
I/WindowManager(  163): force=false top=Window{4518afd0 org.mozilla.fennec_avik/org.mozilla.fennec_avik.App paused=false}
V/WindowManager(  163): finishLayoutLw::mHideKeyguard=false
V/AudioFlinger(   91): Audio hardware entering standby, mixer 0xbab0, mSuspended 0
V/AudioFlinger(   91): MixerThread 0xbab0 TID 145 going to sleep
I/KeyInputQueue(  163): Enqueueing touch event
I/WindowManager(  163): Delivering pointer toWindow{453a1348 AtchDlg:org.mozilla.fennec_avik/org.mozilla.fennec_avik.App paused=false}
I/KeyInputQueue(  163): Enqueueing touch event
I/WindowManager(  163): Delivering pointer toWindow{453a1348 AtchDlg:org.mozilla.fennec_avik/org.mozilla.fennec_avik.App paused=false}
V/AudioFlinger(   91): Track constructor name 4098, calling thread 163
V/AudioFlinger(   91): start(4098), calling thread 163
V/AudioFlinger(   91): ? => ACTIVE (4098) on thread 0x18b10
V/AudioPolicyManager(   91): startOutput() output 1, stream 1
E/AudioPolicyManagerBase(   91): unknown stream type
E/AudioPolicyManagerBase(   91): unknown stream type
E/AudioPolicyManagerBase(   91): unknown stream type
V/AudioPolicyManager(   91): getDeviceForStrategy() from cache strategy 0, device 2
V/AudioPolicyManager(   91): getNewDevice() selected device 2
V/AudioPolicyManager(   91): setOutputDevice() output 1 device 2 force 0 delayMs 0
V/AudioPolicyManager(   91): setOutputDevice() setting same device 2 or null device for output 1
V/AudioFlinger(   91): mWaitWorkCV.broadcast
V/AudioFlinger(   91): MixerThread 0xbab0 TID 145 waking up
V/AudioPolicyManager(   91): releaseOutput() 1
V/AudioFlinger(   91): remove track (4097) and delete from mixer
V/AudioFlinger(   91): PlaybackThread::Track destructor
I/ActivityManager(  163): Starting activity: Intent { cmp=org.mozilla.fennec_avik/org.mozilla.gecko.GeckoPreferences }
V/AudioHardwareMSM72XX(   91): open driver
V/AudioHardwareMSM72XX(   91): get config
V/AudioHardwareMSM72XX(   91): set config
V/AudioHardwareMSM72XX(   91): buffer_size: 4800
V/AudioHardwareMSM72XX(   91): buffer_count: 2
V/AudioHardwareMSM72XX(   91): channel_count: 2
V/AudioHardwareMSM72XX(   91): sample_rate: 44100
D/GeckoHealthRec(  509): Recording session end: P
I/WindowManager(  163): force=false top=null
V/WindowManager(  163): finishLayoutLw::mHideKeyguard=false
I/WindowManager(  163): force=false top=null
V/WindowManager(  163): finishLayoutLw::mHideKeyguard=false
D/GeckoSessInfo(  509): Recording session done: 1372337770034
E/GeckoConnectivityReceiver(  509): Registering receiver failed
I/WindowManager(  163): force=false top=null
V/WindowManager(  163): finishLayoutLw::mHideKeyguard=false
V/AudioFlinger(   91): getNextBuffer() no more data for track 4098 on thread 0xbab0
V/AudioFlinger(   91): stop(4098), calling thread 163
V/AudioFlinger(   91): (> STOPPED) => STOPPED (4098) on thread 0xbab0
V/AudioPolicyManager(   91): stopOutput() output 1, stream 1
E/AudioPolicyManagerBase(   91): unknown stream type
E/AudioPolicyManagerBase(   91): unknown stream type
E/AudioPolicyManagerBase(   91): unknown stream type
E/AudioPolicyManagerBase(   91): unknown stream type
V/AudioPolicyManager(   91): getNewDevice() selected device 0
V/AudioPolicyManager(   91): setOutputDevice() output 1 device 0 force 0 delayMs 150
V/AudioPolicyManager(   91): setOutputDevice() setting same device 0 or null device for output 1
V/AudioFlinger(   91): TrackBase::reset
I/WindowManager(  163): force=false top=Window{451eef90 org.mozilla.fennec_avik/org.mozilla.gecko.GeckoPreferences paused=false}
V/WindowManager(  163): finishLayoutLw::mHideKeyguard=false
I/WindowManager(  163): force=false top=Window{451eef90 org.mozilla.fennec_avik/org.mozilla.gecko.GeckoPreferences paused=false}
V/WindowManager(  163): finishLayoutLw::mHideKeyguard=false
I/WindowManager(  163): force=false top=Window{451eef90 org.mozilla.fennec_avik/org.mozilla.gecko.GeckoPreferences paused=false}
V/WindowManager(  163): finishLayoutLw::mHideKeyguard=false
I/WindowManager(  163): force=false top=Window{451eef90 org.mozilla.fennec_avik/org.mozilla.gecko.GeckoPreferences paused=false}
V/WindowManager(  163): finishLayoutLw::mHideKeyguard=false
I/WindowManager(  163): force=false top=Window{451eef90 org.mozilla.fennec_avik/org.mozilla.gecko.GeckoPreferences paused=false}
V/WindowManager(  163): finishLayoutLw::mHideKeyguard=false
I/WindowManager(  163): force=false top=Window{451eef90 org.mozilla.fennec_avik/org.mozilla.gecko.GeckoPreferences paused=false}
V/WindowManager(  163): finishLayoutLw::mHideKeyguard=false
I/WindowManager(  163): force=false top=Window{451eef90 org.mozilla.fennec_avik/org.mozilla.gecko.GeckoPreferences paused=false}
V/WindowManager(  163): finishLayoutLw::mHideKeyguard=false
I/WindowManager(  163): force=false top=Window{451eef90 org.mozilla.fennec_avik/org.mozilla.gecko.GeckoPreferences paused=false}
V/WindowManager(  163): finishLayoutLw::mHideKeyguard=false
I/WindowManager(  163): force=false top=Window{451eef90 org.mozilla.fennec_avik/org.mozilla.gecko.GeckoPreferences paused=false}
V/WindowManager(  163): finishLayoutLw::mHideKeyguard=false
I/WindowManager(  163): force=false top=Window{451eef90 org.mozilla.fennec_avik/org.mozilla.gecko.GeckoPreferences paused=false}
V/WindowManager(  163): finishLayoutLw::mHideKeyguard=false
I/WindowManager(  163): force=false top=Window{451eef90 org.mozilla.fennec_avik/org.mozilla.gecko.GeckoPreferences paused=false}
V/WindowManager(  163): finishLayoutLw::mHideKeyguard=false
I/WindowManager(  163): force=false top=Window{451eef90 org.mozilla.fennec_avik/org.mozilla.gecko.GeckoPreferences paused=false}
V/WindowManager(  163): finishLayoutLw::mHideKeyguard=false
I/WindowManager(  163): force=false top=Window{451eef90 org.mozilla.fennec_avik/org.mozilla.gecko.GeckoPreferences paused=false}
V/WindowManager(  163): finishLayoutLw::mHideKeyguard=false
I/ActivityManager(  163): Displayed activity org.mozilla.fennec_avik/org.mozilla.gecko.GeckoPreferences: 718 ms (total 718 ms)
I/WindowManager(  163): force=false top=Window{451eef90 org.mozilla.fennec_avik/org.mozilla.gecko.GeckoPreferences paused=false}
V/WindowManager(  163): finishLayoutLw::mHideKeyguard=false
I/WindowManager(  163): force=false top=Window{451eef90 org.mozilla.fennec_avik/org.mozilla.gecko.GeckoPreferences paused=false}
V/WindowManager(  163): finishLayoutLw::mHideKeyguard=false
I/ActivityThread(  509): queueIdle
V/ActivityThread(  509): Reporting idle of ActivityRecord{450b85d8 token=android.os.BinderProxy@45026d60 {org.mozilla.fennec_avik/org.mozilla.gecko.GeckoPreferences}} finished=false
W/ActivityNative(  509): send ACTIVITY_IDLE_TRANSACTION
W/ActivityNative(  163): RCV ACTIVITY_IDLE_TRANSACTION
I/KeyInputQueue(  163): Input event
I/WindowManager(  163): Dsptch key to Window{451eef90 org.mozilla.fennec_avik/org.mozilla.gecko.GeckoPreferences paused=false}
I/KeyInputQueue(  163): Input event
I/WindowManager(  163): Dsptch key to Window{451eef90 org.mozilla.fennec_avik/org.mozilla.gecko.GeckoPreferences paused=false}
I/WindowManager(  163): force=false top=null
V/WindowManager(  163): finishLayoutLw::mHideKeyguard=false
E/GeckoConnectivityReceiver(  509): Registering receiver failed
I/WindowManager(  163): force=false top=null
V/WindowManager(  163): finishLayoutLw::mHideKeyguard=false
I/WindowManager(  163): force=false top=null
V/WindowManager(  163): finishLayoutLw::mHideKeyguard=false
D/GeckoSessInfo(  509): Recording start of session: 1372337780761
I/WindowManager(  163): force=false top=null
V/WindowManager(  163): finishLayoutLw::mHideKeyguard=false
I/WindowManager(  163): force=false top=null
V/WindowManager(  163): finishLayoutLw::mHideKeyguard=false
I/WindowManager(  163): force=false top=Window{4518afd0 org.mozilla.fennec_avik/org.mozilla.fennec_avik.App paused=false}
V/WindowManager(  163): finishLayoutLw::mHideKeyguard=false
I/WindowManager(  163): force=false top=Window{4518afd0 org.mozilla.fennec_avik/org.mozilla.fennec_avik.App paused=false}
V/WindowManager(  163): finishLayoutLw::mHideKeyguard=false
I/WindowManager(  163): force=false top=Window{4518afd0 org.mozilla.fennec_avik/org.mozilla.fennec_avik.App paused=false}
V/WindowManager(  163): finishLayoutLw::mHideKeyguard=false
I/WindowManager(  163): force=false top=Window{4518afd0 org.mozilla.fennec_avik/org.mozilla.fennec_avik.App paused=false}
V/WindowManager(  163): finishLayoutLw::mHideKeyguard=false
I/WindowManager(  163): force=false top=Window{4518afd0 org.mozilla.fennec_avik/org.mozilla.fennec_avik.App paused=false}
V/WindowManager(  163): finishLayoutLw::mHideKeyguard=false
I/WindowManager(  163): force=false top=Window{4518afd0 org.mozilla.fennec_avik/org.mozilla.fennec_avik.App paused=false}
V/WindowManager(  163): finishLayoutLw::mHideKeyguard=false
I/ActivityThread(  509): queueIdle
V/ActivityThread(  509): Reporting idle of ActivityRecord{45046398 token=android.os.BinderProxy@4503cca8 {org.mozilla.fennec_avik/org.mozilla.fennec_avik.App}} finished=false
W/ActivityNative(  509): send ACTIVITY_IDLE_TRANSACTION
W/ActivityNative(  163): RCV ACTIVITY_IDLE_TRANSACTION
I/WindowManager(  163): force=false top=Window{4518afd0 org.mozilla.fennec_avik/org.mozilla.fennec_avik.App paused=false}
V/WindowManager(  163): finishLayoutLw::mHideKeyguard=false
I/WindowManager(  163): force=false top=Window{4518afd0 org.mozilla.fennec_avik/org.mozilla.fennec_avik.App paused=false}
V/WindowManager(  163): finishLayoutLw::mHideKeyguard=false
I/WindowManager(  163): force=false top=Window{4518afd0 org.mozilla.fennec_avik/org.mozilla.fennec_avik.App paused=false}
V/WindowManager(  163): finishLayoutLw::mHideKeyguard=false
I/WindowManager(  163): force=false top=Window{4518afd0 org.mozilla.fennec_avik/org.mozilla.fennec_avik.App paused=false}
V/WindowManager(  163): finishLayoutLw::mHideKeyguard=false
I/WindowManager(  163): force=false top=Window{4518afd0 org.mozilla.fennec_avik/org.mozilla.fennec_avik.App paused=false}
V/WindowManager(  163): finishLayoutLw::mHideKeyguard=false
I/WindowManager(  163): force=false top=Window{4518afd0 org.mozilla.fennec_avik/org.mozilla.fennec_avik.App paused=false}
V/WindowManager(  163): finishLayoutLw::mHideKeyguard=false
I/WindowManager(  163): force=false top=Window{4518afd0 org.mozilla.fennec_avik/org.mozilla.fennec_avik.App paused=false}
V/WindowManager(  163): finishLayoutLw::mHideKeyguard=false
I/WindowManager(  163): force=false top=Window{4518afd0 org.mozilla.fennec_avik/org.mozilla.fennec_avik.App paused=false}
V/WindowManager(  163): finishLayoutLw::mHideKeyguard=false
I/WindowManager(  163): force=false top=Window{4518afd0 org.mozilla.fennec_avik/org.mozilla.fennec_avik.App paused=false}
V/WindowManager(  163): finishLayoutLw::mHideKeyguard=false
I/WindowManager(  163): force=false top=Window{4518afd0 org.mozilla.fennec_avik/org.mozilla.fennec_avik.App paused=false}
V/WindowManager(  163): finishLayoutLw::mHideKeyguard=false
I/KeyInputQueue(  163): Input event
I/WindowManager(  163): Dsptch key to Window{4518afd0 org.mozilla.fennec_avik/org.mozilla.fennec_avik.App paused=false}
I/WindowManager(  163): force=false top=Window{4518afd0 org.mozilla.fennec_avik/org.mozilla.fennec_avik.App paused=false}
V/WindowManager(  163): finishLayoutLw::mHideKeyguard=false
I/WindowManager(  163): force=false top=Window{4518afd0 org.mozilla.fennec_avik/org.mozilla.fennec_avik.App paused=false}
V/WindowManager(  163): finishLayoutLw::mHideKeyguard=false
I/WindowManager(  163): force=false top=Window{4518afd0 org.mozilla.fennec_avik/org.mozilla.fennec_avik.App paused=false}
V/WindowManager(  163): finishLayoutLw::mHideKeyguard=false
I/WindowManager(  163): force=false top=Window{4518afd0 org.mozilla.fennec_avik/org.mozilla.fennec_avik.App paused=false}
V/WindowManager(  163): finishLayoutLw::mHideKeyguard=false
I/WindowManager(  163): force=false top=Window{4518afd0 org.mozilla.fennec_avik/org.mozilla.fennec_avik.App paused=false}
V/WindowManager(  163): finishLayoutLw::mHideKeyguard=false
I/WindowManager(  163): force=false top=Window{4518afd0 org.mozilla.fennec_avik/org.mozilla.fennec_avik.App paused=false}
V/WindowManager(  163): finishLayoutLw::mHideKeyguard=false
I/KeyInputQueue(  163): Input event
I/WindowManager(  163): force=false top=Window{4518afd0 org.mozilla.fennec_avik/org.mozilla.fennec_avik.App paused=false}
V/WindowManager(  163): finishLayoutLw::mHideKeyguard=false
V/AudioFlinger(   91): Audio hardware entering standby, mixer 0xbab0, mSuspended 0
I/WindowManager(  163): Dsptch key to Window{453eff58 AtchDlg:org.mozilla.fennec_avik/org.mozilla.fennec_avik.App paused=false}
I/WindowManager(  163): force=false top=Window{4518afd0 org.mozilla.fennec_avik/org.mozilla.fennec_avik.App paused=false}
V/WindowManager(  163): finishLayoutLw::mHideKeyguard=false
V/AudioFlinger(   91): MixerThread 0xbab0 TID 145 going to sleep
I/WindowManager(  163): force=false top=Window{4518afd0 org.mozilla.fennec_avik/org.mozilla.fennec_avik.App paused=false}
V/WindowManager(  163): finishLayoutLw::mHideKeyguard=false
I/WindowManager(  163): force=false top=Window{4518afd0 org.mozilla.fennec_avik/org.mozilla.fennec_avik.App paused=false}
V/WindowManager(  163): finishLayoutLw::mHideKeyguard=false
I/WindowManager(  163): force=false top=Window{4518afd0 org.mozilla.fennec_avik/org.mozilla.fennec_avik.App paused=false}
V/WindowManager(  163): finishLayoutLw::mHideKeyguard=false
I/WindowManager(  163): force=false top=Window{4518afd0 org.mozilla.fennec_avik/org.mozilla.fennec_avik.App paused=false}
V/WindowManager(  163): finishLayoutLw::mHideKeyguard=false
I/WindowManager(  163): force=false top=Window{4518afd0 org.mozilla.fennec_avik/org.mozilla.fennec_avik.App paused=false}
V/WindowManager(  163): finishLayoutLw::mHideKeyguard=false
I/KeyInputQueue(  163): Enqueueing touch event
I/WindowManager(  163): Delivering pointer toWindow{453eff58 AtchDlg:org.mozilla.fennec_avik/org.mozilla.fennec_avik.App paused=false}
V/AudioFlinger(   91): Track constructor name 4097, calling thread 163
I/KeyInputQueue(  163): Enqueueing touch event
I/WindowManager(  163): Delivering pointer toWindow{453eff58 AtchDlg:org.mozilla.fennec_avik/org.mozilla.fennec_avik.App paused=false}
V/AudioFlinger(   91): start(4097), calling thread 163
V/AudioFlinger(   91): ? => ACTIVE (4097) on thread 0x18c40
V/AudioPolicyManager(   91): startOutput() output 1, stream 1
E/AudioPolicyManagerBase(   91): unknown stream type
E/AudioPolicyManagerBase(   91): unknown stream type
E/AudioPolicyManagerBase(   91): unknown stream type
V/AudioPolicyManager(   91): getDeviceForStrategy() from cache strategy 0, device 2
V/AudioPolicyManager(   91): getNewDevice() selected device 2
V/AudioPolicyManager(   91): setOutputDevice() output 1 device 2 force 0 delayMs 0
V/AudioPolicyManager(   91): setOutputDevice() setting same device 2 or null device for output 1
V/AudioFlinger(   91): mWaitWorkCV.broadcast
V/AudioFlinger(   91): MixerThread 0xbab0 TID 145 waking up
V/AudioPolicyManager(   91): releaseOutput() 1
V/AudioFlinger(   91): remove track (4098) and delete from mixer
V/AudioFlinger(   91): PlaybackThread::Track destructor
I/WindowManager(  163): force=false top=Window{4518afd0 org.mozilla.fennec_avik/org.mozilla.fennec_avik.App paused=false}
V/WindowManager(  163): finishLayoutLw::mHideKeyguard=false
I/WindowManager(  163): force=false top=Window{4518afd0 org.mozilla.fennec_avik/org.mozilla.fennec_avik.App paused=false}
V/WindowManager(  163): finishLayoutLw::mHideKeyguard=false
V/AudioHardwareMSM72XX(   91): open driver
V/AudioHardwareMSM72XX(   91): get config
V/AudioHardwareMSM72XX(   91): set config
V/AudioHardwareMSM72XX(   91): buffer_size: 4800
V/AudioHardwareMSM72XX(   91): buffer_count: 2
V/AudioHardwareMSM72XX(   91): channel_count: 2
V/AudioHardwareMSM72XX(   91): sample_rate: 44100
I/WindowManager(  163): force=false top=Window{4518afd0 org.mozilla.fennec_avik/org.mozilla.fennec_avik.App paused=false}
V/WindowManager(  163): finishLayoutLw::mHideKeyguard=false
I/WindowManager(  163): force=false top=Window{4518afd0 org.mozilla.fennec_avik/org.mozilla.fennec_avik.App paused=false}
V/WindowManager(  163): finishLayoutLw::mHideKeyguard=false
I/WindowManager(  163): force=false top=Window{4518afd0 org.mozilla.fennec_avik/org.mozilla.fennec_avik.App paused=false}
V/WindowManager(  163): finishLayoutLw::mHideKeyguard=false
I/WindowManager(  163): force=false top=Window{4518afd0 org.mozilla.fennec_avik/org.mozilla.fennec_avik.App paused=false}
V/WindowManager(  163): finishLayoutLw::mHideKeyguard=false
I/WindowManager(  163): force=false top=Window{4518afd0 org.mozilla.fennec_avik/org.mozilla.fennec_avik.App paused=false}
V/WindowManager(  163): finishLayoutLw::mHideKeyguard=false
I/WindowManager(  163): force=false top=Window{4518afd0 org.mozilla.fennec_avik/org.mozilla.fennec_avik.App paused=false}
V/WindowManager(  163): finishLayoutLw::mHideKeyguard=false
I/WindowManager(  163): force=false top=Window{4518afd0 org.mozilla.fennec_avik/org.mozilla.fennec_avik.App paused=false}
V/WindowManager(  163): finishLayoutLw::mHideKeyguard=false
I/WindowManager(  163): force=false top=Window{4518afd0 org.mozilla.fennec_avik/org.mozilla.fennec_avik.App paused=false}
V/WindowManager(  163): finishLayoutLw::mHideKeyguard=false
I/WindowManager(  163): force=false top=Window{4518afd0 org.mozilla.fennec_avik/org.mozilla.fennec_avik.App paused=false}
V/WindowManager(  163): finishLayoutLw::mHideKeyguard=false
I/WindowManager(  163): force=false top=Window{4518afd0 org.mozilla.fennec_avik/org.mozilla.fennec_avik.App paused=false}
V/WindowManager(  163): finishLayoutLw::mHideKeyguard=false
I/WindowManager(  163): force=false top=Window{4518afd0 org.mozilla.fennec_avik/org.mozilla.fennec_avik.App paused=false}
V/WindowManager(  163): finishLayoutLw::mHideKeyguard=false
I/WindowManager(  163): force=false top=Window{4518afd0 org.mozilla.fennec_avik/org.mozilla.fennec_avik.App paused=false}
V/WindowManager(  163): finishLayoutLw::mHideKeyguard=false
I/WindowManager(  163): force=false top=Window{4518afd0 org.mozilla.fennec_avik/org.mozilla.fennec_avik.App paused=false}
V/WindowManager(  163): finishLayoutLw::mHideKeyguard=false
I/WindowManager(  163): force=false top=Window{4518afd0 org.mozilla.fennec_avik/org.mozilla.fennec_avik.App paused=false}
V/WindowManager(  163): finishLayoutLw::mHideKeyguard=false
I/WindowManager(  163): force=false top=Window{4518afd0 org.mozilla.fennec_avik/org.mozilla.fennec_avik.App paused=false}
V/WindowManager(  163): finishLayoutLw::mHideKeyguard=false
I/WindowManager(  163): force=false top=Window{4518afd0 org.mozilla.fennec_avik/org.mozilla.fennec_avik.App paused=false}
V/WindowManager(  163): finishLayoutLw::mHideKeyguard=false
I/WindowManager(  163): force=false top=Window{4518afd0 org.mozilla.fennec_avik/org.mozilla.fennec_avik.App paused=false}
V/WindowManager(  163): finishLayoutLw::mHideKeyguard=false
I/WindowManager(  163): force=false top=Window{4518afd0 org.mozilla.fennec_avik/org.mozilla.fennec_avik.App paused=false}
V/WindowManager(  163): finishLayoutLw::mHideKeyguard=false
I/WindowManager(  163): force=false top=Window{4518afd0 org.mozilla.fennec_avik/org.mozilla.fennec_avik.App paused=false}
V/WindowManager(  163): finishLayoutLw::mHideKeyguard=false
I/WindowManager(  163): force=false top=Window{4518afd0 org.mozilla.fennec_avik/org.mozilla.fennec_avik.App paused=false}
V/WindowManager(  163): finishLayoutLw::mHideKeyguard=false
V/AudioFlinger(   91): getNextBuffer() no more data for track 4097 on thread 0xbab0
V/AudioFlinger(   91): stop(4097), calling thread 163
V/AudioFlinger(   91): (> STOPPED) => STOPPED (4097) on thread 0xbab0
V/AudioPolicyManager(   91): stopOutput() output 1, stream 1
E/AudioPolicyManagerBase(   91): unknown stream type
E/AudioPolicyManagerBase(   91): unknown stream type
E/AudioPolicyManagerBase(   91): unknown stream type
E/AudioPolicyManagerBase(   91): unknown stream type
V/AudioPolicyManager(   91): getNewDevice() selected device 0
V/AudioPolicyManager(   91): setOutputDevice() output 1 device 0 force 0 delayMs 150
V/AudioPolicyManager(   91): setOutputDevice() setting same device 0 or null device for output 1
I/WindowManager(  163): force=false top=Window{4518afd0 org.mozilla.fennec_avik/org.mozilla.fennec_avik.App paused=false}
V/WindowManager(  163): finishLayoutLw::mHideKeyguard=false
V/AudioFlinger(   91): TrackBase::reset
I/KeyInputQueue(  163): Enqueueing touch event
I/WindowManager(  163): Delivering pointer toWindow{453fcb40 AtchDlg:org.mozilla.fennec_avik/org.mozilla.fennec_avik.App paused=false}
I/KeyInputQueue(  163): Enqueueing touch event
I/WindowManager(  163): Delivering pointer toWindow{453fcb40 AtchDlg:org.mozilla.fennec_avik/org.mozilla.fennec_avik.App paused=false}
V/AudioFlinger(   91): Track constructor name 4098, calling thread 163
V/AudioFlinger(   91): start(4098), calling thread 163
V/AudioFlinger(   91): ? => ACTIVE (4098) on thread 0x18a78
V/AudioPolicyManager(   91): startOutput() output 1, stream 1
E/AudioPolicyManagerBase(   91): unknown stream type
E/AudioPolicyManagerBase(   91): unknown stream type
E/AudioPolicyManagerBase(   91): unknown stream type
V/AudioPolicyManager(   91): getDeviceForStrategy() from cache strategy 0, device 2
V/AudioPolicyManager(   91): getNewDevice() selected device 2
V/AudioPolicyManager(   91): setOutputDevice() output 1 device 2 force 0 delayMs 0
V/AudioPolicyManager(   91): setOutputDevice() setting same device 2 or null device for output 1
V/AudioFlinger(   91): mWaitWorkCV.broadcast
V/AudioPolicyManager(   91): releaseOutput() 1
V/AudioFlinger(   91): remove track (4097) and delete from mixer
V/AudioFlinger(   91): PlaybackThread::Track destructor
I/GeckoToolbar(  509): zerdatime 37580594 - Throbber start
I/WindowManager(  163): force=false top=Window{4518afd0 org.mozilla.fennec_avik/org.mozilla.fennec_avik.App paused=false}
V/WindowManager(  163): finishLayoutLw::mHideKeyguard=false
I/WindowManager(  163): force=false top=Window{4518afd0 org.mozilla.fennec_avik/org.mozilla.fennec_avik.App paused=false}
V/WindowManager(  163): finishLayoutLw::mHideKeyguard=false
I/WindowManager(  163): force=false top=Window{4518afd0 org.mozilla.fennec_avik/org.mozilla.fennec_avik.App paused=false}
V/WindowManager(  163): finishLayoutLw::mHideKeyguard=false
I/WindowManager(  163): force=false top=Window{4518afd0 org.mozilla.fennec_avik/org.mozilla.fennec_avik.App paused=false}
V/WindowManager(  163): finishLayoutLw::mHideKeyguard=false
W/InputManagerService(  163): Window already focused, ignoring focus gain of: com.android.internal.view.IInputMethodClient$Stub$Proxy@453ea698
I/WindowManager(  163): force=false top=Window{4518afd0 org.mozilla.fennec_avik/org.mozilla.fennec_avik.App paused=false}
V/WindowManager(  163): finishLayoutLw::mHideKeyguard=false
I/WindowManager(  163): force=false top=Window{4518afd0 org.mozilla.fennec_avik/org.mozilla.fennec_avik.App paused=false}
V/WindowManager(  163): finishLayoutLw::mHideKeyguard=false
I/WindowManager(  163): force=false top=Window{4518afd0 org.mozilla.fennec_avik/org.mozilla.fennec_avik.App paused=false}
V/WindowManager(  163): finishLayoutLw::mHideKeyguard=false
